../Middlewares/Third_Party/SubGHz_Phy/stm32_radio_driver/radio_driver.c:184:6:SUBGRF_Init	24	static
../Middlewares/Third_Party/SubGHz_Phy/stm32_radio_driver/radio_driver.c:226:23:SUBGRF_GetOperatingMode	4	static
../Middlewares/Third_Party/SubGHz_Phy/stm32_radio_driver/radio_driver.c:231:6:SUBGRF_SetPayload	16	static
../Middlewares/Third_Party/SubGHz_Phy/stm32_radio_driver/radio_driver.c:236:9:SUBGRF_GetPayload	32	static
../Middlewares/Third_Party/SubGHz_Phy/stm32_radio_driver/radio_driver.c:250:6:SUBGRF_SendPayload	24	static
../Middlewares/Third_Party/SubGHz_Phy/stm32_radio_driver/radio_driver.c:256:9:SUBGRF_SetSyncWord	16	static
../Middlewares/Third_Party/SubGHz_Phy/stm32_radio_driver/radio_driver.c:262:6:SUBGRF_SetCrcSeed	24	static
../Middlewares/Third_Party/SubGHz_Phy/stm32_radio_driver/radio_driver.c:280:6:SUBGRF_SetCrcPolynomial	24	static
../Middlewares/Third_Party/SubGHz_Phy/stm32_radio_driver/radio_driver.c:298:6:SUBGRF_SetWhiteningSeed	24	static
../Middlewares/Third_Party/SubGHz_Phy/stm32_radio_driver/radio_driver.c:316:10:SUBGRF_GetRandom	16	static
../Middlewares/Third_Party/SubGHz_Phy/stm32_radio_driver/radio_driver.c:341:6:SUBGRF_SetSleep	24	static
../Middlewares/Third_Party/SubGHz_Phy/stm32_radio_driver/radio_driver.c:355:6:SUBGRF_SetStandby	16	static
../Middlewares/Third_Party/SubGHz_Phy/stm32_radio_driver/radio_driver.c:368:6:SUBGRF_SetFs	8	static
../Middlewares/Third_Party/SubGHz_Phy/stm32_radio_driver/radio_driver.c:374:6:SUBGRF_SetTx	24	static
../Middlewares/Third_Party/SubGHz_Phy/stm32_radio_driver/radio_driver.c:386:6:SUBGRF_SetRx	24	static
../Middlewares/Third_Party/SubGHz_Phy/stm32_radio_driver/radio_driver.c:398:6:SUBGRF_SetRxBoosted	24	static
../Middlewares/Third_Party/SubGHz_Phy/stm32_radio_driver/radio_driver.c:412:6:SUBGRF_SetRxDutyCycle	24	static
../Middlewares/Third_Party/SubGHz_Phy/stm32_radio_driver/radio_driver.c:426:6:SUBGRF_SetCad	8	static
../Middlewares/Third_Party/SubGHz_Phy/stm32_radio_driver/radio_driver.c:432:6:SUBGRF_SetTxContinuousWave	8	static
../Middlewares/Third_Party/SubGHz_Phy/stm32_radio_driver/radio_driver.c:437:6:SUBGRF_SetTxInfinitePreamble	8	static
../Middlewares/Third_Party/SubGHz_Phy/stm32_radio_driver/radio_driver.c:442:6:SUBGRF_SetStopRxTimerOnPreambleDetect	16	static
../Middlewares/Third_Party/SubGHz_Phy/stm32_radio_driver/radio_driver.c:447:6:SUBGRF_SetLoRaSymbNumTimeout	24	static
../Middlewares/Third_Party/SubGHz_Phy/stm32_radio_driver/radio_driver.c:468:6:SUBGRF_SetRegulatorMode	16	static
../Middlewares/Third_Party/SubGHz_Phy/stm32_radio_driver/radio_driver.c:483:6:SUBGRF_Calibrate	24	static
../Middlewares/Third_Party/SubGHz_Phy/stm32_radio_driver/radio_driver.c:496:6:SUBGRF_CalibrateImage	24	static
../Middlewares/Third_Party/SubGHz_Phy/stm32_radio_driver/radio_driver.c:534:6:SUBGRF_SetPaConfig	32	static
../Middlewares/Third_Party/SubGHz_Phy/stm32_radio_driver/radio_driver.c:545:6:SUBGRF_SetRxTxFallbackMode	16	static
../Middlewares/Third_Party/SubGHz_Phy/stm32_radio_driver/radio_driver.c:550:6:SUBGRF_SetDioIrqParams	32	static
../Middlewares/Third_Party/SubGHz_Phy/stm32_radio_driver/radio_driver.c:565:10:SUBGRF_GetIrqStatus	16	static
../Middlewares/Third_Party/SubGHz_Phy/stm32_radio_driver/radio_driver.c:573:6:SUBGRF_SetTcxoMode	24	static
../Middlewares/Third_Party/SubGHz_Phy/stm32_radio_driver/radio_driver.c:585:6:SUBGRF_SetRfFrequency	40	static
../Middlewares/Third_Party/SubGHz_Phy/stm32_radio_driver/radio_driver.c:603:6:SUBGRF_SetPacketType	16	static
../Middlewares/Third_Party/SubGHz_Phy/stm32_radio_driver/radio_driver.c:615:20:SUBGRF_GetPacketType	4	static
../Middlewares/Third_Party/SubGHz_Phy/stm32_radio_driver/radio_driver.c:620:6:SUBGRF_SetTxParams	24	static
../Middlewares/Third_Party/SubGHz_Phy/stm32_radio_driver/radio_driver.c:694:6:SUBGRF_SetModulationParams	48	static
../Middlewares/Third_Party/SubGHz_Phy/stm32_radio_driver/radio_driver.c:758:6:SUBGRF_SetPacketParams	32	static
../Middlewares/Third_Party/SubGHz_Phy/stm32_radio_driver/radio_driver.c:822:6:SUBGRF_SetCadParams	32	static
../Middlewares/Third_Party/SubGHz_Phy/stm32_radio_driver/radio_driver.c:837:6:SUBGRF_SetBufferBaseAddress	24	static
../Middlewares/Third_Party/SubGHz_Phy/stm32_radio_driver/radio_driver.c:846:18:SUBGRF_GetStatus	16	static
../Middlewares/Third_Party/SubGHz_Phy/stm32_radio_driver/radio_driver.c:857:8:SUBGRF_GetRssiInst	16	static
../Middlewares/Third_Party/SubGHz_Phy/stm32_radio_driver/radio_driver.c:867:6:SUBGRF_GetRxBufferStatus	24	static
../Middlewares/Third_Party/SubGHz_Phy/stm32_radio_driver/radio_driver.c:886:6:SUBGRF_GetPacketStatus	24	static
../Middlewares/Third_Party/SubGHz_Phy/stm32_radio_driver/radio_driver.c:920:14:SUBGRF_GetDeviceErrors	16	static
../Middlewares/Third_Party/SubGHz_Phy/stm32_radio_driver/radio_driver.c:937:6:SUBGRF_ClearDeviceErrors	16	static
../Middlewares/Third_Party/SubGHz_Phy/stm32_radio_driver/radio_driver.c:943:6:SUBGRF_ClearIrqStatus	24	static
../Middlewares/Third_Party/SubGHz_Phy/stm32_radio_driver/radio_driver.c:952:6:SUBGRF_WriteRegister	16	static
../Middlewares/Third_Party/SubGHz_Phy/stm32_radio_driver/radio_driver.c:957:9:SUBGRF_ReadRegister	24	static
../Middlewares/Third_Party/SubGHz_Phy/stm32_radio_driver/radio_driver.c:964:6:SUBGRF_WriteRegisters	32	static,ignoring_inline_asm
../Middlewares/Third_Party/SubGHz_Phy/stm32_radio_driver/radio_driver.c:971:6:SUBGRF_ReadRegisters	32	static,ignoring_inline_asm
../Middlewares/Third_Party/SubGHz_Phy/stm32_radio_driver/radio_driver.c:978:6:SUBGRF_WriteBuffer	32	static,ignoring_inline_asm
../Middlewares/Third_Party/SubGHz_Phy/stm32_radio_driver/radio_driver.c:985:6:SUBGRF_ReadBuffer	32	static,ignoring_inline_asm
../Middlewares/Third_Party/SubGHz_Phy/stm32_radio_driver/radio_driver.c:992:6:SUBGRF_WriteCommand	32	static,ignoring_inline_asm
../Middlewares/Third_Party/SubGHz_Phy/stm32_radio_driver/radio_driver.c:1000:6:SUBGRF_ReadCommand	32	static,ignoring_inline_asm
../Middlewares/Third_Party/SubGHz_Phy/stm32_radio_driver/radio_driver.c:1008:6:SUBGRF_SetSwitch	24	static
../Middlewares/Third_Party/SubGHz_Phy/stm32_radio_driver/radio_driver.c:1034:9:SUBGRF_SetRfTxPower	24	static
../Middlewares/Third_Party/SubGHz_Phy/stm32_radio_driver/radio_driver.c:1073:10:SUBGRF_GetRadioWakeUpTime	4	static
../Middlewares/Third_Party/SubGHz_Phy/stm32_radio_driver/radio_driver.c:1079:6:HAL_SUBGHZ_TxCpltCallback	16	static
../Middlewares/Third_Party/SubGHz_Phy/stm32_radio_driver/radio_driver.c:1084:6:HAL_SUBGHZ_RxCpltCallback	16	static
../Middlewares/Third_Party/SubGHz_Phy/stm32_radio_driver/radio_driver.c:1089:6:HAL_SUBGHZ_CRCErrorCallback	16	static
../Middlewares/Third_Party/SubGHz_Phy/stm32_radio_driver/radio_driver.c:1094:6:HAL_SUBGHZ_CADStatusCallback	16	static
../Middlewares/Third_Party/SubGHz_Phy/stm32_radio_driver/radio_driver.c:1109:6:HAL_SUBGHZ_RxTxTimeoutCallback	16	static
../Middlewares/Third_Party/SubGHz_Phy/stm32_radio_driver/radio_driver.c:1114:6:HAL_SUBGHZ_HeaderErrorCallback	16	static
../Middlewares/Third_Party/SubGHz_Phy/stm32_radio_driver/radio_driver.c:1119:6:HAL_SUBGHZ_PreambleDetectedCallback	16	static
../Middlewares/Third_Party/SubGHz_Phy/stm32_radio_driver/radio_driver.c:1124:6:HAL_SUBGHZ_SyncWordValidCallback	16	static
../Middlewares/Third_Party/SubGHz_Phy/stm32_radio_driver/radio_driver.c:1129:6:HAL_SUBGHZ_HeaderValidCallback	16	static
../Middlewares/Third_Party/SubGHz_Phy/stm32_radio_driver/radio_driver.c:1134:6:HAL_SUBGHZ_LrFhssHopCallback	16	static
../Middlewares/Third_Party/SubGHz_Phy/stm32_radio_driver/radio_driver.c:1139:13:Radio_SMPS_Set	24	static
../Middlewares/Third_Party/SubGHz_Phy/stm32_radio_driver/radio_driver.c:1150:9:SUBGRF_GetFskBandwidthRegValue	24	static
../Middlewares/Third_Party/SubGHz_Phy/stm32_radio_driver/radio_driver.c:1169:6:SUBGRF_GetCFO	48	static
