../Middlewares/Third_Party/SubGHz_Phy/stm32_radio_driver/radio.c:704:13:RadioInit	24	static
../Middlewares/Third_Party/SubGHz_Phy/stm32_radio_driver/radio.c:737:21:RadioGetStatus	8	static
../Middlewares/Third_Party/SubGHz_Phy/stm32_radio_driver/radio.c:752:13:RadioSetModem	16	static
../Middlewares/Third_Party/SubGHz_Phy/stm32_radio_driver/radio.c:803:13:RadioSetChannel	16	static
../Middlewares/Third_Party/SubGHz_Phy/stm32_radio_driver/radio.c:808:13:RadioIsChannelFree	72	static
../Middlewares/Third_Party/SubGHz_Phy/stm32_radio_driver/radio.c:845:17:RadioRandom	16	static
../Middlewares/Third_Party/SubGHz_Phy/stm32_radio_driver/radio.c:860:13:RadioSetRxConfig	48	static
../Middlewares/Third_Party/SubGHz_Phy/stm32_radio_driver/radio.c:1049:13:RadioSetTxConfig	32	static
../Middlewares/Third_Party/SubGHz_Phy/stm32_radio_driver/radio.c:1159:13:RadioCheckRfFrequency	16	static
../Middlewares/Third_Party/SubGHz_Phy/stm32_radio_driver/radio.c:1164:17:RadioGetLoRaBandwidthInHz	24	static
../Middlewares/Third_Party/SubGHz_Phy/stm32_radio_driver/radio.c:1205:17:RadioGetGfskTimeOnAirNumerator	16	static
../Middlewares/Third_Party/SubGHz_Phy/stm32_radio_driver/radio.c:1214:17:RadioGetLoRaTimeOnAirNumerator	48	static
../Middlewares/Third_Party/SubGHz_Phy/stm32_radio_driver/radio.c:1278:17:RadioTimeOnAir	48	static
../Middlewares/Third_Party/SubGHz_Phy/stm32_radio_driver/radio.c:1311:23:RadioSend	24	static
../Middlewares/Third_Party/SubGHz_Phy/stm32_radio_driver/radio.c:1444:13:RadioSleep	16	static
../Middlewares/Third_Party/SubGHz_Phy/stm32_radio_driver/radio.c:1454:13:RadioStandby	8	static
../Middlewares/Third_Party/SubGHz_Phy/stm32_radio_driver/radio.c:1459:13:RadioRx	16	static
../Middlewares/Third_Party/SubGHz_Phy/stm32_radio_driver/radio.c:1501:13:RadioRxBoosted	16	static
../Middlewares/Third_Party/SubGHz_Phy/stm32_radio_driver/radio.c:1542:13:RadioSetRxDutyCycle	16	static
../Middlewares/Third_Party/SubGHz_Phy/stm32_radio_driver/radio.c:1554:13:RadioStartCad	8	static
../Middlewares/Third_Party/SubGHz_Phy/stm32_radio_driver/radio.c:1566:13:RadioSetTxContinuousWave	24	static
../Middlewares/Third_Party/SubGHz_Phy/stm32_radio_driver/radio.c:1593:16:RadioRssi	16	static
../Middlewares/Third_Party/SubGHz_Phy/stm32_radio_driver/radio.c:1598:13:RadioWrite	16	static
../Middlewares/Third_Party/SubGHz_Phy/stm32_radio_driver/radio.c:1603:16:RadioRead	16	static
../Middlewares/Third_Party/SubGHz_Phy/stm32_radio_driver/radio.c:1608:13:RadioWriteRegisters	16	static
../Middlewares/Third_Party/SubGHz_Phy/stm32_radio_driver/radio.c:1613:13:RadioReadRegisters	16	static
../Middlewares/Third_Party/SubGHz_Phy/stm32_radio_driver/radio.c:1618:13:RadioSetMaxPayloadLength	16	static
../Middlewares/Third_Party/SubGHz_Phy/stm32_radio_driver/radio.c:1635:13:RadioSetPublicNetwork	16	static
../Middlewares/Third_Party/SubGHz_Phy/stm32_radio_driver/radio.c:1654:17:RadioGetWakeupTime	8	static
../Middlewares/Third_Party/SubGHz_Phy/stm32_radio_driver/radio.c:1659:13:RadioOnTxTimeoutIrq	16	static
../Middlewares/Third_Party/SubGHz_Phy/stm32_radio_driver/radio.c:1664:13:RadioOnRxTimeoutIrq	16	static
../Middlewares/Third_Party/SubGHz_Phy/stm32_radio_driver/radio.c:1669:13:RadioOnTxTimeoutProcess	8	static
../Middlewares/Third_Party/SubGHz_Phy/stm32_radio_driver/radio.c:1679:13:RadioOnRxTimeoutProcess	8	static
../Middlewares/Third_Party/SubGHz_Phy/stm32_radio_driver/radio.c:1689:13:RadioOnDioIrq	16	static
../Middlewares/Third_Party/SubGHz_Phy/stm32_radio_driver/radio.c:1696:13:RadioIrqProcess	24	static
../Middlewares/Third_Party/SubGHz_Phy/stm32_radio_driver/radio.c:1876:13:RadioTxPrbs	8	static
../Middlewares/Third_Party/SubGHz_Phy/stm32_radio_driver/radio.c:1884:13:RadioTxCw	24	static
../Middlewares/Third_Party/SubGHz_Phy/stm32_radio_driver/radio.c:1894:13:payload_integration	40	static
../Middlewares/Third_Party/SubGHz_Phy/stm32_radio_driver/radio.c:1932:16:RadioSetRxGenericConfig	56	static
../Middlewares/Third_Party/SubGHz_Phy/stm32_radio_driver/radio.c:2110:16:RadioSetTxGenericConfig	64	static
../Middlewares/Third_Party/SubGHz_Phy/stm32_radio_driver/radio.c:2348:23:RadioLrFhssSetCfg	24	static
../Middlewares/Third_Party/SubGHz_Phy/stm32_radio_driver/radio.c:2379:23:RadioLrFhssGetTimeOnAirInMs	16	static
