../Drivers/STM32WLxx_HAL_Driver/Inc/stm32wlxx_ll_rtc.h:1526:26:LL_RTC_TIME_GetSubSecond	16	static
../Core/Src/timer_if.c:181:21:TIMER_IF_Init	16	static
../Core/Src/timer_if.c:218:21:TIMER_IF_StartTimer	64	static
../Core/Src/timer_if.c:246:21:TIMER_IF_StopTimer	16	static
../Core/Src/timer_if.c:264:10:TIMER_IF_SetTimerContext	8	static
../Core/Src/timer_if.c:278:10:TIMER_IF_GetTimerContext	4	static
../Core/Src/timer_if.c:289:10:TIMER_IF_GetTimerElapsedTime	16	static
../Core/Src/timer_if.c:302:10:TIMER_IF_GetTimerValue	16	static
../Core/Src/timer_if.c:318:10:TIMER_IF_GetMinimumTimeout	16	static
../Core/Src/timer_if.c:331:10:TIMER_IF_Convert_ms2Tick	32	static
../Core/Src/timer_if.c:344:10:TIMER_IF_Convert_Tick2ms	48	static
../Core/Src/timer_if.c:357:6:TIMER_IF_DelayMs	24	static,ignoring_inline_asm
../Core/Src/timer_if.c:375:6:HAL_RTC_AlarmAEventCallback	16	static
../Core/Src/timer_if.c:386:6:HAL_RTCEx_SSRUEventCallback	24	static
../Core/Src/timer_if.c:401:10:TIMER_IF_GetTime	80	static
../Core/Src/timer_if.c:425:6:TIMER_IF_BkUp_Write_Seconds	16	static
../Core/Src/timer_if.c:436:6:TIMER_IF_BkUp_Write_SubSeconds	16	static
../Core/Src/timer_if.c:447:10:TIMER_IF_BkUp_Read_Seconds	16	static
../Core/Src/timer_if.c:460:10:TIMER_IF_BkUp_Read_SubSeconds	16	static
../Core/Src/timer_if.c:478:13:TIMER_IF_BkUp_Write_MSBticks	16	static
../Core/Src/timer_if.c:489:17:TIMER_IF_BkUp_Read_MSBticks	16	static
../Core/Src/timer_if.c:502:24:GetTimerTicks	16	static
