Archive member included to satisfy reference by file (symbol)

c:/st/stm32cubeide_1.9.0/stm32cubeide/plugins/com.st.stm32cube.ide.mcu.externaltools.gnu-tools-for-stm32.10.3-2021.10.win32_1.0.0.202111181127/tools/bin/../lib/gcc/arm-none-eabi/10.3.1/../../../../arm-none-eabi/lib/thumb/v7e-m/nofp\libc_nano.a(lib_a-errno.o)
                              ./Core/Src/syscalls.o (__errno)
c:/st/stm32cubeide_1.9.0/stm32cubeide/plugins/com.st.stm32cube.ide.mcu.externaltools.gnu-tools-for-stm32.10.3-2021.10.win32_1.0.0.202111181127/tools/bin/../lib/gcc/arm-none-eabi/10.3.1/../../../../arm-none-eabi/lib/thumb/v7e-m/nofp\libc_nano.a(lib_a-exit.o)
                              c:/st/stm32cubeide_1.9.0/stm32cubeide/plugins/com.st.stm32cube.ide.mcu.externaltools.gnu-tools-for-stm32.10.3-2021.10.win32_1.0.0.202111181127/tools/bin/../lib/gcc/arm-none-eabi/10.3.1/../../../../arm-none-eabi/lib/thumb/v7e-m/nofp/crt0.o (exit)
c:/st/stm32cubeide_1.9.0/stm32cubeide/plugins/com.st.stm32cube.ide.mcu.externaltools.gnu-tools-for-stm32.10.3-2021.10.win32_1.0.0.202111181127/tools/bin/../lib/gcc/arm-none-eabi/10.3.1/../../../../arm-none-eabi/lib/thumb/v7e-m/nofp\libc_nano.a(lib_a-impure.o)
                              c:/st/stm32cubeide_1.9.0/stm32cubeide/plugins/com.st.stm32cube.ide.mcu.externaltools.gnu-tools-for-stm32.10.3-2021.10.win32_1.0.0.202111181127/tools/bin/../lib/gcc/arm-none-eabi/10.3.1/../../../../arm-none-eabi/lib/thumb/v7e-m/nofp\libc_nano.a(lib_a-exit.o) (_global_impure_ptr)
c:/st/stm32cubeide_1.9.0/stm32cubeide/plugins/com.st.stm32cube.ide.mcu.externaltools.gnu-tools-for-stm32.10.3-2021.10.win32_1.0.0.202111181127/tools/bin/../lib/gcc/arm-none-eabi/10.3.1/../../../../arm-none-eabi/lib/thumb/v7e-m/nofp\libc_nano.a(lib_a-init.o)
                              c:/st/stm32cubeide_1.9.0/stm32cubeide/plugins/com.st.stm32cube.ide.mcu.externaltools.gnu-tools-for-stm32.10.3-2021.10.win32_1.0.0.202111181127/tools/bin/../lib/gcc/arm-none-eabi/10.3.1/../../../../arm-none-eabi/lib/thumb/v7e-m/nofp/crt0.o (__libc_init_array)
c:/st/stm32cubeide_1.9.0/stm32cubeide/plugins/com.st.stm32cube.ide.mcu.externaltools.gnu-tools-for-stm32.10.3-2021.10.win32_1.0.0.202111181127/tools/bin/../lib/gcc/arm-none-eabi/10.3.1/../../../../arm-none-eabi/lib/thumb/v7e-m/nofp\libc_nano.a(lib_a-memset.o)
                              c:/st/stm32cubeide_1.9.0/stm32cubeide/plugins/com.st.stm32cube.ide.mcu.externaltools.gnu-tools-for-stm32.10.3-2021.10.win32_1.0.0.202111181127/tools/bin/../lib/gcc/arm-none-eabi/10.3.1/../../../../arm-none-eabi/lib/thumb/v7e-m/nofp/crt0.o (memset)
c:/st/stm32cubeide_1.9.0/stm32cubeide/plugins/com.st.stm32cube.ide.mcu.externaltools.gnu-tools-for-stm32.10.3-2021.10.win32_1.0.0.202111181127/tools/bin/../lib/gcc/arm-none-eabi/10.3.1/../../../../arm-none-eabi/lib/thumb/v7e-m/nofp\libc_nano.a(lib_a-strlen.o)
                              ./Core/Src/sys_app.o (strlen)
c:/st/stm32cubeide_1.9.0/stm32cubeide/plugins/com.st.stm32cube.ide.mcu.externaltools.gnu-tools-for-stm32.10.3-2021.10.win32_1.0.0.202111181127/tools/bin/../lib/gcc/arm-none-eabi/10.3.1/thumb/v7e-m/nofp\libgcc.a(_aeabi_uldivmod.o)
                              ./Core/Src/timer_if.o (__aeabi_uldivmod)
c:/st/stm32cubeide_1.9.0/stm32cubeide/plugins/com.st.stm32cube.ide.mcu.externaltools.gnu-tools-for-stm32.10.3-2021.10.win32_1.0.0.202111181127/tools/bin/../lib/gcc/arm-none-eabi/10.3.1/thumb/v7e-m/nofp\libgcc.a(_udivmoddi4.o)
                              c:/st/stm32cubeide_1.9.0/stm32cubeide/plugins/com.st.stm32cube.ide.mcu.externaltools.gnu-tools-for-stm32.10.3-2021.10.win32_1.0.0.202111181127/tools/bin/../lib/gcc/arm-none-eabi/10.3.1/thumb/v7e-m/nofp\libgcc.a(_aeabi_uldivmod.o) (__udivmoddi4)
c:/st/stm32cubeide_1.9.0/stm32cubeide/plugins/com.st.stm32cube.ide.mcu.externaltools.gnu-tools-for-stm32.10.3-2021.10.win32_1.0.0.202111181127/tools/bin/../lib/gcc/arm-none-eabi/10.3.1/thumb/v7e-m/nofp\libgcc.a(_dvmd_tls.o)
                              c:/st/stm32cubeide_1.9.0/stm32cubeide/plugins/com.st.stm32cube.ide.mcu.externaltools.gnu-tools-for-stm32.10.3-2021.10.win32_1.0.0.202111181127/tools/bin/../lib/gcc/arm-none-eabi/10.3.1/thumb/v7e-m/nofp\libgcc.a(_aeabi_uldivmod.o) (__aeabi_ldiv0)

Discarded input sections

 .text          0x0000000000000000        0x0 c:/st/stm32cubeide_1.9.0/stm32cubeide/plugins/com.st.stm32cube.ide.mcu.externaltools.gnu-tools-for-stm32.10.3-2021.10.win32_1.0.0.202111181127/tools/bin/../lib/gcc/arm-none-eabi/10.3.1/thumb/v7e-m/nofp/crti.o
 .data          0x0000000000000000        0x0 c:/st/stm32cubeide_1.9.0/stm32cubeide/plugins/com.st.stm32cube.ide.mcu.externaltools.gnu-tools-for-stm32.10.3-2021.10.win32_1.0.0.202111181127/tools/bin/../lib/gcc/arm-none-eabi/10.3.1/thumb/v7e-m/nofp/crti.o
 .bss           0x0000000000000000        0x0 c:/st/stm32cubeide_1.9.0/stm32cubeide/plugins/com.st.stm32cube.ide.mcu.externaltools.gnu-tools-for-stm32.10.3-2021.10.win32_1.0.0.202111181127/tools/bin/../lib/gcc/arm-none-eabi/10.3.1/thumb/v7e-m/nofp/crti.o
[...]
Memory Configuration

Name             Origin             Length             Attributes
RAM              0x0000000020000000 0x0000000000010000 xrw
RAM2             0x0000000010000000 0x0000000000008000 xrw
FLASH            0x0000000008000000 0x0000000000040000 xr
*default*        0x0000000000000000 0xffffffffffffffff

Linker script and memory map

LOAD c:/st/stm32cubeide_1.9.0/stm32cubeide/plugins/com.st.stm32cube.ide.mcu.externaltools.gnu-tools-for-stm32.10.3-2021.10.win32_1.0.0.202111181127/tools/bin/../lib/gcc/arm-none-eabi/10.3.1/thumb/v7e-m/nofp/crti.o
LOAD c:/st/stm32cubeide_1.9.0/stm32cubeide/plugins/com.st.stm32cube.ide.mcu.externaltools.gnu-tools-for-stm32.10.3-2021.10.win32_1.0.0.202111181127/tools/bin/../lib/gcc/arm-none-eabi/10.3.1/thumb/v7e-m/nofp/crtbegin.o
LOAD c:/st/stm32cubeide_1.9.0/stm32cubeide/plugins/com.st.stm32cube.ide.mcu.externaltools.gnu-tools-for-stm32.10.3-2021.10.win32_1.0.0.202111181127/tools/bin/../lib/gcc/arm-none-eabi/10.3.1/../../../../arm-none-eabi/lib/thumb/v7e-m/nofp/crt0.o
LOAD ./Core/Src/adc.o
LOAD ./Core/Src/dma.o
LOAD ./Core/Src/gpio.o
LOAD ./Core/Src/main.o
LOAD ./Core/Src/rtc.o
LOAD ./Core/Src/stm32_lpm_if.o
LOAD ./Core/Src/stm32wlxx_hal_msp.o
LOAD ./Core/Src/stm32wlxx_it.o
LOAD ./Core/Src/subghz.o
LOAD ./Core/Src/sys_app.o
LOAD ./Core/Src/sys_debug.o
LOAD ./Core/Src/syscalls.o
LOAD ./Core/Src/sysmem.o
LOAD ./Core/Src/system_stm32wlxx.o
LOAD ./Core/Src/timer_if.o
LOAD ./Core/Src/usart.o
LOAD ./Core/Src/usart_if.o
LOAD ./Core/Startup/startup_stm32wle5jcix.o
LOAD ./Drivers/BSP/STM32WLxx_Nucleo/stm32wlxx_nucleo_radio.o
LOAD ./Drivers/STM32WLxx_HAL_Driver/Src/stm32wlxx_hal.o
LOAD ./Drivers/STM32WLxx_HAL_Driver/Src/stm32wlxx_hal_adc.o
LOAD ./Drivers/STM32WLxx_HAL_Driver/Src/stm32wlxx_hal_adc_ex.o
LOAD ./Drivers/STM32WLxx_HAL_Driver/Src/stm32wlxx_hal_cortex.o
LOAD ./Drivers/STM32WLxx_HAL_Driver/Src/stm32wlxx_hal_dma.o
LOAD ./Drivers/STM32WLxx_HAL_Driver/Src/stm32wlxx_hal_dma_ex.o
LOAD ./Drivers/STM32WLxx_HAL_Driver/Src/stm32wlxx_hal_exti.o
LOAD ./Drivers/STM32WLxx_HAL_Driver/Src/stm32wlxx_hal_flash.o
LOAD ./Drivers/STM32WLxx_HAL_Driver/Src/stm32wlxx_hal_flash_ex.o
LOAD ./Drivers/STM32WLxx_HAL_Driver/Src/stm32wlxx_hal_gpio.o
LOAD ./Drivers/STM32WLxx_HAL_Driver/Src/stm32wlxx_hal_pwr.o
LOAD ./Drivers/STM32WLxx_HAL_Driver/Src/stm32wlxx_hal_pwr_ex.o
LOAD ./Drivers/STM32WLxx_HAL_Driver/Src/stm32wlxx_hal_rcc.o
LOAD ./Drivers/STM32WLxx_HAL_Driver/Src/stm32wlxx_hal_rcc_ex.o
LOAD ./Drivers/STM32WLxx_HAL_Driver/Src/stm32wlxx_hal_rtc.o
LOAD ./Drivers/STM32WLxx_HAL_Driver/Src/stm32wlxx_hal_rtc_ex.o
LOAD ./Drivers/STM32WLxx_HAL_Driver/Src/stm32wlxx_hal_subghz.o
LOAD ./Drivers/STM32WLxx_HAL_Driver/Src/stm32wlxx_hal_tim.o
LOAD ./Drivers/STM32WLxx_HAL_Driver/Src/stm32wlxx_hal_tim_ex.o
LOAD ./Drivers/STM32WLxx_HAL_Driver/Src/stm32wlxx_hal_uart.o
LOAD ./Drivers/STM32WLxx_HAL_Driver/Src/stm32wlxx_hal_uart_ex.o
LOAD ./Drivers/STM32WLxx_HAL_Driver/Src/stm32wlxx_ll_adc.o
LOAD ./Middlewares/Third_Party/SubGHz_Phy/stm32_radio_driver/radio.o
LOAD ./Middlewares/Third_Party/SubGHz_Phy/stm32_radio_driver/radio_driver.o
LOAD ./Middlewares/Third_Party/SubGHz_Phy/stm32_radio_driver/radio_fw.o
LOAD ./SubGHz_Phy/App/app_subghz_phy.o
LOAD ./SubGHz_Phy/App/subghz_phy_app.o
LOAD ./SubGHz_Phy/Target/radio_board_if.o
LOAD ./Utilities/lpm/tiny_lpm/stm32_lpm.o
LOAD ./Utilities/misc/stm32_mem.o
LOAD ./Utilities/misc/stm32_systime.o
LOAD ./Utilities/misc/stm32_tiny_sscanf.o
LOAD ./Utilities/misc/stm32_tiny_vsnprintf.o
LOAD ./Utilities/sequencer/stm32_seq.o
LOAD ./Utilities/timer/stm32_timer.o
LOAD ./Utilities/trace/adv_trace/stm32_adv_trace.o
START GROUP
LOAD c:/st/stm32cubeide_1.9.0/stm32cubeide/plugins/com.st.stm32cube.ide.mcu.externaltools.gnu-tools-for-stm32.10.3-2021.10.win32_1.0.0.202111181127/tools/bin/../lib/gcc/arm-none-eabi/10.3.1/../../../../arm-none-eabi/lib/thumb/v7e-m/nofp\libc_nano.a
LOAD c:/st/stm32cubeide_1.9.0/stm32cubeide/plugins/com.st.stm32cube.ide.mcu.externaltools.gnu-tools-for-stm32.10.3-2021.10.win32_1.0.0.202111181127/tools/bin/../lib/gcc/arm-none-eabi/10.3.1/../../../../arm-none-eabi/lib/thumb/v7e-m/nofp\libm.a
END GROUP
START GROUP
LOAD c:/st/stm32cubeide_1.9.0/stm32cubeide/plugins/com.st.stm32cube.ide.mcu.externaltools.gnu-tools-for-stm32.10.3-2021.10.win32_1.0.0.202111181127/tools/bin/../lib/gcc/arm-none-eabi/10.3.1/thumb/v7e-m/nofp\libgcc.a
LOAD c:/st/stm32cubeide_1.9.0/stm32cubeide/plugins/com.st.stm32cube.ide.mcu.externaltools.gnu-tools-for-stm32.10.3-2021.10.win32_1.0.0.202111181127/tools/bin/../lib/gcc/arm-none-eabi/10.3.1/../../../../arm-none-eabi/lib/thumb/v7e-m/nofp\libc_nano.a
END GROUP
START GROUP
LOAD c:/st/stm32cubeide_1.9.0/stm32cubeide/plugins/com.st.stm32cube.ide.mcu.externaltools.gnu-tools-for-stm32.10.3-2021.10.win32_1.0.0.202111181127/tools/bin/../lib/gcc/arm-none-eabi/10.3.1/thumb/v7e-m/nofp\libgcc.a
LOAD c:/st/stm32cubeide_1.9.0/stm32cubeide/plugins/com.st.stm32cube.ide.mcu.externaltools.gnu-tools-for-stm32.10.3-2021.10.win32_1.0.0.202111181127/tools/bin/../lib/gcc/arm-none-eabi/10.3.1/../../../../arm-none-eabi/lib/thumb/v7e-m/nofp\libc_nano.a
LOAD c:/st/stm32cubeide_1.9.0/stm32cubeide/plugins/com.st.stm32cube.ide.mcu.externaltools.gnu-tools-for-stm32.10.3-2021.10.win32_1.0.0.202111181127/tools/bin/../lib/gcc/arm-none-eabi/10.3.1/../../../../arm-none-eabi/lib/thumb/v7e-m/nofp\libnosys.a
END GROUP
START GROUP
LOAD c:/st/stm32cubeide_1.9.0/stm32cubeide/plugins/com.st.stm32cube.ide.mcu.externaltools.gnu-tools-for-stm32.10.3-2021.10.win32_1.0.0.202111181127/tools/bin/../lib/gcc/arm-none-eabi/10.3.1/thumb/v7e-m/nofp\libgcc.a
LOAD c:/st/stm32cubeide_1.9.0/stm32cubeide/plugins/com.st.stm32cube.ide.mcu.externaltools.gnu-tools-for-stm32.10.3-2021.10.win32_1.0.0.202111181127/tools/bin/../lib/gcc/arm-none-eabi/10.3.1/../../../../arm-none-eabi/lib/thumb/v7e-m/nofp\libc_nano.a
LOAD c:/st/stm32cubeide_1.9.0/stm32cubeide/plugins/com.st.stm32cube.ide.mcu.externaltools.gnu-tools-for-stm32.10.3-2021.10.win32_1.0.0.202111181127/tools/bin/../lib/gcc/arm-none-eabi/10.3.1/../../../../arm-none-eabi/lib/thumb/v7e-m/nofp\libnosys.a
END GROUP
LOAD c:/st/stm32cubeide_1.9.0/stm32cubeide/plugins/com.st.stm32cube.ide.mcu.externaltools.gnu-tools-for-stm32.10.3-2021.10.win32_1.0.0.202111181127/tools/bin/../lib/gcc/arm-none-eabi/10.3.1/thumb/v7e-m/nofp/crtend.o
LOAD c:/st/stm32cubeide_1.9.0/stm32cubeide/plugins/com.st.stm32cube.ide.mcu.externaltools.gnu-tools-for-stm32.10.3-2021.10.win32_1.0.0.202111181127/tools/bin/../lib/gcc/arm-none-eabi/10.3.1/thumb/v7e-m/nofp/crtn.o
                0x0000000020010000                _estack = (ORIGIN (RAM) + LENGTH (RAM))
                0x0000000000000200                _Min_Heap_Size = 0x200
                0x0000000000000400                _Min_Stack_Size = 0x400

.isr_vector     0x0000000008000000      0x138
                0x0000000008000000                . = ALIGN (0x4)
 *(.isr_vector)
 .isr_vector    0x0000000008000000      0x138 ./Core/Startup/startup_stm32wle5jcix.o
                0x0000000008000000                g_pfnVectors
                0x0000000008000138                . = ALIGN (0x4)

.text           0x0000000008000138     0xb9c4
                0x0000000008000138                . = ALIGN (0x4)
 *(.text)
 .text          0x0000000008000138       0x40 c:/st/stm32cubeide_1.9.0/stm32cubeide/plugins/com.st.stm32cube.ide.mcu.externaltools.gnu-tools-for-stm32.10.3-2021.10.win32_1.0.0.202111181127/tools/bin/../lib/gcc/arm-none-eabi/10.3.1/thumb/v7e-m/nofp/crtbegin.o
 .text          0x0000000008000178       0x10 c:/st/stm32cubeide_1.9.0/stm32cubeide/plugins/com.st.stm32cube.ide.mcu.externaltools.gnu-tools-for-stm32.10.3-2021.10.win32_1.0.0.202111181127/tools/bin/../lib/gcc/arm-none-eabi/10.3.1/../../../../arm-none-eabi/lib/thumb/v7e-m/nofp\libc_nano.a(lib_a-strlen.o)
                0x0000000008000178                strlen
 .text          0x0000000008000188       0x30 c:/st/stm32cubeide_1.9.0/stm32cubeide/plugins/com.st.stm32cube.ide.mcu.externaltools.gnu-tools-for-stm32.10.3-2021.10.win32_1.0.0.202111181127/tools/bin/../lib/gcc/arm-none-eabi/10.3.1/thumb/v7e-m/nofp\libgcc.a(_aeabi_uldivmod.o)
                0x0000000008000188                __aeabi_uldivmod
 .text          0x00000000080001b8      0x2d0 c:/st/stm32cubeide_1.9.0/stm32cubeide/plugins/com.st.stm32cube.ide.mcu.externaltools.gnu-tools-for-stm32.10.3-2021.10.win32_1.0.0.202111181127/tools/bin/../lib/gcc/arm-none-eabi/10.3.1/thumb/v7e-m/nofp\libgcc.a(_udivmoddi4.o)
                0x00000000080001b8                __udivmoddi4
 .text          0x0000000008000488        0x4 c:/st/stm32cubeide_1.9.0/stm32cubeide/plugins/com.st.stm32cube.ide.mcu.externaltools.gnu-tools-for-stm32.10.3-2021.10.win32_1.0.0.202111181127/tools/bin/../lib/gcc/arm-none-eabi/10.3.1/thumb/v7e-m/nofp\libgcc.a(_dvmd_tls.o)
                0x0000000008000488                __aeabi_idiv0
                0x0000000008000488                __aeabi_ldiv0
 *(.text*)
 .text.LL_AHB1_GRP1_EnableClock
                0x000000000800048c       0x30 ./Core/Src/dma.o
 .text.MX_DMA_Init
                0x00000000080004bc       0x24 ./Core/Src/dma.o
                0x00000000080004bc                MX_DMA_Init
 .text.LL_AHB2_GRP1_EnableClock
                0x00000000080004e0       0x30 ./Core/Src/gpio.o
 .text.MX_GPIO_Init
                0x0000000008000510       0xb8 ./Core/Src/gpio.o
                0x0000000008000510                MX_GPIO_Init
 .text.LL_RCC_LSE_SetDriveCapability
                0x00000000080005c8       0x2a ./Core/Src/main.o
 .text.main     0x00000000080005f2       0x1a ./Core/Src/main.o
                0x00000000080005f2                main
 .text.SystemClock_Config
                0x000000000800060c       0xb4 ./Core/Src/main.o
                0x000000000800060c                SystemClock_Config
 .text.Error_Handler
                0x00000000080006c0        0xa ./Core/Src/main.o
                0x00000000080006c0                Error_Handler
 .text.LL_RCC_EnableRTC
                0x00000000080006ca       0x20 ./Core/Src/rtc.o
 .text.LL_APB1_GRP1_EnableClock
                0x00000000080006ea       0x30 ./Core/Src/rtc.o
 *fill*         0x000000000800071a        0x2 
 .text.MX_RTC_Init
                0x000000000800071c       0xa4 ./Core/Src/rtc.o
                0x000000000800071c                MX_RTC_Init
 .text.HAL_RTC_MspInit
                0x00000000080007c0       0x78 ./Core/Src/rtc.o
                0x00000000080007c0                HAL_RTC_MspInit
 .text.LL_PWR_ClearFlag_C1STOP_C1STB
                0x0000000008000838       0x18 ./Core/Src/stm32_lpm_if.o
 .text.PWR_EnterOffMode
                0x0000000008000850        0xc ./Core/Src/stm32_lpm_if.o
                0x0000000008000850                PWR_EnterOffMode
 .text.PWR_ExitOffMode
                0x000000000800085c        0xc ./Core/Src/stm32_lpm_if.o
                0x000000000800085c                PWR_ExitOffMode
 .text.PWR_EnterStopMode
                0x0000000008000868       0x16 ./Core/Src/stm32_lpm_if.o
                0x0000000008000868                PWR_EnterStopMode
 .text.PWR_ExitStopMode
                0x000000000800087e       0x10 ./Core/Src/stm32_lpm_if.o
                0x000000000800087e                PWR_ExitStopMode
 .text.PWR_EnterSleepMode
                0x000000000800088e       0x14 ./Core/Src/stm32_lpm_if.o
                0x000000000800088e                PWR_EnterSleepMode
 .text.PWR_ExitSleepMode
                0x00000000080008a2        0xc ./Core/Src/stm32_lpm_if.o
                0x00000000080008a2                PWR_ExitSleepMode
 .text.HAL_MspInit
                0x00000000080008ae        0xc ./Core/Src/stm32wlxx_hal_msp.o
                0x00000000080008ae                HAL_MspInit
 .text.NMI_Handler
                0x00000000080008ba        0x6 ./Core/Src/stm32wlxx_it.o
                0x00000000080008ba                NMI_Handler
 .text.HardFault_Handler
                0x00000000080008c0        0x6 ./Core/Src/stm32wlxx_it.o
                0x00000000080008c0                HardFault_Handler
 .text.MemManage_Handler
                0x00000000080008c6        0x6 ./Core/Src/stm32wlxx_it.o
                0x00000000080008c6                MemManage_Handler
 .text.BusFault_Handler
                0x00000000080008cc        0x6 ./Core/Src/stm32wlxx_it.o
                0x00000000080008cc                BusFault_Handler
 .text.UsageFault_Handler
                0x00000000080008d2        0x6 ./Core/Src/stm32wlxx_it.o
                0x00000000080008d2                UsageFault_Handler
 .text.SVC_Handler
                0x00000000080008d8        0xc ./Core/Src/stm32wlxx_it.o
                0x00000000080008d8                SVC_Handler
 .text.DebugMon_Handler
                0x00000000080008e4        0xc ./Core/Src/stm32wlxx_it.o
                0x00000000080008e4                DebugMon_Handler
 .text.PendSV_Handler
                0x00000000080008f0        0xc ./Core/Src/stm32wlxx_it.o
                0x00000000080008f0                PendSV_Handler
 .text.SysTick_Handler
                0x00000000080008fc        0xc ./Core/Src/stm32wlxx_it.o
                0x00000000080008fc                SysTick_Handler
 .text.TAMP_STAMP_LSECSS_SSRU_IRQHandler
                0x0000000008000908       0x14 ./Core/Src/stm32wlxx_it.o
                0x0000000008000908                TAMP_STAMP_LSECSS_SSRU_IRQHandler
 .text.DMA1_Channel1_IRQHandler
                0x000000000800091c       0x14 ./Core/Src/stm32wlxx_it.o
                0x000000000800091c                DMA1_Channel1_IRQHandler
 .text.USART1_IRQHandler
                0x0000000008000930       0x14 ./Core/Src/stm32wlxx_it.o
                0x0000000008000930                USART1_IRQHandler
 .text.EXTI15_10_IRQHandler
                0x0000000008000944       0x10 ./Core/Src/stm32wlxx_it.o
                0x0000000008000944                EXTI15_10_IRQHandler
 .text.RTC_Alarm_IRQHandler
                0x0000000008000954       0x14 ./Core/Src/stm32wlxx_it.o
                0x0000000008000954                RTC_Alarm_IRQHandler
 .text.SUBGHZ_Radio_IRQHandler
                0x0000000008000968       0x14 ./Core/Src/stm32wlxx_it.o
                0x0000000008000968                SUBGHZ_Radio_IRQHandler
 .text.LL_APB3_GRP1_EnableClock
                0x000000000800097c       0x30 ./Core/Src/subghz.o
 .text.MX_SUBGHZ_Init
                0x00000000080009ac       0x24 ./Core/Src/subghz.o
                0x00000000080009ac                MX_SUBGHZ_Init
 .text.HAL_SUBGHZ_MspInit
                0x00000000080009d0       0x26 ./Core/Src/subghz.o
                0x00000000080009d0                HAL_SUBGHZ_MspInit
 .text.LL_RCC_SetClkAfterWakeFromStop
                0x00000000080009f6       0x26 ./Core/Src/sys_app.o
 .text.SystemApp_Init
                0x0000000008000a1c       0x40 ./Core/Src/sys_app.o
                0x0000000008000a1c                SystemApp_Init
 .text.UTIL_SEQ_Idle
                0x0000000008000a5c        0xc ./Core/Src/sys_app.o
                0x0000000008000a5c                UTIL_SEQ_Idle
 .text.TimestampNow
                0x0000000008000a68       0x40 ./Core/Src/sys_app.o
 .text.UTIL_ADV_TRACE_PreSendHook
                0x0000000008000aa8       0x10 ./Core/Src/sys_app.o
                0x0000000008000aa8                UTIL_ADV_TRACE_PreSendHook
 .text.UTIL_ADV_TRACE_PostSendHook
                0x0000000008000ab8       0x10 ./Core/Src/sys_app.o
                0x0000000008000ab8                UTIL_ADV_TRACE_PostSendHook
 .text.tiny_snprintf_like
                0x0000000008000ac8       0x2c ./Core/Src/sys_app.o
 .text.HAL_InitTick
                0x0000000008000af4       0x14 ./Core/Src/sys_app.o
                0x0000000008000af4                HAL_InitTick
 .text.HAL_GetTick
                0x0000000008000b08       0x28 ./Core/Src/sys_app.o
                0x0000000008000b08                HAL_GetTick
 .text.HAL_Delay
                0x0000000008000b30       0x18 ./Core/Src/sys_app.o
                0x0000000008000b30                HAL_Delay
 .text.LL_AHB2_GRP1_EnableClock
                0x0000000008000b48       0x30 ./Core/Src/sys_debug.o
 .text.LL_EXTI_EnableIT_32_63
                0x0000000008000b78       0x28 ./Core/Src/sys_debug.o
 .text.DBG_Init
                0x0000000008000ba0       0xc0 ./Core/Src/sys_debug.o
                0x0000000008000ba0                DBG_Init
 .text.SystemInit
                0x0000000008000c60        0xc ./Core/Src/system_stm32wlxx.o
                0x0000000008000c60                SystemInit
 .text.LL_RTC_TIME_GetSubSecond
                0x0000000008000c6c       0x16 ./Core/Src/timer_if.o
 *fill*         0x0000000008000c82        0x2 
 .text.TIMER_IF_Init
                0x0000000008000c84       0x64 ./Core/Src/timer_if.o
                0x0000000008000c84                TIMER_IF_Init
 .text.TIMER_IF_StartTimer
                0x0000000008000ce8       0x70 ./Core/Src/timer_if.o
                0x0000000008000ce8                TIMER_IF_StartTimer
 .text.TIMER_IF_StopTimer
                0x0000000008000d58       0x34 ./Core/Src/timer_if.o
                0x0000000008000d58                TIMER_IF_StopTimer
 .text.TIMER_IF_SetTimerContext
                0x0000000008000d8c       0x1c ./Core/Src/timer_if.o
                0x0000000008000d8c                TIMER_IF_SetTimerContext
 .text.TIMER_IF_GetTimerContext
                0x0000000008000da8       0x14 ./Core/Src/timer_if.o
                0x0000000008000da8                TIMER_IF_GetTimerContext
 .text.TIMER_IF_GetTimerElapsedTime
                0x0000000008000dbc       0x28 ./Core/Src/timer_if.o
                0x0000000008000dbc                TIMER_IF_GetTimerElapsedTime
 .text.TIMER_IF_GetTimerValue
                0x0000000008000de4       0x28 ./Core/Src/timer_if.o
                0x0000000008000de4                TIMER_IF_GetTimerValue
 .text.TIMER_IF_GetMinimumTimeout
                0x0000000008000e0c       0x1a ./Core/Src/timer_if.o
                0x0000000008000e0c                TIMER_IF_GetMinimumTimeout
 .text.TIMER_IF_Convert_ms2Tick
                0x0000000008000e26       0x3a ./Core/Src/timer_if.o
                0x0000000008000e26                TIMER_IF_Convert_ms2Tick
 .text.TIMER_IF_Convert_Tick2ms
                0x0000000008000e60       0x92 ./Core/Src/timer_if.o
                0x0000000008000e60                TIMER_IF_Convert_Tick2ms
 .text.TIMER_IF_DelayMs
                0x0000000008000ef2       0x34 ./Core/Src/timer_if.o
                0x0000000008000ef2                TIMER_IF_DelayMs
 .text.HAL_RTC_AlarmAEventCallback
                0x0000000008000f26       0x14 ./Core/Src/timer_if.o
                0x0000000008000f26                HAL_RTC_AlarmAEventCallback
 .text.HAL_RTCEx_SSRUEventCallback
                0x0000000008000f3a       0x20 ./Core/Src/timer_if.o
                0x0000000008000f3a                HAL_RTCEx_SSRUEventCallback
 .text.TIMER_IF_GetTime
                0x0000000008000f5a       0x8e ./Core/Src/timer_if.o
                0x0000000008000f5a                TIMER_IF_GetTime
 .text.TIMER_IF_BkUp_Write_Seconds
                0x0000000008000fe8       0x20 ./Core/Src/timer_if.o
                0x0000000008000fe8                TIMER_IF_BkUp_Write_Seconds
 .text.TIMER_IF_BkUp_Write_SubSeconds
                0x0000000008001008       0x20 ./Core/Src/timer_if.o
                0x0000000008001008                TIMER_IF_BkUp_Write_SubSeconds
 .text.TIMER_IF_BkUp_Read_Seconds
                0x0000000008001028       0x24 ./Core/Src/timer_if.o
                0x0000000008001028                TIMER_IF_BkUp_Read_Seconds
 .text.TIMER_IF_BkUp_Read_SubSeconds
                0x000000000800104c       0x24 ./Core/Src/timer_if.o
                0x000000000800104c                TIMER_IF_BkUp_Read_SubSeconds
 .text.TIMER_IF_BkUp_Write_MSBticks
                0x0000000008001070       0x20 ./Core/Src/timer_if.o
 .text.TIMER_IF_BkUp_Read_MSBticks
                0x0000000008001090       0x20 ./Core/Src/timer_if.o
 .text.GetTimerTicks
                0x00000000080010b0       0x38 ./Core/Src/timer_if.o
 .text.LL_AHB2_GRP1_EnableClock
                0x00000000080010e8       0x30 ./Core/Src/usart.o
 .text.LL_APB2_GRP1_EnableClock
                0x0000000008001118       0x30 ./Core/Src/usart.o
 .text.LL_APB2_GRP1_DisableClock
                0x0000000008001148       0x24 ./Core/Src/usart.o
 .text.MX_USART1_UART_Init
                0x000000000800116c       0x98 ./Core/Src/usart.o
                0x000000000800116c                MX_USART1_UART_Init
 .text.HAL_UART_MspInit
                0x0000000008001204       0xf8 ./Core/Src/usart.o
                0x0000000008001204                HAL_UART_MspInit
 .text.HAL_UART_MspDeInit
                0x00000000080012fc       0x44 ./Core/Src/usart.o
                0x00000000080012fc                HAL_UART_MspDeInit
 .text.LL_APB2_GRP1_ForceReset
                0x0000000008001340       0x22 ./Core/Src/usart_if.o
 .text.LL_APB2_GRP1_ReleaseReset
                0x0000000008001362       0x24 ./Core/Src/usart_if.o
 *fill*         0x0000000008001386        0x2 
 .text.LL_EXTI_EnableIT_0_31
                0x0000000008001388       0x28 ./Core/Src/usart_if.o
 .text.vcom_Init
                0x00000000080013b0       0x2c ./Core/Src/usart_if.o
                0x00000000080013b0                vcom_Init
 .text.vcom_DeInit
                0x00000000080013dc       0x2c ./Core/Src/usart_if.o
                0x00000000080013dc                vcom_DeInit
 .text.vcom_Trace_DMA
                0x0000000008001408       0x28 ./Core/Src/usart_if.o
                0x0000000008001408                vcom_Trace_DMA
 .text.vcom_ReceiveInit
                0x0000000008001430       0x7c ./Core/Src/usart_if.o
                0x0000000008001430                vcom_ReceiveInit
 .text.vcom_Resume
                0x00000000080014ac       0x30 ./Core/Src/usart_if.o
                0x00000000080014ac                vcom_Resume
 .text.HAL_UART_TxCpltCallback
                0x00000000080014dc       0x2c ./Core/Src/usart_if.o
                0x00000000080014dc                HAL_UART_TxCpltCallback
 .text.HAL_UART_RxCpltCallback
                0x0000000008001508       0x50 ./Core/Src/usart_if.o
                0x0000000008001508                HAL_UART_RxCpltCallback
 .text.Reset_Handler
                0x0000000008001558       0x50 ./Core/Startup/startup_stm32wle5jcix.o
                0x0000000008001558                Reset_Handler
 .text.Default_Handler
                0x00000000080015a8        0x2 ./Core/Startup/startup_stm32wle5jcix.o
                0x00000000080015a8                EXTI2_IRQHandler
                0x00000000080015a8                TIM1_CC_IRQHandler
                0x00000000080015a8                EXTI3_IRQHandler
                0x00000000080015a8                LPTIM2_IRQHandler
                0x00000000080015a8                I2C3_ER_IRQHandler
                0x00000000080015a8                LPTIM3_IRQHandler
                0x00000000080015a8                EXTI0_IRQHandler
                0x00000000080015a8                I2C2_EV_IRQHandler
                0x00000000080015a8                SPI1_IRQHandler
                0x00000000080015a8                DMA2_Channel2_IRQHandler
                0x00000000080015a8                DMA1_Channel4_IRQHandler
                0x00000000080015a8                PKA_IRQHandler
                0x00000000080015a8                TIM17_IRQHandler
                0x00000000080015a8                DMA1_Channel7_IRQHandler
                0x00000000080015a8                SUBGHZSPI_IRQHandler
                0x00000000080015a8                DMA2_Channel1_IRQHandler
                0x00000000080015a8                I2C1_EV_IRQHandler
                0x00000000080015a8                DMAMUX1_OVR_IRQHandler
                0x00000000080015a8                DMA1_Channel6_IRQHandler
                0x00000000080015a8                TIM16_IRQHandler
                0x00000000080015a8                DMA2_Channel4_IRQHandler
                0x00000000080015a8                RCC_IRQHandler
                0x00000000080015a8                TIM1_TRG_COM_IRQHandler
                0x00000000080015a8                Default_Handler
                0x00000000080015a8                DMA2_Channel7_IRQHandler
                0x00000000080015a8                ADC_IRQHandler
                0x00000000080015a8                I2C3_EV_IRQHandler
                0x00000000080015a8                EXTI9_5_IRQHandler
                0x00000000080015a8                RTC_WKUP_IRQHandler
                0x00000000080015a8                PVD_PVM_IRQHandler
                0x00000000080015a8                SPI2_IRQHandler
                0x00000000080015a8                DMA2_Channel5_IRQHandler
                0x00000000080015a8                DMA1_Channel5_IRQHandler
                0x00000000080015a8                EXTI4_IRQHandler
                0x00000000080015a8                RNG_IRQHandler
                0x00000000080015a8                DMA1_Channel3_IRQHandler
                0x00000000080015a8                COMP_IRQHandler
                0x00000000080015a8                HSEM_IRQHandler
                0x00000000080015a8                TIM1_UP_IRQHandler
                0x00000000080015a8                WWDG_IRQHandler
                0x00000000080015a8                LPUART1_IRQHandler
                0x00000000080015a8                DMA2_Channel6_IRQHandler
                0x00000000080015a8                TIM2_IRQHandler
                0x00000000080015a8                TIM1_BRK_IRQHandler
                0x00000000080015a8                DAC_IRQHandler
                0x00000000080015a8                EXTI1_IRQHandler
                0x00000000080015a8                AES_IRQHandler
                0x00000000080015a8                USART2_IRQHandler
                0x00000000080015a8                I2C2_ER_IRQHandler
                0x00000000080015a8                DMA1_Channel2_IRQHandler
                0x00000000080015a8                FLASH_IRQHandler
                0x00000000080015a8                I2C1_ER_IRQHandler
                0x00000000080015a8                LPTIM1_IRQHandler
                0x00000000080015a8                DMA2_Channel3_IRQHandler
 .text.BSP_RADIO_Init
                0x00000000080015aa       0x62 ./Drivers/BSP/STM32WLxx_Nucleo/stm32wlxx_nucleo_radio.o
                0x00000000080015aa                BSP_RADIO_Init
 .text.BSP_RADIO_ConfigRFSwitch
                0x000000000800160c       0x9c ./Drivers/BSP/STM32WLxx_Nucleo/stm32wlxx_nucleo_radio.o
                0x000000000800160c                BSP_RADIO_ConfigRFSwitch
 .text.BSP_RADIO_GetTxConfig
                0x00000000080016a8        0xe ./Drivers/BSP/STM32WLxx_Nucleo/stm32wlxx_nucleo_radio.o
                0x00000000080016a8                BSP_RADIO_GetTxConfig
 .text.BSP_RADIO_IsTCXO
                0x00000000080016b6        0xe ./Drivers/BSP/STM32WLxx_Nucleo/stm32wlxx_nucleo_radio.o
                0x00000000080016b6                BSP_RADIO_IsTCXO
 .text.BSP_RADIO_IsDCDC
                0x00000000080016c4        0xe ./Drivers/BSP/STM32WLxx_Nucleo/stm32wlxx_nucleo_radio.o
                0x00000000080016c4                BSP_RADIO_IsDCDC
 .text.BSP_RADIO_GetRFOMaxPowerConfig
                0x00000000080016d2       0x26 ./Drivers/BSP/STM32WLxx_Nucleo/stm32wlxx_nucleo_radio.o
                0x00000000080016d2                BSP_RADIO_GetRFOMaxPowerConfig
 .text.LL_DBGMCU_EnableDBGSleepMode
                0x00000000080016f8       0x1c ./Drivers/STM32WLxx_HAL_Driver/Src/stm32wlxx_hal.o
 .text.LL_DBGMCU_EnableDBGStopMode
                0x0000000008001714       0x1c ./Drivers/STM32WLxx_HAL_Driver/Src/stm32wlxx_hal.o
 .text.LL_DBGMCU_EnableDBGStandbyMode
                0x0000000008001730       0x1c ./Drivers/STM32WLxx_HAL_Driver/Src/stm32wlxx_hal.o
 .text.HAL_Init
                0x000000000800174c       0x40 ./Drivers/STM32WLxx_HAL_Driver/Src/stm32wlxx_hal.o
                0x000000000800174c                HAL_Init
 .text.HAL_SuspendTick
                0x000000000800178c       0x1c ./Drivers/STM32WLxx_HAL_Driver/Src/stm32wlxx_hal.o
                0x000000000800178c                HAL_SuspendTick
 .text.HAL_ResumeTick
                0x00000000080017a8       0x1c ./Drivers/STM32WLxx_HAL_Driver/Src/stm32wlxx_hal.o
                0x00000000080017a8                HAL_ResumeTick
 .text.HAL_DBGMCU_EnableDBGSleepMode
                0x00000000080017c4        0xc ./Drivers/STM32WLxx_HAL_Driver/Src/stm32wlxx_hal.o
                0x00000000080017c4                HAL_DBGMCU_EnableDBGSleepMode
 .text.HAL_DBGMCU_EnableDBGStopMode
                0x00000000080017d0        0xc ./Drivers/STM32WLxx_HAL_Driver/Src/stm32wlxx_hal.o
                0x00000000080017d0                HAL_DBGMCU_EnableDBGStopMode
 .text.HAL_DBGMCU_EnableDBGStandbyMode
                0x00000000080017dc        0xc ./Drivers/STM32WLxx_HAL_Driver/Src/stm32wlxx_hal.o
                0x00000000080017dc                HAL_DBGMCU_EnableDBGStandbyMode
 .text.__NVIC_SetPriorityGrouping
                0x00000000080017e8       0x48 ./Drivers/STM32WLxx_HAL_Driver/Src/stm32wlxx_hal_cortex.o
 .text.__NVIC_GetPriorityGrouping
                0x0000000008001830       0x1c ./Drivers/STM32WLxx_HAL_Driver/Src/stm32wlxx_hal_cortex.o
 .text.__NVIC_EnableIRQ
                0x000000000800184c       0x38 ./Drivers/STM32WLxx_HAL_Driver/Src/stm32wlxx_hal_cortex.o
 .text.__NVIC_DisableIRQ
                0x0000000008001884       0x48 ./Drivers/STM32WLxx_HAL_Driver/Src/stm32wlxx_hal_cortex.o
 .text.__NVIC_SetPriority
                0x00000000080018cc       0x54 ./Drivers/STM32WLxx_HAL_Driver/Src/stm32wlxx_hal_cortex.o
 .text.NVIC_EncodePriority
                0x0000000008001920       0x64 ./Drivers/STM32WLxx_HAL_Driver/Src/stm32wlxx_hal_cortex.o
 .text.HAL_NVIC_SetPriorityGrouping
                0x0000000008001984       0x16 ./Drivers/STM32WLxx_HAL_Driver/Src/stm32wlxx_hal_cortex.o
                0x0000000008001984                HAL_NVIC_SetPriorityGrouping
 .text.HAL_NVIC_SetPriority
                0x000000000800199a       0x34 ./Drivers/STM32WLxx_HAL_Driver/Src/stm32wlxx_hal_cortex.o
                0x000000000800199a                HAL_NVIC_SetPriority
 .text.HAL_NVIC_EnableIRQ
                0x00000000080019ce       0x1c ./Drivers/STM32WLxx_HAL_Driver/Src/stm32wlxx_hal_cortex.o
                0x00000000080019ce                HAL_NVIC_EnableIRQ
 .text.HAL_NVIC_DisableIRQ
                0x00000000080019ea       0x1c ./Drivers/STM32WLxx_HAL_Driver/Src/stm32wlxx_hal_cortex.o
                0x00000000080019ea                HAL_NVIC_DisableIRQ
 *fill*         0x0000000008001a06        0x2 
 .text.HAL_DMA_Init
                0x0000000008001a08      0x150 ./Drivers/STM32WLxx_HAL_Driver/Src/stm32wlxx_hal_dma.o
                0x0000000008001a08                HAL_DMA_Init
 .text.HAL_DMA_DeInit
                0x0000000008001b58      0x12c ./Drivers/STM32WLxx_HAL_Driver/Src/stm32wlxx_hal_dma.o
                0x0000000008001b58                HAL_DMA_DeInit
 .text.HAL_DMA_Start_IT
                0x0000000008001c84       0xfc ./Drivers/STM32WLxx_HAL_Driver/Src/stm32wlxx_hal_dma.o
                0x0000000008001c84                HAL_DMA_Start_IT
 .text.HAL_DMA_Abort
                0x0000000008001d80       0xbc ./Drivers/STM32WLxx_HAL_Driver/Src/stm32wlxx_hal_dma.o
                0x0000000008001d80                HAL_DMA_Abort
 .text.HAL_DMA_Abort_IT
                0x0000000008001e3c       0xbe ./Drivers/STM32WLxx_HAL_Driver/Src/stm32wlxx_hal_dma.o
                0x0000000008001e3c                HAL_DMA_Abort_IT
 *fill*         0x0000000008001efa        0x2 
 .text.HAL_DMA_IRQHandler
                0x0000000008001efc      0x18c ./Drivers/STM32WLxx_HAL_Driver/Src/stm32wlxx_hal_dma.o
                0x0000000008001efc                HAL_DMA_IRQHandler
 .text.DMA_SetConfig
                0x0000000008002088       0x7a ./Drivers/STM32WLxx_HAL_Driver/Src/stm32wlxx_hal_dma.o
 *fill*         0x0000000008002102        0x2 
 .text.DMA_CalcDMAMUXChannelBaseAndMask
                0x0000000008002104       0x90 ./Drivers/STM32WLxx_HAL_Driver/Src/stm32wlxx_hal_dma.o
 .text.DMA_CalcDMAMUXRequestGenBaseAndMask
                0x0000000008002194       0x48 ./Drivers/STM32WLxx_HAL_Driver/Src/stm32wlxx_hal_dma.o
 .text.HAL_GPIO_Init
                0x00000000080021dc      0x2c0 ./Drivers/STM32WLxx_HAL_Driver/Src/stm32wlxx_hal_gpio.o
                0x00000000080021dc                HAL_GPIO_Init
 .text.HAL_GPIO_DeInit
                0x000000000800249c      0x19c ./Drivers/STM32WLxx_HAL_Driver/Src/stm32wlxx_hal_gpio.o
                0x000000000800249c                HAL_GPIO_DeInit
 .text.HAL_GPIO_WritePin
                0x0000000008002638       0x2e ./Drivers/STM32WLxx_HAL_Driver/Src/stm32wlxx_hal_gpio.o
                0x0000000008002638                HAL_GPIO_WritePin
 *fill*         0x0000000008002666        0x2 
 .text.HAL_GPIO_EXTI_IRQHandler
                0x0000000008002668       0x30 ./Drivers/STM32WLxx_HAL_Driver/Src/stm32wlxx_hal_gpio.o
                0x0000000008002668                HAL_GPIO_EXTI_IRQHandler
 .text.HAL_GPIO_EXTI_Callback
                0x0000000008002698       0x14 ./Drivers/STM32WLxx_HAL_Driver/Src/stm32wlxx_hal_gpio.o
                0x0000000008002698                HAL_GPIO_EXTI_Callback
 .text.HAL_PWR_EnableBkUpAccess
                0x00000000080026ac       0x1c ./Drivers/STM32WLxx_HAL_Driver/Src/stm32wlxx_hal_pwr.o
                0x00000000080026ac                HAL_PWR_EnableBkUpAccess
 .text.HAL_PWR_EnterSLEEPMode
                0x00000000080026c8       0x68 ./Drivers/STM32WLxx_HAL_Driver/Src/stm32wlxx_hal_pwr.o
                0x00000000080026c8                HAL_PWR_EnterSLEEPMode
 .text.HAL_PWREx_GetVoltageRange
                0x0000000008002730       0x18 ./Drivers/STM32WLxx_HAL_Driver/Src/stm32wlxx_hal_pwr_ex.o
                0x0000000008002730                HAL_PWREx_GetVoltageRange
 .text.HAL_PWREx_EnableLowPowerRunMode
                0x0000000008002748       0x1c ./Drivers/STM32WLxx_HAL_Driver/Src/stm32wlxx_hal_pwr_ex.o
                0x0000000008002748                HAL_PWREx_EnableLowPowerRunMode
 .text.HAL_PWREx_DisableLowPowerRunMode
                0x0000000008002764       0x6c ./Drivers/STM32WLxx_HAL_Driver/Src/stm32wlxx_hal_pwr_ex.o
                0x0000000008002764                HAL_PWREx_DisableLowPowerRunMode
 .text.HAL_PWREx_EnterSTOP2Mode
                0x00000000080027d0       0x54 ./Drivers/STM32WLxx_HAL_Driver/Src/stm32wlxx_hal_pwr_ex.o
                0x00000000080027d0                HAL_PWREx_EnterSTOP2Mode
 .text.LL_PWR_IsEnabledBkUpAccess
                0x0000000008002824       0x24 ./Drivers/STM32WLxx_HAL_Driver/Src/stm32wlxx_hal_rcc.o
 .text.LL_RCC_HSE_EnableTcxo
                0x0000000008002848       0x1c ./Drivers/STM32WLxx_HAL_Driver/Src/stm32wlxx_hal_rcc.o
 .text.LL_RCC_HSE_DisableTcxo
                0x0000000008002864       0x1c ./Drivers/STM32WLxx_HAL_Driver/Src/stm32wlxx_hal_rcc.o
 .text.LL_RCC_HSE_IsEnabledDiv2
                0x0000000008002880       0x22 ./Drivers/STM32WLxx_HAL_Driver/Src/stm32wlxx_hal_rcc.o
 .text.LL_RCC_HSE_Enable
                0x00000000080028a2       0x1c ./Drivers/STM32WLxx_HAL_Driver/Src/stm32wlxx_hal_rcc.o
 .text.LL_RCC_HSE_Disable
                0x00000000080028be       0x1c ./Drivers/STM32WLxx_HAL_Driver/Src/stm32wlxx_hal_rcc.o
 .text.LL_RCC_HSE_IsReady
                0x00000000080028da       0x22 ./Drivers/STM32WLxx_HAL_Driver/Src/stm32wlxx_hal_rcc.o
 .text.LL_RCC_HSI_Enable
                0x00000000080028fc       0x1c ./Drivers/STM32WLxx_HAL_Driver/Src/stm32wlxx_hal_rcc.o
 .text.LL_RCC_HSI_Disable
                0x0000000008002918       0x1c ./Drivers/STM32WLxx_HAL_Driver/Src/stm32wlxx_hal_rcc.o
 .text.LL_RCC_HSI_IsReady
                0x0000000008002934       0x22 ./Drivers/STM32WLxx_HAL_Driver/Src/stm32wlxx_hal_rcc.o
 .text.LL_RCC_HSI_SetCalibTrimming
                0x0000000008002956       0x28 ./Drivers/STM32WLxx_HAL_Driver/Src/stm32wlxx_hal_rcc.o
 .text.LL_RCC_LSE_IsReady
                0x000000000800297e       0x22 ./Drivers/STM32WLxx_HAL_Driver/Src/stm32wlxx_hal_rcc.o
 .text.LL_RCC_LSI_Enable
                0x00000000080029a0       0x20 ./Drivers/STM32WLxx_HAL_Driver/Src/stm32wlxx_hal_rcc.o
 .text.LL_RCC_LSI_Disable
                0x00000000080029c0       0x20 ./Drivers/STM32WLxx_HAL_Driver/Src/stm32wlxx_hal_rcc.o
 .text.LL_RCC_LSI_IsReady
                0x00000000080029e0       0x22 ./Drivers/STM32WLxx_HAL_Driver/Src/stm32wlxx_hal_rcc.o
 .text.LL_RCC_MSI_Enable
                0x0000000008002a02       0x1c ./Drivers/STM32WLxx_HAL_Driver/Src/stm32wlxx_hal_rcc.o
 .text.LL_RCC_MSI_Disable
                0x0000000008002a1e       0x1c ./Drivers/STM32WLxx_HAL_Driver/Src/stm32wlxx_hal_rcc.o
 .text.LL_RCC_MSI_IsReady
                0x0000000008002a3a       0x20 ./Drivers/STM32WLxx_HAL_Driver/Src/stm32wlxx_hal_rcc.o
 .text.LL_RCC_MSI_IsEnabledRangeSelect
                0x0000000008002a5a       0x20 ./Drivers/STM32WLxx_HAL_Driver/Src/stm32wlxx_hal_rcc.o
 .text.LL_RCC_MSI_GetRange
                0x0000000008002a7a       0x16 ./Drivers/STM32WLxx_HAL_Driver/Src/stm32wlxx_hal_rcc.o
 .text.LL_RCC_MSI_GetRangeAfterStandby
                0x0000000008002a90       0x18 ./Drivers/STM32WLxx_HAL_Driver/Src/stm32wlxx_hal_rcc.o
 .text.LL_RCC_MSI_SetCalibTrimming
                0x0000000008002aa8       0x28 ./Drivers/STM32WLxx_HAL_Driver/Src/stm32wlxx_hal_rcc.o
 .text.LL_RCC_SetSysClkSource
                0x0000000008002ad0       0x26 ./Drivers/STM32WLxx_HAL_Driver/Src/stm32wlxx_hal_rcc.o
 .text.LL_RCC_GetSysClkSource
                0x0000000008002af6       0x16 ./Drivers/STM32WLxx_HAL_Driver/Src/stm32wlxx_hal_rcc.o
 .text.LL_RCC_SetAHBPrescaler
                0x0000000008002b0c       0x26 ./Drivers/STM32WLxx_HAL_Driver/Src/stm32wlxx_hal_rcc.o
 .text.LL_RCC_SetAHB3Prescaler
                0x0000000008002b32       0x2c ./Drivers/STM32WLxx_HAL_Driver/Src/stm32wlxx_hal_rcc.o
 .text.LL_RCC_SetAPB1Prescaler
                0x0000000008002b5e       0x26 ./Drivers/STM32WLxx_HAL_Driver/Src/stm32wlxx_hal_rcc.o
 .text.LL_RCC_SetAPB2Prescaler
                0x0000000008002b84       0x26 ./Drivers/STM32WLxx_HAL_Driver/Src/stm32wlxx_hal_rcc.o
 .text.LL_RCC_GetAHBPrescaler
                0x0000000008002baa       0x16 ./Drivers/STM32WLxx_HAL_Driver/Src/stm32wlxx_hal_rcc.o
 .text.LL_RCC_GetAHB3Prescaler
                0x0000000008002bc0       0x1a ./Drivers/STM32WLxx_HAL_Driver/Src/stm32wlxx_hal_rcc.o
 .text.LL_RCC_GetAPB1Prescaler
                0x0000000008002bda       0x16 ./Drivers/STM32WLxx_HAL_Driver/Src/stm32wlxx_hal_rcc.o
 .text.LL_RCC_GetAPB2Prescaler
                0x0000000008002bf0       0x16 ./Drivers/STM32WLxx_HAL_Driver/Src/stm32wlxx_hal_rcc.o
 .text.LL_RCC_PLL_Enable
                0x0000000008002c06       0x1c ./Drivers/STM32WLxx_HAL_Driver/Src/stm32wlxx_hal_rcc.o
 .text.LL_RCC_PLL_Disable
                0x0000000008002c22       0x1c ./Drivers/STM32WLxx_HAL_Driver/Src/stm32wlxx_hal_rcc.o
 .text.LL_RCC_PLL_IsReady
                0x0000000008002c3e       0x22 ./Drivers/STM32WLxx_HAL_Driver/Src/stm32wlxx_hal_rcc.o
 .text.LL_RCC_PLL_GetN
                0x0000000008002c60       0x18 ./Drivers/STM32WLxx_HAL_Driver/Src/stm32wlxx_hal_rcc.o
 .text.LL_RCC_PLL_GetR
                0x0000000008002c78       0x16 ./Drivers/STM32WLxx_HAL_Driver/Src/stm32wlxx_hal_rcc.o
 .text.LL_RCC_PLL_GetDivider
                0x0000000008002c8e       0x16 ./Drivers/STM32WLxx_HAL_Driver/Src/stm32wlxx_hal_rcc.o
 .text.LL_RCC_PLL_GetMainSource
                0x0000000008002ca4       0x16 ./Drivers/STM32WLxx_HAL_Driver/Src/stm32wlxx_hal_rcc.o
 .text.LL_RCC_IsActiveFlag_HPRE
                0x0000000008002cba       0x22 ./Drivers/STM32WLxx_HAL_Driver/Src/stm32wlxx_hal_rcc.o
 .text.LL_RCC_IsActiveFlag_SHDHPRE
                0x0000000008002cdc       0x24 ./Drivers/STM32WLxx_HAL_Driver/Src/stm32wlxx_hal_rcc.o
 .text.LL_RCC_IsActiveFlag_PPRE1
                0x0000000008002d00       0x22 ./Drivers/STM32WLxx_HAL_Driver/Src/stm32wlxx_hal_rcc.o
 .text.LL_RCC_IsActiveFlag_PPRE2
                0x0000000008002d22       0x22 ./Drivers/STM32WLxx_HAL_Driver/Src/stm32wlxx_hal_rcc.o
 .text.HAL_RCC_OscConfig
                0x0000000008002d44      0x738 ./Drivers/STM32WLxx_HAL_Driver/Src/stm32wlxx_hal_rcc.o
                0x0000000008002d44                HAL_RCC_OscConfig
 .text.HAL_RCC_ClockConfig
                0x000000000800347c      0x248 ./Drivers/STM32WLxx_HAL_Driver/Src/stm32wlxx_hal_rcc.o
                0x000000000800347c                HAL_RCC_ClockConfig
 .text.HAL_RCC_GetSysClockFreq
                0x00000000080036c4      0x140 ./Drivers/STM32WLxx_HAL_Driver/Src/stm32wlxx_hal_rcc.o
                0x00000000080036c4                HAL_RCC_GetSysClockFreq
 .text.HAL_RCC_GetHCLKFreq
                0x0000000008003804       0x28 ./Drivers/STM32WLxx_HAL_Driver/Src/stm32wlxx_hal_rcc.o
                0x0000000008003804                HAL_RCC_GetHCLKFreq
 .text.HAL_RCC_GetPCLK1Freq
                0x000000000800382c       0x24 ./Drivers/STM32WLxx_HAL_Driver/Src/stm32wlxx_hal_rcc.o
                0x000000000800382c                HAL_RCC_GetPCLK1Freq
 .text.HAL_RCC_GetPCLK2Freq
                0x0000000008003850       0x24 ./Drivers/STM32WLxx_HAL_Driver/Src/stm32wlxx_hal_rcc.o
                0x0000000008003850                HAL_RCC_GetPCLK2Freq
 .text.RCC_SetFlashLatencyFromMSIRange
                0x0000000008003874       0x60 ./Drivers/STM32WLxx_HAL_Driver/Src/stm32wlxx_hal_rcc.o
 .text.RCC_SetFlashLatency
                0x00000000080038d4      0x104 ./Drivers/STM32WLxx_HAL_Driver/Src/stm32wlxx_hal_rcc.o
 .text.LL_RCC_LSE_IsReady
                0x00000000080039d8       0x22 ./Drivers/STM32WLxx_HAL_Driver/Src/stm32wlxx_hal_rcc_ex.o
 .text.LL_RCC_SetUSARTClockSource
                0x00000000080039fa       0x30 ./Drivers/STM32WLxx_HAL_Driver/Src/stm32wlxx_hal_rcc_ex.o
 .text.LL_RCC_SetI2SClockSource
                0x0000000008003a2a       0x2a ./Drivers/STM32WLxx_HAL_Driver/Src/stm32wlxx_hal_rcc_ex.o
 .text.LL_RCC_SetLPUARTClockSource
                0x0000000008003a54       0x2a ./Drivers/STM32WLxx_HAL_Driver/Src/stm32wlxx_hal_rcc_ex.o
 .text.LL_RCC_SetI2CClockSource
                0x0000000008003a7e       0x38 ./Drivers/STM32WLxx_HAL_Driver/Src/stm32wlxx_hal_rcc_ex.o
 .text.LL_RCC_SetLPTIMClockSource
                0x0000000008003ab6       0x32 ./Drivers/STM32WLxx_HAL_Driver/Src/stm32wlxx_hal_rcc_ex.o
 .text.LL_RCC_SetRNGClockSource
                0x0000000008003ae8       0x2a ./Drivers/STM32WLxx_HAL_Driver/Src/stm32wlxx_hal_rcc_ex.o
 .text.LL_RCC_SetADCClockSource
                0x0000000008003b12       0x2a ./Drivers/STM32WLxx_HAL_Driver/Src/stm32wlxx_hal_rcc_ex.o
 .text.LL_RCC_SetRTCClockSource
                0x0000000008003b3c       0x2a ./Drivers/STM32WLxx_HAL_Driver/Src/stm32wlxx_hal_rcc_ex.o
 .text.LL_RCC_GetRTCClockSource
                0x0000000008003b66       0x18 ./Drivers/STM32WLxx_HAL_Driver/Src/stm32wlxx_hal_rcc_ex.o
 .text.LL_RCC_ForceBackupDomainReset
                0x0000000008003b7e       0x20 ./Drivers/STM32WLxx_HAL_Driver/Src/stm32wlxx_hal_rcc_ex.o
 .text.LL_RCC_ReleaseBackupDomainReset
                0x0000000008003b9e       0x20 ./Drivers/STM32WLxx_HAL_Driver/Src/stm32wlxx_hal_rcc_ex.o
 *fill*         0x0000000008003bbe        0x2 
 .text.HAL_RCCEx_PeriphCLKConfig
                0x0000000008003bc0      0x234 ./Drivers/STM32WLxx_HAL_Driver/Src/stm32wlxx_hal_rcc_ex.o
                0x0000000008003bc0                HAL_RCCEx_PeriphCLKConfig
 .text.HAL_RTC_Init
                0x0000000008003df4       0xf4 ./Drivers/STM32WLxx_HAL_Driver/Src/stm32wlxx_hal_rtc.o
                0x0000000008003df4                HAL_RTC_Init
 .text.HAL_RTC_SetAlarm_IT
                0x0000000008003ee8      0x218 ./Drivers/STM32WLxx_HAL_Driver/Src/stm32wlxx_hal_rtc.o
                0x0000000008003ee8                HAL_RTC_SetAlarm_IT
 .text.HAL_RTC_DeactivateAlarm
                0x0000000008004100       0xb8 ./Drivers/STM32WLxx_HAL_Driver/Src/stm32wlxx_hal_rtc.o
                0x0000000008004100                HAL_RTC_DeactivateAlarm
 .text.HAL_RTC_AlarmIRQHandler
                0x00000000080041b8       0x54 ./Drivers/STM32WLxx_HAL_Driver/Src/stm32wlxx_hal_rtc.o
                0x00000000080041b8                HAL_RTC_AlarmIRQHandler
 .text.HAL_RTC_WaitForSynchro
                0x000000000800420c       0x4c ./Drivers/STM32WLxx_HAL_Driver/Src/stm32wlxx_hal_rtc.o
                0x000000000800420c                HAL_RTC_WaitForSynchro
 .text.RTC_EnterInitMode
                0x0000000008004258       0x68 ./Drivers/STM32WLxx_HAL_Driver/Src/stm32wlxx_hal_rtc.o
                0x0000000008004258                RTC_EnterInitMode
 .text.RTC_ExitInitMode
                0x00000000080042c0       0x7c ./Drivers/STM32WLxx_HAL_Driver/Src/stm32wlxx_hal_rtc.o
                0x00000000080042c0                RTC_ExitInitMode
 .text.RTC_ByteToBcd2
                0x000000000800433c       0x3e ./Drivers/STM32WLxx_HAL_Driver/Src/stm32wlxx_hal_rtc.o
                0x000000000800433c                RTC_ByteToBcd2
 *fill*         0x000000000800437a        0x2 
 .text.HAL_RTCEx_EnableBypassShadow
                0x000000000800437c       0x64 ./Drivers/STM32WLxx_HAL_Driver/Src/stm32wlxx_hal_rtc_ex.o
                0x000000000800437c                HAL_RTCEx_EnableBypassShadow
 .text.HAL_RTCEx_SetSSRU_IT
                0x00000000080043e0       0x78 ./Drivers/STM32WLxx_HAL_Driver/Src/stm32wlxx_hal_rtc_ex.o
                0x00000000080043e0                HAL_RTCEx_SetSSRU_IT
 .text.HAL_RTCEx_SSRUIRQHandler
                0x0000000008004458       0x34 ./Drivers/STM32WLxx_HAL_Driver/Src/stm32wlxx_hal_rtc_ex.o
                0x0000000008004458                HAL_RTCEx_SSRUIRQHandler
 .text.HAL_RTCEx_AlarmBEventCallback
                0x000000000800448c       0x12 ./Drivers/STM32WLxx_HAL_Driver/Src/stm32wlxx_hal_rtc_ex.o
                0x000000000800448c                HAL_RTCEx_AlarmBEventCallback
 *fill*         0x000000000800449e        0x2 
 .text.HAL_RTCEx_BKUPWrite
                0x00000000080044a0       0x30 ./Drivers/STM32WLxx_HAL_Driver/Src/stm32wlxx_hal_rtc_ex.o
                0x00000000080044a0                HAL_RTCEx_BKUPWrite
 .text.HAL_RTCEx_BKUPRead
                0x00000000080044d0       0x2c ./Drivers/STM32WLxx_HAL_Driver/Src/stm32wlxx_hal_rtc_ex.o
                0x00000000080044d0                HAL_RTCEx_BKUPRead
 .text.LL_PWR_SetRadioBusyTrigger
                0x00000000080044fc       0x28 ./Drivers/STM32WLxx_HAL_Driver/Src/stm32wlxx_hal_subghz.o
 .text.LL_PWR_UnselectSUBGHZSPI_NSS
                0x0000000008004524       0x20 ./Drivers/STM32WLxx_HAL_Driver/Src/stm32wlxx_hal_subghz.o
 .text.LL_PWR_SelectSUBGHZSPI_NSS
                0x0000000008004544       0x20 ./Drivers/STM32WLxx_HAL_Driver/Src/stm32wlxx_hal_subghz.o
 .text.LL_PWR_ClearFlag_RFBUSY
                0x0000000008004564       0x18 ./Drivers/STM32WLxx_HAL_Driver/Src/stm32wlxx_hal_subghz.o
 .text.LL_PWR_IsActiveFlag_RFBUSYS
                0x000000000800457c       0x24 ./Drivers/STM32WLxx_HAL_Driver/Src/stm32wlxx_hal_subghz.o
 .text.LL_PWR_IsActiveFlag_RFBUSYMS
                0x00000000080045a0       0x24 ./Drivers/STM32WLxx_HAL_Driver/Src/stm32wlxx_hal_subghz.o
 .text.LL_RCC_RF_DisableReset
                0x00000000080045c4       0x20 ./Drivers/STM32WLxx_HAL_Driver/Src/stm32wlxx_hal_subghz.o
 .text.LL_RCC_IsRFUnderReset
                0x00000000080045e4       0x24 ./Drivers/STM32WLxx_HAL_Driver/Src/stm32wlxx_hal_subghz.o
 .text.LL_EXTI_EnableIT_32_63
                0x0000000008004608       0x28 ./Drivers/STM32WLxx_HAL_Driver/Src/stm32wlxx_hal_subghz.o
 .text.HAL_SUBGHZ_Init
                0x0000000008004630       0xbc ./Drivers/STM32WLxx_HAL_Driver/Src/stm32wlxx_hal_subghz.o
                0x0000000008004630                HAL_SUBGHZ_Init
 .text.HAL_SUBGHZ_WriteRegisters
                0x00000000080046ec       0xbe ./Drivers/STM32WLxx_HAL_Driver/Src/stm32wlxx_hal_subghz.o
                0x00000000080046ec                HAL_SUBGHZ_WriteRegisters
 .text.HAL_SUBGHZ_ReadRegisters
                0x00000000080047aa       0xc2 ./Drivers/STM32WLxx_HAL_Driver/Src/stm32wlxx_hal_subghz.o
                0x00000000080047aa                HAL_SUBGHZ_ReadRegisters
 .text.HAL_SUBGHZ_ExecSetCmd
                0x000000000800486c       0xbe ./Drivers/STM32WLxx_HAL_Driver/Src/stm32wlxx_hal_subghz.o
                0x000000000800486c                HAL_SUBGHZ_ExecSetCmd
 .text.HAL_SUBGHZ_ExecGetCmd
                0x000000000800492a       0xa8 ./Drivers/STM32WLxx_HAL_Driver/Src/stm32wlxx_hal_subghz.o
                0x000000000800492a                HAL_SUBGHZ_ExecGetCmd
 .text.HAL_SUBGHZ_WriteBuffer
                0x00000000080049d2       0xa6 ./Drivers/STM32WLxx_HAL_Driver/Src/stm32wlxx_hal_subghz.o
                0x00000000080049d2                HAL_SUBGHZ_WriteBuffer
 .text.HAL_SUBGHZ_ReadBuffer
                0x0000000008004a78       0xb0 ./Drivers/STM32WLxx_HAL_Driver/Src/stm32wlxx_hal_subghz.o
                0x0000000008004a78                HAL_SUBGHZ_ReadBuffer
 .text.HAL_SUBGHZ_IRQHandler
                0x0000000008004b28       0xfc ./Drivers/STM32WLxx_HAL_Driver/Src/stm32wlxx_hal_subghz.o
                0x0000000008004b28                HAL_SUBGHZ_IRQHandler
 .text.SUBGHZSPI_Init
                0x0000000008004c24       0x40 ./Drivers/STM32WLxx_HAL_Driver/Src/stm32wlxx_hal_subghz.o
                0x0000000008004c24                SUBGHZSPI_Init
 .text.SUBGHZSPI_Transmit
                0x0000000008004c64       0xac ./Drivers/STM32WLxx_HAL_Driver/Src/stm32wlxx_hal_subghz.o
                0x0000000008004c64                SUBGHZSPI_Transmit
 .text.SUBGHZSPI_Receive
                0x0000000008004d10       0xb0 ./Drivers/STM32WLxx_HAL_Driver/Src/stm32wlxx_hal_subghz.o
                0x0000000008004d10                SUBGHZSPI_Receive
 .text.SUBGHZ_CheckDeviceReady
                0x0000000008004dc0       0x48 ./Drivers/STM32WLxx_HAL_Driver/Src/stm32wlxx_hal_subghz.o
                0x0000000008004dc0                SUBGHZ_CheckDeviceReady
 .text.SUBGHZ_WaitOnBusy
                0x0000000008004e08       0x5c ./Drivers/STM32WLxx_HAL_Driver/Src/stm32wlxx_hal_subghz.o
                0x0000000008004e08                SUBGHZ_WaitOnBusy
 .text.LL_RCC_GetUSARTClockSource
                0x0000000008004e64       0x24 ./Drivers/STM32WLxx_HAL_Driver/Src/stm32wlxx_hal_uart.o
 .text.LL_RCC_GetLPUARTClockSource
                0x0000000008004e88       0x1e ./Drivers/STM32WLxx_HAL_Driver/Src/stm32wlxx_hal_uart.o
 .text.HAL_UART_Init
                0x0000000008004ea6       0xa0 ./Drivers/STM32WLxx_HAL_Driver/Src/stm32wlxx_hal_uart.o
                0x0000000008004ea6                HAL_UART_Init
 *fill*         0x0000000008004f46        0x2 
 .text.HAL_UART_Receive_IT
                0x0000000008004f48       0xac ./Drivers/STM32WLxx_HAL_Driver/Src/stm32wlxx_hal_uart.o
                0x0000000008004f48                HAL_UART_Receive_IT
 .text.HAL_UART_Transmit_DMA
                0x0000000008004ff4      0x124 ./Drivers/STM32WLxx_HAL_Driver/Src/stm32wlxx_hal_uart.o
                0x0000000008004ff4                HAL_UART_Transmit_DMA
 .text.HAL_UART_IRQHandler
                0x0000000008005118      0x630 ./Drivers/STM32WLxx_HAL_Driver/Src/stm32wlxx_hal_uart.o
                0x0000000008005118                HAL_UART_IRQHandler
 .text.HAL_UART_TxHalfCpltCallback
                0x0000000008005748       0x12 ./Drivers/STM32WLxx_HAL_Driver/Src/stm32wlxx_hal_uart.o
                0x0000000008005748                HAL_UART_TxHalfCpltCallback
 .text.HAL_UART_ErrorCallback
                0x000000000800575a       0x12 ./Drivers/STM32WLxx_HAL_Driver/Src/stm32wlxx_hal_uart.o
                0x000000000800575a                HAL_UART_ErrorCallback
 .text.HAL_UARTEx_RxEventCallback
                0x000000000800576c       0x16 ./Drivers/STM32WLxx_HAL_Driver/Src/stm32wlxx_hal_uart.o
                0x000000000800576c                HAL_UARTEx_RxEventCallback
 *fill*         0x0000000008005782        0x2 
 .text.UART_SetConfig
                0x0000000008005784      0x4e8 ./Drivers/STM32WLxx_HAL_Driver/Src/stm32wlxx_hal_uart.o
                0x0000000008005784                UART_SetConfig
 .text.UART_AdvFeatureConfig
                0x0000000008005c6c      0x142 ./Drivers/STM32WLxx_HAL_Driver/Src/stm32wlxx_hal_uart.o
                0x0000000008005c6c                UART_AdvFeatureConfig
 .text.UART_CheckIdleState
                0x0000000008005dae       0x96 ./Drivers/STM32WLxx_HAL_Driver/Src/stm32wlxx_hal_uart.o
                0x0000000008005dae                UART_CheckIdleState
 .text.UART_WaitOnFlagUntilTimeout
                0x0000000008005e44      0x190 ./Drivers/STM32WLxx_HAL_Driver/Src/stm32wlxx_hal_uart.o
                0x0000000008005e44                UART_WaitOnFlagUntilTimeout
 .text.UART_Start_Receive_IT
                0x0000000008005fd4      0x250 ./Drivers/STM32WLxx_HAL_Driver/Src/stm32wlxx_hal_uart.o
                0x0000000008005fd4                UART_Start_Receive_IT
 .text.UART_EndTxTransfer
                0x0000000008006224       0x80 ./Drivers/STM32WLxx_HAL_Driver/Src/stm32wlxx_hal_uart.o
 .text.UART_EndRxTransfer
                0x00000000080062a4       0xca ./Drivers/STM32WLxx_HAL_Driver/Src/stm32wlxx_hal_uart.o
 .text.UART_DMATransmitCplt
                0x000000000800636e       0x9a ./Drivers/STM32WLxx_HAL_Driver/Src/stm32wlxx_hal_uart.o
 .text.UART_DMATxHalfCplt
                0x0000000008006408       0x1c ./Drivers/STM32WLxx_HAL_Driver/Src/stm32wlxx_hal_uart.o
 .text.UART_DMAError
                0x0000000008006424       0x80 ./Drivers/STM32WLxx_HAL_Driver/Src/stm32wlxx_hal_uart.o
 .text.UART_DMAAbortOnError
                0x00000000080064a4       0x2c ./Drivers/STM32WLxx_HAL_Driver/Src/stm32wlxx_hal_uart.o
 .text.UART_EndTransmit_IT
                0x00000000080064d0       0x56 ./Drivers/STM32WLxx_HAL_Driver/Src/stm32wlxx_hal_uart.o
 .text.UART_RxISR_8BIT
                0x0000000008006526      0x160 ./Drivers/STM32WLxx_HAL_Driver/Src/stm32wlxx_hal_uart.o
 .text.UART_RxISR_16BIT
                0x0000000008006686      0x160 ./Drivers/STM32WLxx_HAL_Driver/Src/stm32wlxx_hal_uart.o
 *fill*         0x00000000080067e6        0x2 
 .text.UART_RxISR_8BIT_FIFOEN
                0x00000000080067e8      0x2f8 ./Drivers/STM32WLxx_HAL_Driver/Src/stm32wlxx_hal_uart.o
 .text.UART_RxISR_16BIT_FIFOEN
                0x0000000008006ae0      0x300 ./Drivers/STM32WLxx_HAL_Driver/Src/stm32wlxx_hal_uart.o
 .text.HAL_UARTEx_WakeupCallback
                0x0000000008006de0       0x12 ./Drivers/STM32WLxx_HAL_Driver/Src/stm32wlxx_hal_uart_ex.o
                0x0000000008006de0                HAL_UARTEx_WakeupCallback
 .text.HAL_UARTEx_RxFifoFullCallback
                0x0000000008006df2       0x12 ./Drivers/STM32WLxx_HAL_Driver/Src/stm32wlxx_hal_uart_ex.o
                0x0000000008006df2                HAL_UARTEx_RxFifoFullCallback
 .text.HAL_UARTEx_TxFifoEmptyCallback
                0x0000000008006e04       0x12 ./Drivers/STM32WLxx_HAL_Driver/Src/stm32wlxx_hal_uart_ex.o
                0x0000000008006e04                HAL_UARTEx_TxFifoEmptyCallback
 .text.HAL_UARTEx_StopModeWakeUpSourceConfig
                0x0000000008006e16       0xb6 ./Drivers/STM32WLxx_HAL_Driver/Src/stm32wlxx_hal_uart_ex.o
                0x0000000008006e16                HAL_UARTEx_StopModeWakeUpSourceConfig
 .text.HAL_UARTEx_EnableStopMode
                0x0000000008006ecc       0x64 ./Drivers/STM32WLxx_HAL_Driver/Src/stm32wlxx_hal_uart_ex.o
                0x0000000008006ecc                HAL_UARTEx_EnableStopMode
 .text.HAL_UARTEx_EnableFifoMode
                0x0000000008006f30       0x76 ./Drivers/STM32WLxx_HAL_Driver/Src/stm32wlxx_hal_uart_ex.o
                0x0000000008006f30                HAL_UARTEx_EnableFifoMode
 .text.HAL_UARTEx_SetTxFifoThreshold
                0x0000000008006fa6       0x7c ./Drivers/STM32WLxx_HAL_Driver/Src/stm32wlxx_hal_uart_ex.o
                0x0000000008006fa6                HAL_UARTEx_SetTxFifoThreshold
 .text.HAL_UARTEx_SetRxFifoThreshold
                0x0000000008007022       0x7c ./Drivers/STM32WLxx_HAL_Driver/Src/stm32wlxx_hal_uart_ex.o
                0x0000000008007022                HAL_UARTEx_SetRxFifoThreshold
 .text.UARTEx_Wakeup_AddressConfig
                0x000000000800709e       0x44 ./Drivers/STM32WLxx_HAL_Driver/Src/stm32wlxx_hal_uart_ex.o
 *fill*         0x00000000080070e2        0x2 
 .text.UARTEx_SetNbDataToProcess
                0x00000000080070e4       0x98 ./Drivers/STM32WLxx_HAL_Driver/Src/stm32wlxx_hal_uart_ex.o
 .text.RadioInit
                0x000000000800717c       0xb8 ./Middlewares/Third_Party/SubGHz_Phy/stm32_radio_driver/radio.o
 .text.RadioGetStatus
                0x0000000008007234       0x2e ./Middlewares/Third_Party/SubGHz_Phy/stm32_radio_driver/radio.o
 *fill*         0x0000000008007262        0x2 
 .text.RadioSetModem
                0x0000000008007264       0xb8 ./Middlewares/Third_Party/SubGHz_Phy/stm32_radio_driver/radio.o
 .text.RadioSetChannel
                0x000000000800731c       0x16 ./Middlewares/Third_Party/SubGHz_Phy/stm32_radio_driver/radio.o
 .text.RadioIsChannelFree
                0x0000000008007332       0xb4 ./Middlewares/Third_Party/SubGHz_Phy/stm32_radio_driver/radio.o
 .text.RadioRandom
                0x00000000080073e6       0x26 ./Middlewares/Third_Party/SubGHz_Phy/stm32_radio_driver/radio.o
 .text.RadioSetRxConfig
                0x000000000800740c      0x400 ./Middlewares/Third_Party/SubGHz_Phy/stm32_radio_driver/radio.o
 .text.RadioSetTxConfig
                0x000000000800780c      0x218 ./Middlewares/Third_Party/SubGHz_Phy/stm32_radio_driver/radio.o
 .text.RadioCheckRfFrequency
                0x0000000008007a24       0x14 ./Middlewares/Third_Party/SubGHz_Phy/stm32_radio_driver/radio.o
 .text.RadioGetLoRaBandwidthInHz
                0x0000000008007a38       0xac ./Middlewares/Third_Party/SubGHz_Phy/stm32_radio_driver/radio.o
 .text.RadioGetGfskTimeOnAirNumerator
                0x0000000008007ae4       0x54 ./Middlewares/Third_Party/SubGHz_Phy/stm32_radio_driver/radio.o
 .text.RadioGetLoRaTimeOnAirNumerator
                0x0000000008007b38      0x102 ./Middlewares/Third_Party/SubGHz_Phy/stm32_radio_driver/radio.o
 *fill*         0x0000000008007c3a        0x2 
 .text.RadioTimeOnAir
                0x0000000008007c3c       0xb0 ./Middlewares/Third_Party/SubGHz_Phy/stm32_radio_driver/radio.o
 .text.RadioSend
                0x0000000008007cec      0x1f8 ./Middlewares/Third_Party/SubGHz_Phy/stm32_radio_driver/radio.o
 .text.RadioSleep
                0x0000000008007ee4       0x26 ./Middlewares/Third_Party/SubGHz_Phy/stm32_radio_driver/radio.o
 .text.RadioStandby
                0x0000000008007f0a        0xe ./Middlewares/Third_Party/SubGHz_Phy/stm32_radio_driver/radio.o
 .text.RadioRx  0x0000000008007f18       0x80 ./Middlewares/Third_Party/SubGHz_Phy/stm32_radio_driver/radio.o
 .text.RadioRxBoosted
                0x0000000008007f98       0x80 ./Middlewares/Third_Party/SubGHz_Phy/stm32_radio_driver/radio.o
 .text.RadioSetRxDutyCycle
                0x0000000008008018       0x48 ./Middlewares/Third_Party/SubGHz_Phy/stm32_radio_driver/radio.o
 .text.RadioStartCad
                0x0000000008008060       0x30 ./Middlewares/Third_Party/SubGHz_Phy/stm32_radio_driver/radio.o
 .text.RadioSetTxContinuousWave
                0x0000000008008090       0x58 ./Middlewares/Third_Party/SubGHz_Phy/stm32_radio_driver/radio.o
 .text.RadioRssi
                0x00000000080080e8       0x1a ./Middlewares/Third_Party/SubGHz_Phy/stm32_radio_driver/radio.o
 .text.RadioWrite
                0x0000000008008102       0x24 ./Middlewares/Third_Party/SubGHz_Phy/stm32_radio_driver/radio.o
 .text.RadioRead
                0x0000000008008126       0x1c ./Middlewares/Third_Party/SubGHz_Phy/stm32_radio_driver/radio.o
 .text.RadioWriteRegisters
                0x0000000008008142       0x26 ./Middlewares/Third_Party/SubGHz_Phy/stm32_radio_driver/radio.o
 .text.RadioReadRegisters
                0x0000000008008168       0x26 ./Middlewares/Third_Party/SubGHz_Phy/stm32_radio_driver/radio.o
 *fill*         0x000000000800818e        0x2 
 .text.RadioSetMaxPayloadLength
                0x0000000008008190       0x5c ./Middlewares/Third_Party/SubGHz_Phy/stm32_radio_driver/radio.o
 .text.RadioSetPublicNetwork
                0x00000000080081ec       0x5c ./Middlewares/Third_Party/SubGHz_Phy/stm32_radio_driver/radio.o
 .text.RadioGetWakeupTime
                0x0000000008008248       0x10 ./Middlewares/Third_Party/SubGHz_Phy/stm32_radio_driver/radio.o
 .text.RadioOnTxTimeoutIrq
                0x0000000008008258       0x14 ./Middlewares/Third_Party/SubGHz_Phy/stm32_radio_driver/radio.o
 .text.RadioOnRxTimeoutIrq
                0x000000000800826c       0x14 ./Middlewares/Third_Party/SubGHz_Phy/stm32_radio_driver/radio.o
 .text.RadioOnTxTimeoutProcess
                0x0000000008008280       0x28 ./Middlewares/Third_Party/SubGHz_Phy/stm32_radio_driver/radio.o
 .text.RadioOnRxTimeoutProcess
                0x00000000080082a8       0x28 ./Middlewares/Third_Party/SubGHz_Phy/stm32_radio_driver/radio.o
 .text.RadioOnDioIrq
                0x00000000080082d0       0x24 ./Middlewares/Third_Party/SubGHz_Phy/stm32_radio_driver/radio.o
 .text.RadioIrqProcess
                0x00000000080082f4      0x448 ./Middlewares/Third_Party/SubGHz_Phy/stm32_radio_driver/radio.o
 .text.RadioTxPrbs
                0x000000000800873c       0x38 ./Middlewares/Third_Party/SubGHz_Phy/stm32_radio_driver/radio.o
 .text.RadioTxCw
                0x0000000008008774       0x2e ./Middlewares/Third_Party/SubGHz_Phy/stm32_radio_driver/radio.o
 .text.payload_integration
                0x00000000080087a2      0x120 ./Middlewares/Third_Party/SubGHz_Phy/stm32_radio_driver/radio.o
 *fill*         0x00000000080088c2        0x2 
 .text.RadioSetRxGenericConfig
                0x00000000080088c4      0x388 ./Middlewares/Third_Party/SubGHz_Phy/stm32_radio_driver/radio.o
 .text.RadioSetTxGenericConfig
                0x0000000008008c4c      0x46c ./Middlewares/Third_Party/SubGHz_Phy/stm32_radio_driver/radio.o
 .text.SUBGRF_Init
                0x00000000080090b8       0x84 ./Middlewares/Third_Party/SubGHz_Phy/stm32_radio_driver/radio_driver.o
                0x00000000080090b8                SUBGRF_Init
 .text.SUBGRF_GetOperatingMode
                0x000000000800913c       0x14 ./Middlewares/Third_Party/SubGHz_Phy/stm32_radio_driver/radio_driver.o
                0x000000000800913c                SUBGRF_GetOperatingMode
 .text.SUBGRF_SetPayload
                0x0000000008009150       0x20 ./Middlewares/Third_Party/SubGHz_Phy/stm32_radio_driver/radio_driver.o
                0x0000000008009150                SUBGRF_SetPayload
 .text.SUBGRF_GetPayload
                0x0000000008009170       0x44 ./Middlewares/Third_Party/SubGHz_Phy/stm32_radio_driver/radio_driver.o
                0x0000000008009170                SUBGRF_GetPayload
 .text.SUBGRF_SendPayload
                0x00000000080091b4       0x26 ./Middlewares/Third_Party/SubGHz_Phy/stm32_radio_driver/radio_driver.o
                0x00000000080091b4                SUBGRF_SendPayload
 .text.SUBGRF_SetSyncWord
                0x00000000080091da       0x1e ./Middlewares/Third_Party/SubGHz_Phy/stm32_radio_driver/radio_driver.o
                0x00000000080091da                SUBGRF_SetSyncWord
 .text.SUBGRF_SetCrcSeed
                0x00000000080091f8       0x40 ./Middlewares/Third_Party/SubGHz_Phy/stm32_radio_driver/radio_driver.o
                0x00000000080091f8                SUBGRF_SetCrcSeed
 .text.SUBGRF_SetCrcPolynomial
                0x0000000008009238       0x40 ./Middlewares/Third_Party/SubGHz_Phy/stm32_radio_driver/radio_driver.o
                0x0000000008009238                SUBGRF_SetCrcPolynomial
 .text.SUBGRF_SetWhiteningSeed
                0x0000000008009278       0x66 ./Middlewares/Third_Party/SubGHz_Phy/stm32_radio_driver/radio_driver.o
                0x0000000008009278                SUBGRF_SetWhiteningSeed
 .text.SUBGRF_GetRandom
                0x00000000080092de       0x8c ./Middlewares/Third_Party/SubGHz_Phy/stm32_radio_driver/radio_driver.o
                0x00000000080092de                SUBGRF_GetRandom
 *fill*         0x000000000800936a        0x2 
 .text.SUBGRF_SetSleep
                0x000000000800936c       0x64 ./Middlewares/Third_Party/SubGHz_Phy/stm32_radio_driver/radio_driver.o
                0x000000000800936c                SUBGRF_SetSleep
 .text.SUBGRF_SetStandby
                0x00000000080093d0       0x38 ./Middlewares/Third_Party/SubGHz_Phy/stm32_radio_driver/radio_driver.o
                0x00000000080093d0                SUBGRF_SetStandby
 .text.SUBGRF_SetTx
                0x0000000008009408       0x40 ./Middlewares/Third_Party/SubGHz_Phy/stm32_radio_driver/radio_driver.o
                0x0000000008009408                SUBGRF_SetTx
 .text.SUBGRF_SetRx
                0x0000000008009448       0x40 ./Middlewares/Third_Party/SubGHz_Phy/stm32_radio_driver/radio_driver.o
                0x0000000008009448                SUBGRF_SetRx
 .text.SUBGRF_SetRxBoosted
                0x0000000008009488       0x48 ./Middlewares/Third_Party/SubGHz_Phy/stm32_radio_driver/radio_driver.o
                0x0000000008009488                SUBGRF_SetRxBoosted
 .text.SUBGRF_SetRxDutyCycle
                0x00000000080094d0       0x58 ./Middlewares/Third_Party/SubGHz_Phy/stm32_radio_driver/radio_driver.o
                0x00000000080094d0                SUBGRF_SetRxDutyCycle
 .text.SUBGRF_SetCad
                0x0000000008009528       0x1c ./Middlewares/Third_Party/SubGHz_Phy/stm32_radio_driver/radio_driver.o
                0x0000000008009528                SUBGRF_SetCad
 .text.SUBGRF_SetTxContinuousWave
                0x0000000008009544       0x12 ./Middlewares/Third_Party/SubGHz_Phy/stm32_radio_driver/radio_driver.o
                0x0000000008009544                SUBGRF_SetTxContinuousWave
 .text.SUBGRF_SetTxInfinitePreamble
                0x0000000008009556       0x12 ./Middlewares/Third_Party/SubGHz_Phy/stm32_radio_driver/radio_driver.o
                0x0000000008009556                SUBGRF_SetTxInfinitePreamble
 .text.SUBGRF_SetStopRxTimerOnPreambleDetect
                0x0000000008009568       0x1e ./Middlewares/Third_Party/SubGHz_Phy/stm32_radio_driver/radio_driver.o
                0x0000000008009568                SUBGRF_SetStopRxTimerOnPreambleDetect
 .text.SUBGRF_SetLoRaSymbNumTimeout
                0x0000000008009586       0x5e ./Middlewares/Third_Party/SubGHz_Phy/stm32_radio_driver/radio_driver.o
                0x0000000008009586                SUBGRF_SetLoRaSymbNumTimeout
 .text.SUBGRF_SetRegulatorMode
                0x00000000080095e4       0x2e ./Middlewares/Third_Party/SubGHz_Phy/stm32_radio_driver/radio_driver.o
                0x00000000080095e4                SUBGRF_SetRegulatorMode
 .text.SUBGRF_Calibrate
                0x0000000008009612       0x8c ./Middlewares/Third_Party/SubGHz_Phy/stm32_radio_driver/radio_driver.o
                0x0000000008009612                SUBGRF_Calibrate
 *fill*         0x000000000800969e        0x2 
 .text.SUBGRF_CalibrateImage
                0x00000000080096a0       0x8c ./Middlewares/Third_Party/SubGHz_Phy/stm32_radio_driver/radio_driver.o
                0x00000000080096a0                SUBGRF_CalibrateImage
 .text.SUBGRF_SetPaConfig
                0x000000000800972c       0x44 ./Middlewares/Third_Party/SubGHz_Phy/stm32_radio_driver/radio_driver.o
                0x000000000800972c                SUBGRF_SetPaConfig
 .text.SUBGRF_SetDioIrqParams
                0x0000000008009770       0x74 ./Middlewares/Third_Party/SubGHz_Phy/stm32_radio_driver/radio_driver.o
                0x0000000008009770                SUBGRF_SetDioIrqParams
 .text.SUBGRF_SetTcxoMode
                0x00000000080097e4       0x42 ./Middlewares/Third_Party/SubGHz_Phy/stm32_radio_driver/radio_driver.o
                0x00000000080097e4                SUBGRF_SetTcxoMode
 *fill*         0x0000000008009826        0x2 
 .text.SUBGRF_SetRfFrequency
                0x0000000008009828       0x8c ./Middlewares/Third_Party/SubGHz_Phy/stm32_radio_driver/radio_driver.o
                0x0000000008009828                SUBGRF_SetRfFrequency
 .text.SUBGRF_SetPacketType
                0x00000000080098b4       0x38 ./Middlewares/Third_Party/SubGHz_Phy/stm32_radio_driver/radio_driver.o
                0x00000000080098b4                SUBGRF_SetPacketType
 .text.SUBGRF_GetPacketType
                0x00000000080098ec       0x14 ./Middlewares/Third_Party/SubGHz_Phy/stm32_radio_driver/radio_driver.o
                0x00000000080098ec                SUBGRF_GetPacketType
 .text.SUBGRF_SetTxParams
                0x0000000008009900      0x19a ./Middlewares/Third_Party/SubGHz_Phy/stm32_radio_driver/radio_driver.o
                0x0000000008009900                SUBGRF_SetTxParams
 *fill*         0x0000000008009a9a        0x2 
 .text.SUBGRF_SetModulationParams
                0x0000000008009a9c      0x1a4 ./Middlewares/Third_Party/SubGHz_Phy/stm32_radio_driver/radio_driver.o
                0x0000000008009a9c                SUBGRF_SetModulationParams
 .text.SUBGRF_SetPacketParams
                0x0000000008009c40      0x13c ./Middlewares/Third_Party/SubGHz_Phy/stm32_radio_driver/radio_driver.o
                0x0000000008009c40                SUBGRF_SetPacketParams
 .text.SUBGRF_SetBufferBaseAddress
                0x0000000008009d7c       0x2e ./Middlewares/Third_Party/SubGHz_Phy/stm32_radio_driver/radio_driver.o
                0x0000000008009d7c                SUBGRF_SetBufferBaseAddress
 .text.SUBGRF_GetRssiInst
                0x0000000008009daa       0x2a ./Middlewares/Third_Party/SubGHz_Phy/stm32_radio_driver/radio_driver.o
                0x0000000008009daa                SUBGRF_GetRssiInst
 .text.SUBGRF_GetRxBufferStatus
                0x0000000008009dd4       0x58 ./Middlewares/Third_Party/SubGHz_Phy/stm32_radio_driver/radio_driver.o
                0x0000000008009dd4                SUBGRF_GetRxBufferStatus
 .text.SUBGRF_GetPacketStatus
                0x0000000008009e2c       0xa4 ./Middlewares/Third_Party/SubGHz_Phy/stm32_radio_driver/radio_driver.o
                0x0000000008009e2c                SUBGRF_GetPacketStatus
 .text.SUBGRF_WriteRegister
                0x0000000008009ed0       0x28 ./Middlewares/Third_Party/SubGHz_Phy/stm32_radio_driver/radio_driver.o
                0x0000000008009ed0                SUBGRF_WriteRegister
 .text.SUBGRF_ReadRegister
                0x0000000008009ef8       0x28 ./Middlewares/Third_Party/SubGHz_Phy/stm32_radio_driver/radio_driver.o
                0x0000000008009ef8                SUBGRF_ReadRegister
 .text.SUBGRF_WriteRegisters
                0x0000000008009f20       0x44 ./Middlewares/Third_Party/SubGHz_Phy/stm32_radio_driver/radio_driver.o
                0x0000000008009f20                SUBGRF_WriteRegisters
 .text.SUBGRF_ReadRegisters
                0x0000000008009f64       0x44 ./Middlewares/Third_Party/SubGHz_Phy/stm32_radio_driver/radio_driver.o
                0x0000000008009f64                SUBGRF_ReadRegisters
 .text.SUBGRF_WriteBuffer
                0x0000000008009fa8       0x44 ./Middlewares/Third_Party/SubGHz_Phy/stm32_radio_driver/radio_driver.o
                0x0000000008009fa8                SUBGRF_WriteBuffer
 .text.SUBGRF_ReadBuffer
                0x0000000008009fec       0x44 ./Middlewares/Third_Party/SubGHz_Phy/stm32_radio_driver/radio_driver.o
                0x0000000008009fec                SUBGRF_ReadBuffer
 .text.SUBGRF_WriteCommand
                0x000000000800a030       0x44 ./Middlewares/Third_Party/SubGHz_Phy/stm32_radio_driver/radio_driver.o
 .text.SUBGRF_ReadCommand
                0x000000000800a074       0x44 ./Middlewares/Third_Party/SubGHz_Phy/stm32_radio_driver/radio_driver.o
 .text.SUBGRF_SetSwitch
                0x000000000800a0b8       0x50 ./Middlewares/Third_Party/SubGHz_Phy/stm32_radio_driver/radio_driver.o
                0x000000000800a0b8                SUBGRF_SetSwitch
 .text.SUBGRF_SetRfTxPower
                0x000000000800a108       0x68 ./Middlewares/Third_Party/SubGHz_Phy/stm32_radio_driver/radio_driver.o
                0x000000000800a108                SUBGRF_SetRfTxPower
 .text.SUBGRF_GetRadioWakeUpTime
                0x000000000800a170        0xe ./Middlewares/Third_Party/SubGHz_Phy/stm32_radio_driver/radio_driver.o
                0x000000000800a170                SUBGRF_GetRadioWakeUpTime
 *fill*         0x000000000800a17e        0x2 
 .text.HAL_SUBGHZ_TxCpltCallback
                0x000000000800a180       0x1c ./Middlewares/Third_Party/SubGHz_Phy/stm32_radio_driver/radio_driver.o
                0x000000000800a180                HAL_SUBGHZ_TxCpltCallback
 .text.HAL_SUBGHZ_RxCpltCallback
                0x000000000800a19c       0x1c ./Middlewares/Third_Party/SubGHz_Phy/stm32_radio_driver/radio_driver.o
                0x000000000800a19c                HAL_SUBGHZ_RxCpltCallback
 .text.HAL_SUBGHZ_CRCErrorCallback
                0x000000000800a1b8       0x1c ./Middlewares/Third_Party/SubGHz_Phy/stm32_radio_driver/radio_driver.o
                0x000000000800a1b8                HAL_SUBGHZ_CRCErrorCallback
 .text.HAL_SUBGHZ_CADStatusCallback
                0x000000000800a1d4       0x3c ./Middlewares/Third_Party/SubGHz_Phy/stm32_radio_driver/radio_driver.o
                0x000000000800a1d4                HAL_SUBGHZ_CADStatusCallback
 .text.HAL_SUBGHZ_RxTxTimeoutCallback
                0x000000000800a210       0x20 ./Middlewares/Third_Party/SubGHz_Phy/stm32_radio_driver/radio_driver.o
                0x000000000800a210                HAL_SUBGHZ_RxTxTimeoutCallback
 .text.HAL_SUBGHZ_HeaderErrorCallback
                0x000000000800a230       0x1c ./Middlewares/Third_Party/SubGHz_Phy/stm32_radio_driver/radio_driver.o
                0x000000000800a230                HAL_SUBGHZ_HeaderErrorCallback
 .text.HAL_SUBGHZ_PreambleDetectedCallback
                0x000000000800a24c       0x1c ./Middlewares/Third_Party/SubGHz_Phy/stm32_radio_driver/radio_driver.o
                0x000000000800a24c                HAL_SUBGHZ_PreambleDetectedCallback
 .text.HAL_SUBGHZ_SyncWordValidCallback
                0x000000000800a268       0x1c ./Middlewares/Third_Party/SubGHz_Phy/stm32_radio_driver/radio_driver.o
                0x000000000800a268                HAL_SUBGHZ_SyncWordValidCallback
 .text.HAL_SUBGHZ_HeaderValidCallback
                0x000000000800a284       0x1c ./Middlewares/Third_Party/SubGHz_Phy/stm32_radio_driver/radio_driver.o
                0x000000000800a284                HAL_SUBGHZ_HeaderValidCallback
 .text.Radio_SMPS_Set
                0x000000000800a2a0       0x42 ./Middlewares/Third_Party/SubGHz_Phy/stm32_radio_driver/radio_driver.o
 *fill*         0x000000000800a2e2        0x2 
 .text.SUBGRF_GetFskBandwidthRegValue
                0x000000000800a2e4       0x50 ./Middlewares/Third_Party/SubGHz_Phy/stm32_radio_driver/radio_driver.o
                0x000000000800a2e4                SUBGRF_GetFskBandwidthRegValue
 .text.SUBGRF_GetCFO
                0x000000000800a334       0xe8 ./Middlewares/Third_Party/SubGHz_Phy/stm32_radio_driver/radio_driver.o
                0x000000000800a334                SUBGRF_GetCFO
 .text.RFW_TransmitLongPacket
                0x000000000800a41c       0x24 ./Middlewares/Third_Party/SubGHz_Phy/stm32_radio_driver/radio_fw.o
                0x000000000800a41c                RFW_TransmitLongPacket
 .text.RFW_ReceiveLongPacket
                0x000000000800a440       0x24 ./Middlewares/Third_Party/SubGHz_Phy/stm32_radio_driver/radio_fw.o
                0x000000000800a440                RFW_ReceiveLongPacket
 .text.RFW_Init
                0x000000000800a464       0x1a ./Middlewares/Third_Party/SubGHz_Phy/stm32_radio_driver/radio_fw.o
                0x000000000800a464                RFW_Init
 .text.RFW_DeInit
                0x000000000800a47e        0xc ./Middlewares/Third_Party/SubGHz_Phy/stm32_radio_driver/radio_fw.o
                0x000000000800a47e                RFW_DeInit
 .text.RFW_Is_Init
                0x000000000800a48a        0xe ./Middlewares/Third_Party/SubGHz_Phy/stm32_radio_driver/radio_fw.o
                0x000000000800a48a                RFW_Is_Init
 .text.RFW_Is_LongPacketModeEnabled
                0x000000000800a498        0xe ./Middlewares/Third_Party/SubGHz_Phy/stm32_radio_driver/radio_fw.o
                0x000000000800a498                RFW_Is_LongPacketModeEnabled
 .text.RFW_SetAntSwitch
                0x000000000800a4a6       0x14 ./Middlewares/Third_Party/SubGHz_Phy/stm32_radio_driver/radio_fw.o
                0x000000000800a4a6                RFW_SetAntSwitch
 .text.RFW_TransmitInit
                0x000000000800a4ba       0x20 ./Middlewares/Third_Party/SubGHz_Phy/stm32_radio_driver/radio_fw.o
                0x000000000800a4ba                RFW_TransmitInit
 .text.RFW_ReceiveInit
                0x000000000800a4da       0x10 ./Middlewares/Third_Party/SubGHz_Phy/stm32_radio_driver/radio_fw.o
                0x000000000800a4da                RFW_ReceiveInit
 .text.RFW_DeInit_TxLongPacket
                0x000000000800a4ea        0xc ./Middlewares/Third_Party/SubGHz_Phy/stm32_radio_driver/radio_fw.o
                0x000000000800a4ea                RFW_DeInit_TxLongPacket
 .text.RFW_ReceivePayload
                0x000000000800a4f6        0xc ./Middlewares/Third_Party/SubGHz_Phy/stm32_radio_driver/radio_fw.o
                0x000000000800a4f6                RFW_ReceivePayload
 .text.RFW_SetRadioModem
                0x000000000800a502       0x14 ./Middlewares/Third_Party/SubGHz_Phy/stm32_radio_driver/radio_fw.o
                0x000000000800a502                RFW_SetRadioModem
 .text.MX_SubGHz_Phy_Init
                0x000000000800a516       0x10 ./SubGHz_Phy/App/app_subghz_phy.o
                0x000000000800a516                MX_SubGHz_Phy_Init
 .text.MX_SubGHz_Phy_Process
                0x000000000800a526       0x10 ./SubGHz_Phy/App/app_subghz_phy.o
                0x000000000800a526                MX_SubGHz_Phy_Process
 *fill*         0x000000000800a536        0x2 
 .text.SubghzApp_Init
                0x000000000800a538       0x4c ./SubGHz_Phy/App/subghz_phy_app.o
                0x000000000800a538                SubghzApp_Init
 .text.OnTxDone
                0x000000000800a584        0xc ./SubGHz_Phy/App/subghz_phy_app.o
 .text.OnRxDone
                0x000000000800a590       0x24 ./SubGHz_Phy/App/subghz_phy_app.o
 .text.OnTxTimeout
                0x000000000800a5b4        0xc ./SubGHz_Phy/App/subghz_phy_app.o
 .text.OnRxTimeout
                0x000000000800a5c0        0xc ./SubGHz_Phy/App/subghz_phy_app.o
 .text.OnRxError
                0x000000000800a5cc        0xc ./SubGHz_Phy/App/subghz_phy_app.o
 .text.RBI_Init
                0x000000000800a5d8        0xe ./SubGHz_Phy/Target/radio_board_if.o
                0x000000000800a5d8                RBI_Init
 .text.RBI_ConfigRFSwitch
                0x000000000800a5e6       0x1c ./SubGHz_Phy/Target/radio_board_if.o
                0x000000000800a5e6                RBI_ConfigRFSwitch
 .text.RBI_GetTxConfig
                0x000000000800a602        0xe ./SubGHz_Phy/Target/radio_board_if.o
                0x000000000800a602                RBI_GetTxConfig
 .text.RBI_IsTCXO
                0x000000000800a610        0xe ./SubGHz_Phy/Target/radio_board_if.o
                0x000000000800a610                RBI_IsTCXO
 .text.RBI_IsDCDC
                0x000000000800a61e        0xe ./SubGHz_Phy/Target/radio_board_if.o
                0x000000000800a61e                RBI_IsDCDC
 .text.RBI_GetRFOMaxPowerConfig
                0x000000000800a62c       0x1c ./SubGHz_Phy/Target/radio_board_if.o
                0x000000000800a62c                RBI_GetRFOMaxPowerConfig
 .text.UTIL_LPM_Init
                0x000000000800a648       0x20 ./Utilities/lpm/tiny_lpm/stm32_lpm.o
                0x000000000800a648                UTIL_LPM_Init
 .text.UTIL_LPM_SetStopMode
                0x000000000800a668       0x60 ./Utilities/lpm/tiny_lpm/stm32_lpm.o
                0x000000000800a668                UTIL_LPM_SetStopMode
 .text.UTIL_LPM_SetOffMode
                0x000000000800a6c8       0x60 ./Utilities/lpm/tiny_lpm/stm32_lpm.o
                0x000000000800a6c8                UTIL_LPM_SetOffMode
 .text.UTIL_LPM_EnterLowPower
                0x000000000800a728       0x6c ./Utilities/lpm/tiny_lpm/stm32_lpm.o
                0x000000000800a728                UTIL_LPM_EnterLowPower
 .text.UTIL_MEM_cpy_8
                0x000000000800a794       0x3e ./Utilities/misc/stm32_mem.o
                0x000000000800a794                UTIL_MEM_cpy_8
 .text.UTIL_MEM_set_8
                0x000000000800a7d2       0x36 ./Utilities/misc/stm32_mem.o
                0x000000000800a7d2                UTIL_MEM_set_8
 .text.SysTimeAdd
                0x000000000800a808       0x72 ./Utilities/misc/stm32_systime.o
                0x000000000800a808                SysTimeAdd
 *fill*         0x000000000800a87a        0x2 
 .text.SysTimeGet
                0x000000000800a87c       0x70 ./Utilities/misc/stm32_systime.o
                0x000000000800a87c                SysTimeGet
 .text.ee_skip_atoi
                0x000000000800a8ec       0x4c ./Utilities/misc/stm32_tiny_vsnprintf.o
 .text.ee_number
                0x000000000800a938      0x1dc ./Utilities/misc/stm32_tiny_vsnprintf.o
 .text.tiny_vsnprintf_like
                0x000000000800ab14      0x2ac ./Utilities/misc/stm32_tiny_vsnprintf.o
                0x000000000800ab14                tiny_vsnprintf_like
 .text.UTIL_SEQ_Run
                0x000000000800adc0      0x1f8 ./Utilities/sequencer/stm32_seq.o
                0x000000000800adc0                UTIL_SEQ_Run
 .text.UTIL_SEQ_PreIdle
                0x000000000800afb8        0xc ./Utilities/sequencer/stm32_seq.o
                0x000000000800afb8                UTIL_SEQ_PreIdle
 .text.UTIL_SEQ_PostIdle
                0x000000000800afc4        0xc ./Utilities/sequencer/stm32_seq.o
                0x000000000800afc4                UTIL_SEQ_PostIdle
 .text.SEQ_BitPosition
                0x000000000800afd0       0x74 ./Utilities/sequencer/stm32_seq.o
                0x000000000800afd0                SEQ_BitPosition
 .text.UTIL_TIMER_Init
                0x000000000800b044       0x20 ./Utilities/timer/stm32_timer.o
                0x000000000800b044                UTIL_TIMER_Init
 .text.UTIL_TIMER_Create
                0x000000000800b064       0x6c ./Utilities/timer/stm32_timer.o
                0x000000000800b064                UTIL_TIMER_Create
 .text.UTIL_TIMER_Start
                0x000000000800b0d0       0xdc ./Utilities/timer/stm32_timer.o
                0x000000000800b0d0                UTIL_TIMER_Start
 .text.UTIL_TIMER_Stop
                0x000000000800b1ac       0xe0 ./Utilities/timer/stm32_timer.o
                0x000000000800b1ac                UTIL_TIMER_Stop
 .text.UTIL_TIMER_SetPeriod
                0x000000000800b28c       0x54 ./Utilities/timer/stm32_timer.o
                0x000000000800b28c                UTIL_TIMER_SetPeriod
 .text.UTIL_TIMER_IRQ_Handler
                0x000000000800b2e0      0x100 ./Utilities/timer/stm32_timer.o
                0x000000000800b2e0                UTIL_TIMER_IRQ_Handler
 .text.UTIL_TIMER_GetCurrentTime
                0x000000000800b3e0       0x24 ./Utilities/timer/stm32_timer.o
                0x000000000800b3e0                UTIL_TIMER_GetCurrentTime
 .text.UTIL_TIMER_GetElapsedTime
                0x000000000800b404       0x38 ./Utilities/timer/stm32_timer.o
                0x000000000800b404                UTIL_TIMER_GetElapsedTime
 .text.TimerExists
                0x000000000800b43c       0x38 ./Utilities/timer/stm32_timer.o
                0x000000000800b43c                TimerExists
 .text.TimerSetTimeout
                0x000000000800b474       0x54 ./Utilities/timer/stm32_timer.o
                0x000000000800b474                TimerSetTimeout
 .text.TimerInsertTimer
                0x000000000800b4c8       0x60 ./Utilities/timer/stm32_timer.o
                0x000000000800b4c8                TimerInsertTimer
 .text.TimerInsertNewHeadTimer
                0x000000000800b528       0x3c ./Utilities/timer/stm32_timer.o
                0x000000000800b528                TimerInsertNewHeadTimer
 .text.UTIL_ADV_TRACE_Init
                0x000000000800b564       0x38 ./Utilities/trace/adv_trace/stm32_adv_trace.o
                0x000000000800b564                UTIL_ADV_TRACE_Init
 .text.UTIL_ADV_TRACE_COND_FSend
                0x000000000800b59c      0x100 ./Utilities/trace/adv_trace/stm32_adv_trace.o
                0x000000000800b59c                UTIL_ADV_TRACE_COND_FSend
 .text.UTIL_ADV_TRACE_RegisterTimeStampFunction
                0x000000000800b69c       0x1c ./Utilities/trace/adv_trace/stm32_adv_trace.o
                0x000000000800b69c                UTIL_ADV_TRACE_RegisterTimeStampFunction
 .text.UTIL_ADV_TRACE_SetVerboseLevel
                0x000000000800b6b8       0x20 ./Utilities/trace/adv_trace/stm32_adv_trace.o
                0x000000000800b6b8                UTIL_ADV_TRACE_SetVerboseLevel
 .text.TRACE_Send
                0x000000000800b6d8      0x108 ./Utilities/trace/adv_trace/stm32_adv_trace.o
 .text.TRACE_TxCpltCallback
                0x000000000800b7e0      0x118 ./Utilities/trace/adv_trace/stm32_adv_trace.o
 .text.TRACE_AllocateBufer
                0x000000000800b8f8       0xfc ./Utilities/trace/adv_trace/stm32_adv_trace.o
 .text.TRACE_Lock
                0x000000000800b9f4       0x3c ./Utilities/trace/adv_trace/stm32_adv_trace.o
 .text.TRACE_UnLock
                0x000000000800ba30       0x3c ./Utilities/trace/adv_trace/stm32_adv_trace.o
 .text.TRACE_IsLocked
                0x000000000800ba6c       0x20 ./Utilities/trace/adv_trace/stm32_adv_trace.o
 .text.__libc_init_array
                0x000000000800ba8c       0x48 c:/st/stm32cubeide_1.9.0/stm32cubeide/plugins/com.st.stm32cube.ide.mcu.externaltools.gnu-tools-for-stm32.10.3-2021.10.win32_1.0.0.202111181127/tools/bin/../lib/gcc/arm-none-eabi/10.3.1/../../../../arm-none-eabi/lib/thumb/v7e-m/nofp\libc_nano.a(lib_a-init.o)
                0x000000000800ba8c                __libc_init_array
 .text.memset   0x000000000800bad4       0x10 c:/st/stm32cubeide_1.9.0/stm32cubeide/plugins/com.st.stm32cube.ide.mcu.externaltools.gnu-tools-for-stm32.10.3-2021.10.win32_1.0.0.202111181127/tools/bin/../lib/gcc/arm-none-eabi/10.3.1/../../../../arm-none-eabi/lib/thumb/v7e-m/nofp\libc_nano.a(lib_a-memset.o)
                0x000000000800bad4                memset
 *(.glue_7)
 .glue_7        0x000000000800bae4        0x0 linker stubs
 *(.glue_7t)
 .glue_7t       0x000000000800bae4        0x0 linker stubs
 *(.eh_frame)
 .eh_frame      0x000000000800bae4        0x0 c:/st/stm32cubeide_1.9.0/stm32cubeide/plugins/com.st.stm32cube.ide.mcu.externaltools.gnu-tools-for-stm32.10.3-2021.10.win32_1.0.0.202111181127/tools/bin/../lib/gcc/arm-none-eabi/10.3.1/thumb/v7e-m/nofp/crtbegin.o
 *(.init)
 .init          0x000000000800bae4        0x4 c:/st/stm32cubeide_1.9.0/stm32cubeide/plugins/com.st.stm32cube.ide.mcu.externaltools.gnu-tools-for-stm32.10.3-2021.10.win32_1.0.0.202111181127/tools/bin/../lib/gcc/arm-none-eabi/10.3.1/thumb/v7e-m/nofp/crti.o
                0x000000000800bae4                _init
 .init          0x000000000800bae8        0x8 c:/st/stm32cubeide_1.9.0/stm32cubeide/plugins/com.st.stm32cube.ide.mcu.externaltools.gnu-tools-for-stm32.10.3-2021.10.win32_1.0.0.202111181127/tools/bin/../lib/gcc/arm-none-eabi/10.3.1/thumb/v7e-m/nofp/crtn.o
 *(.fini)
 .fini          0x000000000800baf0        0x4 c:/st/stm32cubeide_1.9.0/stm32cubeide/plugins/com.st.stm32cube.ide.mcu.externaltools.gnu-tools-for-stm32.10.3-2021.10.win32_1.0.0.202111181127/tools/bin/../lib/gcc/arm-none-eabi/10.3.1/thumb/v7e-m/nofp/crti.o
                0x000000000800baf0                _fini
 .fini          0x000000000800baf4        0x8 c:/st/stm32cubeide_1.9.0/stm32cubeide/plugins/com.st.stm32cube.ide.mcu.externaltools.gnu-tools-for-stm32.10.3-2021.10.win32_1.0.0.202111181127/tools/bin/../lib/gcc/arm-none-eabi/10.3.1/thumb/v7e-m/nofp/crtn.o
                0x000000000800bafc                . = ALIGN (0x4)
                0x000000000800bafc                _etext = .

.vfp11_veneer   0x000000000800bafc        0x0
 .vfp11_veneer  0x000000000800bafc        0x0 linker stubs

.v4_bx          0x000000000800bafc        0x0
 .v4_bx         0x000000000800bafc        0x0 linker stubs

.iplt           0x000000000800bafc        0x0
 .iplt          0x000000000800bafc        0x0 c:/st/stm32cubeide_1.9.0/stm32cubeide/plugins/com.st.stm32cube.ide.mcu.externaltools.gnu-tools-for-stm32.10.3-2021.10.win32_1.0.0.202111181127/tools/bin/../lib/gcc/arm-none-eabi/10.3.1/thumb/v7e-m/nofp/crtbegin.o

.rodata         0x000000000800bafc      0x388
                0x000000000800bafc                . = ALIGN (0x4)
 *(.rodata)
 .rodata        0x000000000800bafc        0x9 ./Core/Src/sys_app.o
 *fill*         0x000000000800bb05        0x3 
 .rodata        0x000000000800bb08       0x1c ./Drivers/STM32WLxx_HAL_Driver/Src/stm32wlxx_hal_rcc.o
 .rodata        0x000000000800bb24       0x7c ./Middlewares/Third_Party/SubGHz_Phy/stm32_radio_driver/radio.o
 .rodata        0x000000000800bba0       0x11 ./Middlewares/Third_Party/SubGHz_Phy/stm32_radio_driver/radio_driver.o
 *fill*         0x000000000800bbb1        0x3 
 .rodata        0x000000000800bbb4       0x57 ./Utilities/misc/stm32_tiny_vsnprintf.o
 *(.rodata*)
 *fill*         0x000000000800bc0b        0x1 
 .rodata.UTIL_PowerDriver
                0x000000000800bc0c       0x18 ./Core/Src/stm32_lpm_if.o
                0x000000000800bc0c                UTIL_PowerDriver
 .rodata.AHBPrescTable
                0x000000000800bc24       0x40 ./Core/Src/system_stm32wlxx.o
                0x000000000800bc24                AHBPrescTable
 .rodata.APBPrescTable
                0x000000000800bc64       0x20 ./Core/Src/system_stm32wlxx.o
                0x000000000800bc64                APBPrescTable
 .rodata.MSIRangeTable
                0x000000000800bc84       0x40 ./Core/Src/system_stm32wlxx.o
                0x000000000800bc84                MSIRangeTable
 .rodata.UTIL_TimerDriver
                0x000000000800bcc4       0x2c ./Core/Src/timer_if.o
                0x000000000800bcc4                UTIL_TimerDriver
 .rodata.UTIL_SYSTIMDriver
                0x000000000800bcf0       0x14 ./Core/Src/timer_if.o
                0x000000000800bcf0                UTIL_SYSTIMDriver
 .rodata.UTIL_TraceDriver
                0x000000000800bd04       0x10 ./Core/Src/usart_if.o
                0x000000000800bd04                UTIL_TraceDriver
 .rodata.UARTPrescTable
                0x000000000800bd14       0x18 ./Drivers/STM32WLxx_HAL_Driver/Src/stm32wlxx_hal_uart.o
                0x000000000800bd14                UARTPrescTable
 .rodata.numerator.1
                0x000000000800bd2c        0x8 ./Drivers/STM32WLxx_HAL_Driver/Src/stm32wlxx_hal_uart_ex.o
 .rodata.denominator.0
                0x000000000800bd34        0x8 ./Drivers/STM32WLxx_HAL_Driver/Src/stm32wlxx_hal_uart_ex.o
 .rodata.Radio  0x000000000800bd3c       0x84 ./Middlewares/Third_Party/SubGHz_Phy/stm32_radio_driver/radio.o
                0x000000000800bd3c                Radio
 .rodata.Bandwidths
                0x000000000800bdc0        0x3 ./Middlewares/Third_Party/SubGHz_Phy/stm32_radio_driver/radio.o
                0x000000000800bdc0                Bandwidths
 *fill*         0x000000000800bdc3        0x1 
 .rodata.FskBandwidths
                0x000000000800bdc4       0xb0 ./Middlewares/Third_Party/SubGHz_Phy/stm32_radio_driver/radio_driver.o
 .rodata.SEQ_clz_table_4bit
                0x000000000800be74       0x10 ./Utilities/sequencer/stm32_seq.o
                0x000000000800be74                SEQ_clz_table_4bit
                0x000000000800be84                . = ALIGN (0x4)

.ARM.extab      0x000000000800be84        0x0
                0x000000000800be84                . = ALIGN (0x4)
 *(.ARM.extab* .gnu.linkonce.armextab.*)
                0x000000000800be84                . = ALIGN (0x4)

.ARM            0x000000000800be84        0x8
                0x000000000800be84                . = ALIGN (0x4)
                0x000000000800be84                __exidx_start = .
 *(.ARM.exidx*)
 .ARM.exidx     0x000000000800be84        0x8 c:/st/stm32cubeide_1.9.0/stm32cubeide/plugins/com.st.stm32cube.ide.mcu.externaltools.gnu-tools-for-stm32.10.3-2021.10.win32_1.0.0.202111181127/tools/bin/../lib/gcc/arm-none-eabi/10.3.1/thumb/v7e-m/nofp\libgcc.a(_udivmoddi4.o)
                0x000000000800be8c                __exidx_end = .
                0x000000000800be8c                . = ALIGN (0x4)

.rel.dyn        0x000000000800be8c        0x0
 .rel.iplt      0x000000000800be8c        0x0 c:/st/stm32cubeide_1.9.0/stm32cubeide/plugins/com.st.stm32cube.ide.mcu.externaltools.gnu-tools-for-stm32.10.3-2021.10.win32_1.0.0.202111181127/tools/bin/../lib/gcc/arm-none-eabi/10.3.1/thumb/v7e-m/nofp/crtbegin.o

.preinit_array  0x000000000800be8c        0x0
                0x000000000800be8c                . = ALIGN (0x4)
                0x000000000800be8c                PROVIDE (__preinit_array_start = .)
 *(.preinit_array*)
                0x000000000800be8c                PROVIDE (__preinit_array_end = .)
                0x000000000800be8c                . = ALIGN (0x4)

.init_array     0x000000000800be8c        0x4
                0x000000000800be8c                . = ALIGN (0x4)
                0x000000000800be8c                PROVIDE (__init_array_start = .)
 *(SORT_BY_NAME(.init_array.*))
 *(.init_array*)
 .init_array    0x000000000800be8c        0x4 c:/st/stm32cubeide_1.9.0/stm32cubeide/plugins/com.st.stm32cube.ide.mcu.externaltools.gnu-tools-for-stm32.10.3-2021.10.win32_1.0.0.202111181127/tools/bin/../lib/gcc/arm-none-eabi/10.3.1/thumb/v7e-m/nofp/crtbegin.o
                0x000000000800be90                PROVIDE (__init_array_end = .)
                0x000000000800be90                . = ALIGN (0x4)

.fini_array     0x000000000800be90        0x4
                0x000000000800be90                . = ALIGN (0x4)
                [!provide]                        PROVIDE (__fini_array_start = .)
 *(SORT_BY_NAME(.fini_array.*))
 *(.fini_array*)
 .fini_array    0x000000000800be90        0x4 c:/st/stm32cubeide_1.9.0/stm32cubeide/plugins/com.st.stm32cube.ide.mcu.externaltools.gnu-tools-for-stm32.10.3-2021.10.win32_1.0.0.202111181127/tools/bin/../lib/gcc/arm-none-eabi/10.3.1/thumb/v7e-m/nofp/crtbegin.o