22:18:19 **** Incremental Build of configuration Debug for project Seeed-LoRa-E5_PingPong ****
make -j8 all 
arm-none-eabi-size   Seeed-LoRa-E5_PingPong.elf 
   text	   data	    bss	    dec	    hex	filename
  49880	     36	   3436	  53352	   d068	Seeed-LoRa-E5_PingPong.elf
Finished building: default.size.stdout
 
22:18:33 **** Clean-only build of configuration Debug for project Seeed-LoRa-E5_PingPong ****
make -j8 clean 
rm -rf ./Utilities/trace/adv_trace/stm32_adv_trace.cyclo ./Utilities/trace/adv_trace/stm32_adv_trace.d ./Utilities/trace/adv_trace/stm32_adv_trace.o ./Utilities/trace/adv_trace/stm32_adv_trace.su
rm -rf ./Utilities/timer/stm32_timer.cyclo ./Utilities/timer/stm32_timer.d ./Utilities/timer/stm32_timer.o ./Utilities/timer/stm32_timer.su
rm -rf ./Utilities/sequencer/stm32_seq.cyclo ./Utilities/sequencer/stm32_seq.d ./Utilities/sequencer/stm32_seq.o ./Utilities/sequencer/stm32_seq.su
rm -rf ./Utilities/misc/stm32_mem.cyclo ./Utilities/misc/stm32_mem.d ./Utilities/misc/stm32_mem.o ./Utilities/misc/stm32_mem.su ./Utilities/misc/stm32_systime.cyclo ./Utilities/misc/stm32_systime.d ./Utilities/misc/stm32_systime.o ./Utilities/misc/stm32_systime.su ./Utilities/misc/stm32_tiny_sscanf.cyclo ./Utilities/misc/stm32_tiny_sscanf.d ./Utilities/misc/stm32_tiny_sscanf.o ./Utilities/misc/stm32_tiny_sscanf.su ./Utilities/misc/stm32_tiny_vsnprintf.cyclo ./Utilities/misc/stm32_tiny_vsnprintf.d ./Utilities/misc/stm32_tiny_vsnprintf.o ./Utilities/misc/stm32_tiny_vsnprintf.su
rm -rf ./Utilities/lpm/tiny_lpm/stm32_lpm.cyclo ./Utilities/lpm/tiny_lpm/stm32_lpm.d ./Utilities/lpm/tiny_lpm/stm32_lpm.o ./Utilities/lpm/tiny_lpm/stm32_lpm.su
rm -rf ./SubGHz_Phy/Target/radio_board_if.cyclo ./SubGHz_Phy/Target/radio_board_if.d ./SubGHz_Phy/Target/radio_board_if.o ./SubGHz_Phy/Target/radio_board_if.su
rm -rf ./SubGHz_Phy/App/app_subghz_phy.cyclo ./SubGHz_Phy/App/app_subghz_phy.d ./SubGHz_Phy/App/app_subghz_phy.o ./SubGHz_Phy/App/app_subghz_phy.su ./SubGHz_Phy/App/subghz_phy_app.cyclo ./SubGHz_Phy/App/subghz_phy_app.d ./SubGHz_Phy/App/subghz_phy_app.o ./SubGHz_Phy/App/subghz_phy_app.su
rm -rf ./Middlewares/Third_Party/SubGHz_Phy/stm32_radio_driver/lr_fhss_mac.cyclo ./Middlewares/Third_Party/SubGHz_Phy/stm32_radio_driver/lr_fhss_mac.d ./Middlewares/Third_Party/SubGHz_Phy/stm32_radio_driver/lr_fhss_mac.o ./Middlewares/Third_Party/SubGHz_Phy/stm32_radio_driver/lr_fhss_mac.su ./Middlewares/Third_Party/SubGHz_Phy/stm32_radio_driver/radio.cyclo ./Middlewares/Third_Party/SubGHz_Phy/stm32_radio_driver/radio.d ./Middlewares/Third_Party/SubGHz_Phy/stm32_radio_driver/radio.o ./Middlewares/Third_Party/SubGHz_Phy/stm32_radio_driver/radio.su ./Middlewares/Third_Party/SubGHz_Phy/stm32_radio_driver/radio_driver.cyclo ./Middlewares/Third_Party/SubGHz_Phy/stm32_radio_driver/radio_driver.d ./Middlewares/Third_Party/SubGHz_Phy/stm32_radio_driver/radio_driver.o ./Middlewares/Third_Party/SubGHz_Phy/stm32_radio_driver/radio_driver.su ./Middlewares/Third_Party/SubGHz_Phy/stm32_radio_driver/radio_fw.cyclo ./Middlewares/Third_Party/SubGHz_Phy/stm32_radio_driver/radio_fw.d ./Middlewares/Third_Party/SubGHz_Phy/stm32_radio_driver/radio_fw.o ./Middlewares/Third_Party/SubGHz_Phy/stm32_radio_driver/radio_fw.su ./Middlewares/Third_Party/SubGHz_Phy/stm32_radio_driver/wl_lr_fhss.cyclo ./Middlewares/Third_Party/SubGHz_Phy/stm32_radio_driver/wl_lr_fhss.d ./Middlewares/Third_Party/SubGHz_Phy/stm32_radio_driver/wl_lr_fhss.o ./Middlewares/Third_Party/SubGHz_Phy/stm32_radio_driver/wl_lr_fhss.su
rm -rf ./Drivers/STM32WLxx_HAL_Driver/Src/stm32wlxx_hal.cyclo ./Drivers/STM32WLxx_HAL_Driver/Src/stm32wlxx_hal.d ./Drivers/STM32WLxx_HAL_Driver/Src/stm32wlxx_hal.o ./Drivers/STM32WLxx_HAL_Driver/Src/stm32wlxx_hal.su ./Drivers/STM32WLxx_HAL_Driver/Src/stm32wlxx_hal_adc.cyclo ./Drivers/STM32WLxx_HAL_Driver/Src/stm32wlxx_hal_adc.d ./Drivers/STM32WLxx_HAL_Driver/Src/stm32wlxx_hal_adc.o ./Drivers/STM32WLxx_HAL_Driver/Src/stm32wlxx_hal_adc.su ./Drivers/STM32WLxx_HAL_Driver/Src/stm32wlxx_hal_adc_ex.cyclo ./Drivers/STM32WLxx_HAL_Driver/Src/stm32wlxx_hal_adc_ex.d ./Drivers/STM32WLxx_HAL_Driver/Src/stm32wlxx_hal_adc_ex.o ./Drivers/STM32WLxx_HAL_Driver/Src/stm32wlxx_hal_adc_ex.su ./Drivers/STM32WLxx_HAL_Driver/Src/stm32wlxx_hal_cortex.cyclo ./Drivers/STM32WLxx_HAL_Driver/Src/stm32wlxx_hal_cortex.d ./Drivers/STM32WLxx_HAL_Driver/Src/stm32wlxx_hal_cortex.o ./Drivers/STM32WLxx_HAL_Driver/Src/stm32wlxx_hal_cortex.su ./Drivers/STM32WLxx_HAL_Driver/Src/stm32wlxx_hal_dma.cyclo ./Drivers/STM32WLxx_HAL_Driver/Src/stm32wlxx_hal_dma.d ./Drivers/STM32WLxx_HAL_Driver/Src/stm32wlxx_hal_dma.o ./Drivers/STM32WLxx_HAL_Driver/Src/stm32wlxx_hal_dma.su ./Drivers/STM32WLxx_HAL_Driver/Src/stm32wlxx_hal_dma_ex.cyclo ./Drivers/STM32WLxx_HAL_Driver/Src/stm32wlxx_hal_dma_ex.d ./Drivers/STM32WLxx_HAL_Driver/Src/stm32wlxx_hal_dma_ex.o ./Drivers/STM32WLxx_HAL_Driver/Src/stm32wlxx_hal_dma_ex.su ./Drivers/STM32WLxx_HAL_Driver/Src/stm32wlxx_hal_exti.cyclo ./Drivers/STM32WLxx_HAL_Driver/Src/stm32wlxx_hal_exti.d ./Drivers/STM32WLxx_HAL_Driver/Src/stm32wlxx_hal_exti.o ./Drivers/STM32WLxx_HAL_Driver/Src/stm32wlxx_hal_exti.su ./Drivers/STM32WLxx_HAL_Driver/Src/stm32wlxx_hal_flash.cyclo ./Drivers/STM32WLxx_HAL_Driver/Src/stm32wlxx_hal_flash.d ./Drivers/STM32WLxx_HAL_Driver/Src/stm32wlxx_hal_flash.o ./Drivers/STM32WLxx_HAL_Driver/Src/stm32wlxx_hal_flash.su ./Drivers/STM32WLxx_HAL_Driver/Src/stm32wlxx_hal_flash_ex.cyclo ./Drivers/STM32WLxx_HAL_Driver/Src/stm32wlxx_hal_flash_ex.d ./Drivers/STM32WLxx_HAL_Driver/Src/stm32wlxx_hal_flash_ex.o ./Drivers/STM32WLxx_HAL_Driver/Src/stm32wlxx_hal_flash_ex.su ./Drivers/STM32WLxx_HAL_Driver/Src/stm32wlxx_hal_gpio.cyclo ./Drivers/STM32WLxx_HAL_Driver/Src/stm32wlxx_hal_gpio.d ./Drivers/STM32WLxx_HAL_Driver/Src/stm32wlxx_hal_gpio.o ./Drivers/STM32WLxx_HAL_Driver/Src/stm32wlxx_hal_gpio.su ./Drivers/STM32WLxx_HAL_Driver/Src/stm32wlxx_hal_pwr.cyclo ./Drivers/STM32WLxx_HAL_Driver/Src/stm32wlxx_hal_pwr.d ./Drivers/STM32WLxx_HAL_Driver/Src/stm32wlxx_hal_pwr.o ./Drivers/STM32WLxx_HAL_Driver/Src/stm32wlxx_hal_pwr.su ./Drivers/STM32WLxx_HAL_Driver/Src/stm32wlxx_hal_pwr_ex.cyclo ./Drivers/STM32WLxx_HAL_Driver/Src/stm32wlxx_hal_pwr_ex.d ./Drivers/STM32WLxx_HAL_Driver/Src/stm32wlxx_hal_pwr_ex.o ./Drivers/STM32WLxx_HAL_Driver/Src/stm32wlxx_hal_pwr_ex.su ./Drivers/STM32WLxx_HAL_Driver/Src/stm32wlxx_hal_rcc.cyclo ./Drivers/STM32WLxx_HAL_Driver/Src/stm32wlxx_hal_rcc.d ./Drivers/STM32WLxx_HAL_Driver/Src/stm32wlxx_hal_rcc.o ./Drivers/STM32WLxx_HAL_Driver/Src/stm32wlxx_hal_rcc.su ./Drivers/STM32WLxx_HAL_Driver/Src/stm32wlxx_hal_rcc_ex.cyclo ./Drivers/STM32WLxx_HAL_Driver/Src/stm32wlxx_hal_rcc_ex.d ./Drivers/STM32WLxx_HAL_Driver/Src/stm32wlxx_hal_rcc_ex.o ./Drivers/STM32WLxx_HAL_Driver/Src/stm32wlxx_hal_rcc_ex.su ./Drivers/STM32WLxx_HAL_Driver/Src/stm32wlxx_hal_rtc.cyclo ./Drivers/STM32WLxx_HAL_Driver/Src/stm32wlxx_hal_rtc.d ./Drivers/STM32WLxx_HAL_Driver/Src/stm32wlxx_hal_rtc.o ./Drivers/STM32WLxx_HAL_Driver/Src/stm32wlxx_hal_rtc.su ./Drivers/STM32WLxx_HAL_Driver/Src/stm32wlxx_hal_rtc_ex.cyclo ./Drivers/STM32WLxx_HAL_Driver/Src/stm32wlxx_hal_rtc_ex.d ./Drivers/STM32WLxx_HAL_Driver/Src/stm32wlxx_hal_rtc_ex.o ./Drivers/STM32WLxx_HAL_Driver/Src/stm32wlxx_hal_rtc_ex.su ./Drivers/STM32WLxx_HAL_Driver/Src/stm32wlxx_hal_subghz.cyclo ./Drivers/STM32WLxx_HAL_Driver/Src/stm32wlxx_hal_subghz.d ./Drivers/STM32WLxx_HAL_Driver/Src/stm32wlxx_hal_subghz.o ./Drivers/STM32WLxx_HAL_Driver/Src/stm32wlxx_hal_subghz.su ./Drivers/STM32WLxx_HAL_Driver/Src/stm32wlxx_hal_tim.cyclo ./Drivers/STM32WLxx_HAL_Driver/Src/stm32wlxx_hal_tim.d ./Drivers/STM32WLxx_HAL_Driver/Src/stm32wlxx_hal_tim.o ./Drivers/STM32WLxx_HAL_Driver/Src/stm32wlxx_hal_tim.su ./Drivers/STM32WLxx_HAL_Driver/Src/stm32wlxx_hal_tim_ex.cyclo ./Drivers/STM32WLxx_HAL_Driver/Src/stm32wlxx_hal_tim_ex.d ./Drivers/STM32WLxx_HAL_Driver/Src/stm32wlxx_hal_tim_ex.o ./Drivers/STM32WLxx_HAL_Driver/Src/stm32wlxx_hal_tim_ex.su ./Drivers/STM32WLxx_HAL_Driver/Src/stm32wlxx_hal_uart.cyclo ./Drivers/STM32WLxx_HAL_Driver/Src/stm32wlxx_hal_uart.d ./Drivers/STM32WLxx_HAL_Driver/Src/stm32wlxx_hal_uart.o ./Drivers/STM32WLxx_HAL_Driver/Src/stm32wlxx_hal_uart.su ./Drivers/STM32WLxx_HAL_Driver/Src/stm32wlxx_hal_uart_ex.cyclo ./Drivers/STM32WLxx_HAL_Driver/Src/stm32wlxx_hal_uart_ex.d ./Drivers/STM32WLxx_HAL_Driver/Src/stm32wlxx_hal_uart_ex.o ./Drivers/STM32WLxx_HAL_Driver/Src/stm32wlxx_hal_uart_ex.su ./Drivers/STM32WLxx_HAL_Driver/Src/stm32wlxx_ll_adc.cyclo ./Drivers/STM32WLxx_HAL_Driver/Src/stm32wlxx_ll_adc.d ./Drivers/STM32WLxx_HAL_Driver/Src/stm32wlxx_ll_adc.o ./Drivers/STM32WLxx_HAL_Driver/Src/stm32wlxx_ll_adc.su
rm -rf ./Drivers/BSP/STM32WLxx_Nucleo/stm32wlxx_nucleo_radio.cyclo ./Drivers/BSP/STM32WLxx_Nucleo/stm32wlxx_nucleo_radio.d ./Drivers/BSP/STM32WLxx_Nucleo/stm32wlxx_nucleo_radio.o ./Drivers/BSP/STM32WLxx_Nucleo/stm32wlxx_nucleo_radio.su
rm -rf ./Core/Startup/startup_stm32wle5jcix.d ./Core/Startup/startup_stm32wle5jcix.o
rm -rf ./Core/Src/adc.cyclo ./Core/Src/adc.d ./Core/Src/adc.o ./Core/Src/adc.su ./Core/Src/dma.cyclo ./Core/Src/dma.d ./Core/Src/dma.o ./Core/Src/dma.su ./Core/Src/gpio.cyclo ./Core/Src/gpio.d ./Core/Src/gpio.o ./Core/Src/gpio.su ./Core/Src/main.cyclo ./Core/Src/main.d ./Core/Src/main.o ./Core/Src/main.su ./Core/Src/rtc.cyclo ./Core/Src/rtc.d ./Core/Src/rtc.o ./Core/Src/rtc.su ./Core/Src/stm32_lpm_if.cyclo ./Core/Src/stm32_lpm_if.d ./Core/Src/stm32_lpm_if.o ./Core/Src/stm32_lpm_if.su ./Core/Src/stm32wlxx_hal_msp.cyclo ./Core/Src/stm32wlxx_hal_msp.d ./Core/Src/stm32wlxx_hal_msp.o ./Core/Src/stm32wlxx_hal_msp.su ./Core/Src/stm32wlxx_it.cyclo ./Core/Src/stm32wlxx_it.d ./Core/Src/stm32wlxx_it.o ./Core/Src/stm32wlxx_it.su ./Core/Src/subghz.cyclo ./Core/Src/subghz.d ./Core/Src/subghz.o ./Core/Src/subghz.su ./Core/Src/sys_app.cyclo ./Core/Src/sys_app.d ./Core/Src/sys_app.o ./Core/Src/sys_app.su ./Core/Src/sys_debug.cyclo ./Core/Src/sys_debug.d ./Core/Src/sys_debug.o ./Core/Src/sys_debug.su ./Core/Src/syscalls.cyclo ./Core/Src/syscalls.d ./Core/Src/syscalls.o ./Core/Src/syscalls.su ./Core/Src/sysmem.cyclo ./Core/Src/sysmem.d ./Core/Src/sysmem.o ./Core/Src/sysmem.su ./Core/Src/system_stm32wlxx.cyclo ./Core/Src/system_stm32wlxx.d ./Core/Src/system_stm32wlxx.o ./Core/Src/system_stm32wlxx.su ./Core/Src/timer_if.cyclo ./Core/Src/timer_if.d ./Core/Src/timer_if.o ./Core/Src/timer_if.su ./Core/Src/usart.cyclo ./Core/Src/usart.d ./Core/Src/usart.o ./Core/Src/usart.su ./Core/Src/usart_if.cyclo ./Core/Src/usart_if.d ./Core/Src/usart_if.o ./Core/Src/usart_if.su
rm -rf Seeed-LoRa-E5_PingPong.elf Seeed-LoRa-E5_PingPong.hex Seeed-LoRa-E5_PingPong.list Seeed-LoRa-E5_PingPong.map default.size.stdout
 
22:18:34 **** Build of configuration Debug for project Seeed-LoRa-E5_PingPong ****
make -j8 all 
arm-none-eabi-gcc "../Utilities/trace/adv_trace/stm32_adv_trace.c" -mcpu=cortex-m4 -std=gnu11 -g3 -DDEBUG -DCORE_CM4 -DUSE_HAL_DRIVER -DSTM32WLE5xx -c -I../Core/Inc -I"C:/Users/johannes.florineth/projects/Seeed-Lora-e5/Seeed-LoRa-E5_PingPong/Drivers/BSP/STM32WLxx_Nucleo" -I../SubGHz_Phy/App -I../SubGHz_Phy/Target -I../Drivers/STM32WLxx_HAL_Driver/Inc -I../Drivers/STM32WLxx_HAL_Driver/Inc/Legacy -I../Utilities/trace/adv_trace -I../Utilities/misc -I../Utilities/sequencer -I../Utilities/timer -I../Utilities/lpm/tiny_lpm -I../Middlewares/Third_Party/SubGHz_Phy -I../Middlewares/Third_Party/SubGHz_Phy/stm32_radio_driver -I../Drivers/CMSIS/Device/ST/STM32WLxx/Include -I../Drivers/CMSIS/Include -O0 -ffunction-sections -fdata-sections -Wall -fstack-usage -fcyclomatic-complexity -MMD -MP -MF"Utilities/trace/adv_trace/stm32_adv_trace.d" -MT"Utilities/trace/adv_trace/stm32_adv_trace.o" --specs=nano.specs -mfloat-abi=soft -mthumb -o "Utilities/trace/adv_trace/stm32_adv_trace.o"
arm-none-eabi-gcc "../Utilities/timer/stm32_timer.c" -mcpu=cortex-m4 -std=gnu11 -g3 -DDEBUG -DCORE_CM4 -DUSE_HAL_DRIVER -DSTM32WLE5xx -c -I../Core/Inc -I"C:/Users/johannes.florineth/projects/Seeed-Lora-e5/Seeed-LoRa-E5_PingPong/Drivers/BSP/STM32WLxx_Nucleo" -I../SubGHz_Phy/App -I../SubGHz_Phy/Target -I../Drivers/STM32WLxx_HAL_Driver/Inc -I../Drivers/STM32WLxx_HAL_Driver/Inc/Legacy -I../Utilities/trace/adv_trace -I../Utilities/misc -I../Utilities/sequencer -I../Utilities/timer -I../Utilities/lpm/tiny_lpm -I../Middlewares/Third_Party/SubGHz_Phy -I../Middlewares/Third_Party/SubGHz_Phy/stm32_radio_driver -I../Drivers/CMSIS/Device/ST/STM32WLxx/Include -I../Drivers/CMSIS/Include -O0 -ffunction-sections -fdata-sections -Wall -fstack-usage -fcyclomatic-complexity -MMD -MP -MF"Utilities/timer/stm32_timer.d" -MT"Utilities/timer/stm32_timer.o" --specs=nano.specs -mfloat-abi=soft -mthumb -o "Utilities/timer/stm32_timer.o"
arm-none-eabi-gcc "../Utilities/sequencer/stm32_seq.c" -mcpu=cortex-m4 -std=gnu11 -g3 -DDEBUG -DCORE_CM4 -DUSE_HAL_DRIVER -DSTM32WLE5xx -c -I../Core/Inc -I"C:/Users/johannes.florineth/projects/Seeed-Lora-e5/Seeed-LoRa-E5_PingPong/Drivers/BSP/STM32WLxx_Nucleo" -I../SubGHz_Phy/App -I../SubGHz_Phy/Target -I../Drivers/STM32WLxx_HAL_Driver/Inc -I../Drivers/STM32WLxx_HAL_Driver/Inc/Legacy -I../Utilities/trace/adv_trace -I../Utilities/misc -I../Utilities/sequencer -I../Utilities/timer -I../Utilities/lpm/tiny_lpm -I../Middlewares/Third_Party/SubGHz_Phy -I../Middlewares/Third_Party/SubGHz_Phy/stm32_radio_driver -I../Drivers/CMSIS/Device/ST/STM32WLxx/Include -I../Drivers/CMSIS/Include -O0 -ffunction-sections -fdata-sections -Wall -fstack-usage -fcyclomatic-complexity -MMD -MP -MF"Utilities/sequencer/stm32_seq.d" -MT"Utilities/sequencer/stm32_seq.o" --specs=nano.specs -mfloat-abi=soft -mthumb -o "Utilities/sequencer/stm32_seq.o"
arm-none-eabi-gcc "../Utilities/misc/stm32_mem.c" -mcpu=cortex-m4 -std=gnu11 -g3 -DDEBUG -DCORE_CM4 -DUSE_HAL_DRIVER -DSTM32WLE5xx -c -I../Core/Inc -I"C:/Users/johannes.florineth/projects/Seeed-Lora-e5/Seeed-LoRa-E5_PingPong/Drivers/BSP/STM32WLxx_Nucleo" -I../SubGHz_Phy/App -I../SubGHz_Phy/Target -I../Drivers/STM32WLxx_HAL_Driver/Inc -I../Drivers/STM32WLxx_HAL_Driver/Inc/Legacy -I../Utilities/trace/adv_trace -I../Utilities/misc -I../Utilities/sequencer -I../Utilities/timer -I../Utilities/lpm/tiny_lpm -I../Middlewares/Third_Party/SubGHz_Phy -I../Middlewares/Third_Party/SubGHz_Phy/stm32_radio_driver -I../Drivers/CMSIS/Device/ST/STM32WLxx/Include -I../Drivers/CMSIS/Include -O0 -ffunction-sections -fdata-sections -Wall -fstack-usage -fcyclomatic-complexity -MMD -MP -MF"Utilities/misc/stm32_mem.d" -MT"Utilities/misc/stm32_mem.o" --specs=nano.specs -mfloat-abi=soft -mthumb -o "Utilities/misc/stm32_mem.o"
arm-none-eabi-gcc "../Utilities/misc/stm32_systime.c" -mcpu=cortex-m4 -std=gnu11 -g3 -DDEBUG -DCORE_CM4 -DUSE_HAL_DRIVER -DSTM32WLE5xx -c -I../Core/Inc -I"C:/Users/johannes.florineth/projects/Seeed-Lora-e5/Seeed-LoRa-E5_PingPong/Drivers/BSP/STM32WLxx_Nucleo" -I../SubGHz_Phy/App -I../SubGHz_Phy/Target -I../Drivers/STM32WLxx_HAL_Driver/Inc -I../Drivers/STM32WLxx_HAL_Driver/Inc/Legacy -I../Utilities/trace/adv_trace -I../Utilities/misc -I../Utilities/sequencer -I../Utilities/timer -I../Utilities/lpm/tiny_lpm -I../Middlewares/Third_Party/SubGHz_Phy -I../Middlewares/Third_Party/SubGHz_Phy/stm32_radio_driver -I../Drivers/CMSIS/Device/ST/STM32WLxx/Include -I../Drivers/CMSIS/Include -O0 -ffunction-sections -fdata-sections -Wall -fstack-usage -fcyclomatic-complexity -MMD -MP -MF"Utilities/misc/stm32_systime.d" -MT"Utilities/misc/stm32_systime.o" --specs=nano.specs -mfloat-abi=soft -mthumb -o "Utilities/misc/stm32_systime.o"
arm-none-eabi-gcc "../Utilities/misc/stm32_tiny_sscanf.c" -mcpu=cortex-m4 -std=gnu11 -g3 -DDEBUG -DCORE_CM4 -DUSE_HAL_DRIVER -DSTM32WLE5xx -c -I../Core/Inc -I"C:/Users/johannes.florineth/projects/Seeed-Lora-e5/Seeed-LoRa-E5_PingPong/Drivers/BSP/STM32WLxx_Nucleo" -I../SubGHz_Phy/App -I../SubGHz_Phy/Target -I../Drivers/STM32WLxx_HAL_Driver/Inc -I../Drivers/STM32WLxx_HAL_Driver/Inc/Legacy -I../Utilities/trace/adv_trace -I../Utilities/misc -I../Utilities/sequencer -I../Utilities/timer -I../Utilities/lpm/tiny_lpm -I../Middlewares/Third_Party/SubGHz_Phy -I../Middlewares/Third_Party/SubGHz_Phy/stm32_radio_driver -I../Drivers/CMSIS/Device/ST/STM32WLxx/Include -I../Drivers/CMSIS/Include -O0 -ffunction-sections -fdata-sections -Wall -fstack-usage -fcyclomatic-complexity -MMD -MP -MF"Utilities/misc/stm32_tiny_sscanf.d" -MT"Utilities/misc/stm32_tiny_sscanf.o" --specs=nano.specs -mfloat-abi=soft -mthumb -o "Utilities/misc/stm32_tiny_sscanf.o"
arm-none-eabi-gcc "../Utilities/misc/stm32_tiny_vsnprintf.c" -mcpu=cortex-m4 -std=gnu11 -g3 -DDEBUG -DCORE_CM4 -DUSE_HAL_DRIVER -DSTM32WLE5xx -c -I../Core/Inc -I"C:/Users/johannes.florineth/projects/Seeed-Lora-e5/Seeed-LoRa-E5_PingPong/Drivers/BSP/STM32WLxx_Nucleo" -I../SubGHz_Phy/App -I../SubGHz_Phy/Target -I../Drivers/STM32WLxx_HAL_Driver/Inc -I../Drivers/STM32WLxx_HAL_Driver/Inc/Legacy -I../Utilities/trace/adv_trace -I../Utilities/misc -I../Utilities/sequencer -I../Utilities/timer -I../Utilities/lpm/tiny_lpm -I../Middlewares/Third_Party/SubGHz_Phy -I../Middlewares/Third_Party/SubGHz_Phy/stm32_radio_driver -I../Drivers/CMSIS/Device/ST/STM32WLxx/Include -I../Drivers/CMSIS/Include -O0 -ffunction-sections -fdata-sections -Wall -fstack-usage -fcyclomatic-complexity -MMD -MP -MF"Utilities/misc/stm32_tiny_vsnprintf.d" -MT"Utilities/misc/stm32_tiny_vsnprintf.o" --specs=nano.specs -mfloat-abi=soft -mthumb -o "Utilities/misc/stm32_tiny_vsnprintf.o"
arm-none-eabi-gcc "../Utilities/lpm/tiny_lpm/stm32_lpm.c" -mcpu=cortex-m4 -std=gnu11 -g3 -DDEBUG -DCORE_CM4 -DUSE_HAL_DRIVER -DSTM32WLE5xx -c -I../Core/Inc -I"C:/Users/johannes.florineth/projects/Seeed-Lora-e5/Seeed-LoRa-E5_PingPong/Drivers/BSP/STM32WLxx_Nucleo" -I../SubGHz_Phy/App -I../SubGHz_Phy/Target -I../Drivers/STM32WLxx_HAL_Driver/Inc -I../Drivers/STM32WLxx_HAL_Driver/Inc/Legacy -I../Utilities/trace/adv_trace -I../Utilities/misc -I../Utilities/sequencer -I../Utilities/timer -I../Utilities/lpm/tiny_lpm -I../Middlewares/Third_Party/SubGHz_Phy -I../Middlewares/Third_Party/SubGHz_Phy/stm32_radio_driver -I../Drivers/CMSIS/Device/ST/STM32WLxx/Include -I../Drivers/CMSIS/Include -O0 -ffunction-sections -fdata-sections -Wall -fstack-usage -fcyclomatic-complexity -MMD -MP -MF"Utilities/lpm/tiny_lpm/stm32_lpm.d" -MT"Utilities/lpm/tiny_lpm/stm32_lpm.o" --specs=nano.specs -mfloat-abi=soft -mthumb -o "Utilities/lpm/tiny_lpm/stm32_lpm.o"
arm-none-eabi-gcc "../SubGHz_Phy/Target/radio_board_if.c" -mcpu=cortex-m4 -std=gnu11 -g3 -DDEBUG -DCORE_CM4 -DUSE_HAL_DRIVER -DSTM32WLE5xx -c -I../Core/Inc -I"C:/Users/johannes.florineth/projects/Seeed-Lora-e5/Seeed-LoRa-E5_PingPong/Drivers/BSP/STM32WLxx_Nucleo" -I../SubGHz_Phy/App -I../SubGHz_Phy/Target -I../Drivers/STM32WLxx_HAL_Driver/Inc -I../Drivers/STM32WLxx_HAL_Driver/Inc/Legacy -I../Utilities/trace/adv_trace -I../Utilities/misc -I../Utilities/sequencer -I../Utilities/timer -I../Utilities/lpm/tiny_lpm -I../Middlewares/Third_Party/SubGHz_Phy -I../Middlewares/Third_Party/SubGHz_Phy/stm32_radio_driver -I../Drivers/CMSIS/Device/ST/STM32WLxx/Include -I../Drivers/CMSIS/Include -O0 -ffunction-sections -fdata-sections -Wall -fstack-usage -fcyclomatic-complexity -MMD -MP -MF"SubGHz_Phy/Target/radio_board_if.d" -MT"SubGHz_Phy/Target/radio_board_if.o" --specs=nano.specs -mfloat-abi=soft -mthumb -o "SubGHz_Phy/Target/radio_board_if.o"
arm-none-eabi-gcc "../SubGHz_Phy/App/app_subghz_phy.c" -mcpu=cortex-m4 -std=gnu11 -g3 -DDEBUG -DCORE_CM4 -DUSE_HAL_DRIVER -DSTM32WLE5xx -c -I../Core/Inc -I"C:/Users/johannes.florineth/projects/Seeed-Lora-e5/Seeed-LoRa-E5_PingPong/Drivers/BSP/STM32WLxx_Nucleo" -I../SubGHz_Phy/App -I../SubGHz_Phy/Target -I../Drivers/STM32WLxx_HAL_Driver/Inc -I../Drivers/STM32WLxx_HAL_Driver/Inc/Legacy -I../Utilities/trace/adv_trace -I../Utilities/misc -I../Utilities/sequencer -I../Utilities/timer -I../Utilities/lpm/tiny_lpm -I../Middlewares/Third_Party/SubGHz_Phy -I../Middlewares/Third_Party/SubGHz_Phy/stm32_radio_driver -I../Drivers/CMSIS/Device/ST/STM32WLxx/Include -I../Drivers/CMSIS/Include -O0 -ffunction-sections -fdata-sections -Wall -fstack-usage -fcyclomatic-complexity -MMD -MP -MF"SubGHz_Phy/App/app_subghz_phy.d" -MT"SubGHz_Phy/App/app_subghz_phy.o" --specs=nano.specs -mfloat-abi=soft -mthumb -o "SubGHz_Phy/App/app_subghz_phy.o"
arm-none-eabi-gcc "../SubGHz_Phy/App/subghz_phy_app.c" -mcpu=cortex-m4 -std=gnu11 -g3 -DDEBUG -DCORE_CM4 -DUSE_HAL_DRIVER -DSTM32WLE5xx -c -I../Core/Inc -I"C:/Users/johannes.florineth/projects/Seeed-Lora-e5/Seeed-LoRa-E5_PingPong/Drivers/BSP/STM32WLxx_Nucleo" -I../SubGHz_Phy/App -I../SubGHz_Phy/Target -I../Drivers/STM32WLxx_HAL_Driver/Inc -I../Drivers/STM32WLxx_HAL_Driver/Inc/Legacy -I../Utilities/trace/adv_trace -I../Utilities/misc -I../Utilities/sequencer -I../Utilities/timer -I../Utilities/lpm/tiny_lpm -I../Middlewares/Third_Party/SubGHz_Phy -I../Middlewares/Third_Party/SubGHz_Phy/stm32_radio_driver -I../Drivers/CMSIS/Device/ST/STM32WLxx/Include -I../Drivers/CMSIS/Include -O0 -ffunction-sections -fdata-sections -Wall -fstack-usage -fcyclomatic-complexity -MMD -MP -MF"SubGHz_Phy/App/subghz_phy_app.d" -MT"SubGHz_Phy/App/subghz_phy_app.o" --specs=nano.specs -mfloat-abi=soft -mthumb -o "SubGHz_Phy/App/subghz_phy_app.o"
arm-none-eabi-gcc "../Middlewares/Third_Party/SubGHz_Phy/stm32_radio_driver/lr_fhss_mac.c" -mcpu=cortex-m4 -std=gnu11 -g3 -DDEBUG -DCORE_CM4 -DUSE_HAL_DRIVER -DSTM32WLE5xx -c -I../Core/Inc -I"C:/Users/johannes.florineth/projects/Seeed-Lora-e5/Seeed-LoRa-E5_PingPong/Drivers/BSP/STM32WLxx_Nucleo" -I../SubGHz_Phy/App -I../SubGHz_Phy/Target -I../Drivers/STM32WLxx_HAL_Driver/Inc -I../Drivers/STM32WLxx_HAL_Driver/Inc/Legacy -I../Utilities/trace/adv_trace -I../Utilities/misc -I../Utilities/sequencer -I../Utilities/timer -I../Utilities/lpm/tiny_lpm -I../Middlewares/Third_Party/SubGHz_Phy -I../Middlewares/Third_Party/SubGHz_Phy/stm32_radio_driver -I../Drivers/CMSIS/Device/ST/STM32WLxx/Include -I../Drivers/CMSIS/Include -O0 -ffunction-sections -fdata-sections -Wall -fstack-usage -fcyclomatic-complexity -MMD -MP -MF"Middlewares/Third_Party/SubGHz_Phy/stm32_radio_driver/lr_fhss_mac.d" -MT"Middlewares/Third_Party/SubGHz_Phy/stm32_radio_driver/lr_fhss_mac.o" --specs=nano.specs -mfloat-abi=soft -mthumb -o "Middlewares/Third_Party/SubGHz_Phy/stm32_radio_driver/lr_fhss_mac.o"
arm-none-eabi-gcc "../Middlewares/Third_Party/SubGHz_Phy/stm32_radio_driver/radio.c" -mcpu=cortex-m4 -std=gnu11 -g3 -DDEBUG -DCORE_CM4 -DUSE_HAL_DRIVER -DSTM32WLE5xx -c -I../Core/Inc -I"C:/Users/johannes.florineth/projects/Seeed-Lora-e5/Seeed-LoRa-E5_PingPong/Drivers/BSP/STM32WLxx_Nucleo" -I../SubGHz_Phy/App -I../SubGHz_Phy/Target -I../Drivers/STM32WLxx_HAL_Driver/Inc -I../Drivers/STM32WLxx_HAL_Driver/Inc/Legacy -I../Utilities/trace/adv_trace -I../Utilities/misc -I../Utilities/sequencer -I../Utilities/timer -I../Utilities/lpm/tiny_lpm -I../Middlewares/Third_Party/SubGHz_Phy -I../Middlewares/Third_Party/SubGHz_Phy/stm32_radio_driver -I../Drivers/CMSIS/Device/ST/STM32WLxx/Include -I../Drivers/CMSIS/Include -O0 -ffunction-sections -fdata-sections -Wall -fstack-usage -fcyclomatic-complexity -MMD -MP -MF"Middlewares/Third_Party/SubGHz_Phy/stm32_radio_driver/radio.d" -MT"Middlewares/Third_Party/SubGHz_Phy/stm32_radio_driver/radio.o" --specs=nano.specs -mfloat-abi=soft -mthumb -o "Middlewares/Third_Party/SubGHz_Phy/stm32_radio_driver/radio.o"
arm-none-eabi-gcc "../Middlewares/Third_Party/SubGHz_Phy/stm32_radio_driver/radio_driver.c" -mcpu=cortex-m4 -std=gnu11 -g3 -DDEBUG -DCORE_CM4 -DUSE_HAL_DRIVER -DSTM32WLE5xx -c -I../Core/Inc -I"C:/Users/johannes.florineth/projects/Seeed-Lora-e5/Seeed-LoRa-E5_PingPong/Drivers/BSP/STM32WLxx_Nucleo" -I../SubGHz_Phy/App -I../SubGHz_Phy/Target -I../Drivers/STM32WLxx_HAL_Driver/Inc -I../Drivers/STM32WLxx_HAL_Driver/Inc/Legacy -I../Utilities/trace/adv_trace -I../Utilities/misc -I../Utilities/sequencer -I../Utilities/timer -I../Utilities/lpm/tiny_lpm -I../Middlewares/Third_Party/SubGHz_Phy -I../Middlewares/Third_Party/SubGHz_Phy/stm32_radio_driver -I../Drivers/CMSIS/Device/ST/STM32WLxx/Include -I../Drivers/CMSIS/Include -O0 -ffunction-sections -fdata-sections -Wall -fstack-usage -fcyclomatic-complexity -MMD -MP -MF"Middlewares/Third_Party/SubGHz_Phy/stm32_radio_driver/radio_driver.d" -MT"Middlewares/Third_Party/SubGHz_Phy/stm32_radio_driver/radio_driver.o" --specs=nano.specs -mfloat-abi=soft -mthumb -o "Middlewares/Third_Party/SubGHz_Phy/stm32_radio_driver/radio_driver.o"
arm-none-eabi-gcc "../Middlewares/Third_Party/SubGHz_Phy/stm32_radio_driver/radio_fw.c" -mcpu=cortex-m4 -std=gnu11 -g3 -DDEBUG -DCORE_CM4 -DUSE_HAL_DRIVER -DSTM32WLE5xx -c -I../Core/Inc -I"C:/Users/johannes.florineth/projects/Seeed-Lora-e5/Seeed-LoRa-E5_PingPong/Drivers/BSP/STM32WLxx_Nucleo" -I../SubGHz_Phy/App -I../SubGHz_Phy/Target -I../Drivers/STM32WLxx_HAL_Driver/Inc -I../Drivers/STM32WLxx_HAL_Driver/Inc/Legacy -I../Utilities/trace/adv_trace -I../Utilities/misc -I../Utilities/sequencer -I../Utilities/timer -I../Utilities/lpm/tiny_lpm -I../Middlewares/Third_Party/SubGHz_Phy -I../Middlewares/Third_Party/SubGHz_Phy/stm32_radio_driver -I../Drivers/CMSIS/Device/ST/STM32WLxx/Include -I../Drivers/CMSIS/Include -O0 -ffunction-sections -fdata-sections -Wall -fstack-usage -fcyclomatic-complexity -MMD -MP -MF"Middlewares/Third_Party/SubGHz_Phy/stm32_radio_driver/radio_fw.d" -MT"Middlewares/Third_Party/SubGHz_Phy/stm32_radio_driver/radio_fw.o" --specs=nano.specs -mfloat-abi=soft -mthumb -o "Middlewares/Third_Party/SubGHz_Phy/stm32_radio_driver/radio_fw.o"
arm-none-eabi-gcc "../Middlewares/Third_Party/SubGHz_Phy/stm32_radio_driver/wl_lr_fhss.c" -mcpu=cortex-m4 -std=gnu11 -g3 -DDEBUG -DCORE_CM4 -DUSE_HAL_DRIVER -DSTM32WLE5xx -c -I../Core/Inc -I"C:/Users/johannes.florineth/projects/Seeed-Lora-e5/Seeed-LoRa-E5_PingPong/Drivers/BSP/STM32WLxx_Nucleo" -I../SubGHz_Phy/App -I../SubGHz_Phy/Target -I../Drivers/STM32WLxx_HAL_Driver/Inc -I../Drivers/STM32WLxx_HAL_Driver/Inc/Legacy -I../Utilities/trace/adv_trace -I../Utilities/misc -I../Utilities/sequencer -I../Utilities/timer -I../Utilities/lpm/tiny_lpm -I../Middlewares/Third_Party/SubGHz_Phy -I../Middlewares/Third_Party/SubGHz_Phy/stm32_radio_driver -I../Drivers/CMSIS/Device/ST/STM32WLxx/Include -I../Drivers/CMSIS/Include -O0 -ffunction-sections -fdata-sections -Wall -fstack-usage -fcyclomatic-complexity -MMD -MP -MF"Middlewares/Third_Party/SubGHz_Phy/stm32_radio_driver/wl_lr_fhss.d" -MT"Middlewares/Third_Party/SubGHz_Phy/stm32_radio_driver/wl_lr_fhss.o" --specs=nano.specs -mfloat-abi=soft -mthumb -o "Middlewares/Third_Party/SubGHz_Phy/stm32_radio_driver/wl_lr_fhss.o"
arm-none-eabi-gcc "../Drivers/STM32WLxx_HAL_Driver/Src/stm32wlxx_hal.c" -mcpu=cortex-m4 -std=gnu11 -g3 -DDEBUG -DCORE_CM4 -DUSE_HAL_DRIVER -DSTM32WLE5xx -c -I../Core/Inc -I"C:/Users/johannes.florineth/projects/Seeed-Lora-e5/Seeed-LoRa-E5_PingPong/Drivers/BSP/STM32WLxx_Nucleo" -I../SubGHz_Phy/App -I../SubGHz_Phy/Target -I../Drivers/STM32WLxx_HAL_Driver/Inc -I../Drivers/STM32WLxx_HAL_Driver/Inc/Legacy -I../Utilities/trace/adv_trace -I../Utilities/misc -I../Utilities/sequencer -I../Utilities/timer -I../Utilities/lpm/tiny_lpm -I../Middlewares/Third_Party/SubGHz_Phy -I../Middlewares/Third_Party/SubGHz_Phy/stm32_radio_driver -I../Drivers/CMSIS/Device/ST/STM32WLxx/Include -I../Drivers/CMSIS/Include -O0 -ffunction-sections -fdata-sections -Wall -fstack-usage -fcyclomatic-complexity -MMD -MP -MF"Drivers/STM32WLxx_HAL_Driver/Src/stm32wlxx_hal.d" -MT"Drivers/STM32WLxx_HAL_Driver/Src/stm32wlxx_hal.o" --specs=nano.specs -mfloat-abi=soft -mthumb -o "Drivers/STM32WLxx_HAL_Driver/Src/stm32wlxx_hal.o"
arm-none-eabi-gcc "../Drivers/STM32WLxx_HAL_Driver/Src/stm32wlxx_hal_adc.c" -mcpu=cortex-m4 -std=gnu11 -g3 -DDEBUG -DCORE_CM4 -DUSE_HAL_DRIVER -DSTM32WLE5xx -c -I../Core/Inc -I"C:/Users/johannes.florineth/projects/Seeed-Lora-e5/Seeed-LoRa-E5_PingPong/Drivers/BSP/STM32WLxx_Nucleo" -I../SubGHz_Phy/App -I../SubGHz_Phy/Target -I../Drivers/STM32WLxx_HAL_Driver/Inc -I../Drivers/STM32WLxx_HAL_Driver/Inc/Legacy -I../Utilities/trace/adv_trace -I../Utilities/misc -I../Utilities/sequencer -I../Utilities/timer -I../Utilities/lpm/tiny_lpm -I../Middlewares/Third_Party/SubGHz_Phy -I../Middlewares/Third_Party/SubGHz_Phy/stm32_radio_driver -I../Drivers/CMSIS/Device/ST/STM32WLxx/Include -I../Drivers/CMSIS/Include -O0 -ffunction-sections -fdata-sections -Wall -fstack-usage -fcyclomatic-complexity -MMD -MP -MF"Drivers/STM32WLxx_HAL_Driver/Src/stm32wlxx_hal_adc.d" -MT"Drivers/STM32WLxx_HAL_Driver/Src/stm32wlxx_hal_adc.o" --specs=nano.specs -mfloat-abi=soft -mthumb -o "Drivers/STM32WLxx_HAL_Driver/Src/stm32wlxx_hal_adc.o"
../SubGHz_Phy/App/subghz_phy_app.c:88:16: warning: 'random_delay' defined but not used [-Wunused-variable]
   88 | static int32_t random_delay;
      |                ^~~~~~~~~~~~
../SubGHz_Phy/App/subghz_phy_app.c:81:16: warning: 'BufferTx' defined but not used [-Wunused-variable]
   81 | static uint8_t BufferTx[MAX_APP_BUFFER_SIZE];
      |                ^~~~~~~~
arm-none-eabi-gcc "../Drivers/STM32WLxx_HAL_Driver/Src/stm32wlxx_hal_adc_ex.c" -mcpu=cortex-m4 -std=gnu11 -g3 -DDEBUG -DCORE_CM4 -DUSE_HAL_DRIVER -DSTM32WLE5xx -c -I../Core/Inc -I"C:/Users/johannes.florineth/projects/Seeed-Lora-e5/Seeed-LoRa-E5_PingPong/Drivers/BSP/STM32WLxx_Nucleo" -I../SubGHz_Phy/App -I../SubGHz_Phy/Target -I../Drivers/STM32WLxx_HAL_Driver/Inc -I../Drivers/STM32WLxx_HAL_Driver/Inc/Legacy -I../Utilities/trace/adv_trace -I../Utilities/misc -I../Utilities/sequencer -I../Utilities/timer -I../Utilities/lpm/tiny_lpm -I../Middlewares/Third_Party/SubGHz_Phy -I../Middlewares/Third_Party/SubGHz_Phy/stm32_radio_driver -I../Drivers/CMSIS/Device/ST/STM32WLxx/Include -I../Drivers/CMSIS/Include -O0 -ffunction-sections -fdata-sections -Wall -fstack-usage -fcyclomatic-complexity -MMD -MP -MF"Drivers/STM32WLxx_HAL_Driver/Src/stm32wlxx_hal_adc_ex.d" -MT"Drivers/STM32WLxx_HAL_Driver/Src/stm32wlxx_hal_adc_ex.o" --specs=nano.specs -mfloat-abi=soft -mthumb -o "Drivers/STM32WLxx_HAL_Driver/Src/stm32wlxx_hal_adc_ex.o"
arm-none-eabi-gcc "../Drivers/STM32WLxx_HAL_Driver/Src/stm32wlxx_hal_cortex.c" -mcpu=cortex-m4 -std=gnu11 -g3 -DDEBUG -DCORE_CM4 -DUSE_HAL_DRIVER -DSTM32WLE5xx -c -I../Core/Inc -I"C:/Users/johannes.florineth/projects/Seeed-Lora-e5/Seeed-LoRa-E5_PingPong/Drivers/BSP/STM32WLxx_Nucleo" -I../SubGHz_Phy/App -I../SubGHz_Phy/Target -I../Drivers/STM32WLxx_HAL_Driver/Inc -I../Drivers/STM32WLxx_HAL_Driver/Inc/Legacy -I../Utilities/trace/adv_trace -I../Utilities/misc -I../Utilities/sequencer -I../Utilities/timer -I../Utilities/lpm/tiny_lpm -I../Middlewares/Third_Party/SubGHz_Phy -I../Middlewares/Third_Party/SubGHz_Phy/stm32_radio_driver -I../Drivers/CMSIS/Device/ST/STM32WLxx/Include -I../Drivers/CMSIS/Include -O0 -ffunction-sections -fdata-sections -Wall -fstack-usage -fcyclomatic-complexity -MMD -MP -MF"Drivers/STM32WLxx_HAL_Driver/Src/stm32wlxx_hal_cortex.d" -MT"Drivers/STM32WLxx_HAL_Driver/Src/stm32wlxx_hal_cortex.o" --specs=nano.specs -mfloat-abi=soft -mthumb -o "Drivers/STM32WLxx_HAL_Driver/Src/stm32wlxx_hal_cortex.o"
arm-none-eabi-gcc "../Drivers/STM32WLxx_HAL_Driver/Src/stm32wlxx_hal_dma.c" -mcpu=cortex-m4 -std=gnu11 -g3 -DDEBUG -DCORE_CM4 -DUSE_HAL_DRIVER -DSTM32WLE5xx -c -I../Core/Inc -I"C:/Users/johannes.florineth/projects/Seeed-Lora-e5/Seeed-LoRa-E5_PingPong/Drivers/BSP/STM32WLxx_Nucleo" -I../SubGHz_Phy/App -I../SubGHz_Phy/Target -I../Drivers/STM32WLxx_HAL_Driver/Inc -I../Drivers/STM32WLxx_HAL_Driver/Inc/Legacy -I../Utilities/trace/adv_trace -I../Utilities/misc -I../Utilities/sequencer -I../Utilities/timer -I../Utilities/lpm/tiny_lpm -I../Middlewares/Third_Party/SubGHz_Phy -I../Middlewares/Third_Party/SubGHz_Phy/stm32_radio_driver -I../Drivers/CMSIS/Device/ST/STM32WLxx/Include -I../Drivers/CMSIS/Include -O0 -ffunction-sections -fdata-sections -Wall -fstack-usage -fcyclomatic-complexity -MMD -MP -MF"Drivers/STM32WLxx_HAL_Driver/Src/stm32wlxx_hal_dma.d" -MT"Drivers/STM32WLxx_HAL_Driver/Src/stm32wlxx_hal_dma.o" --specs=nano.specs -mfloat-abi=soft -mthumb -o "Drivers/STM32WLxx_HAL_Driver/Src/stm32wlxx_hal_dma.o"
arm-none-eabi-gcc "../Drivers/STM32WLxx_HAL_Driver/Src/stm32wlxx_hal_dma_ex.c" -mcpu=cortex-m4 -std=gnu11 -g3 -DDEBUG -DCORE_CM4 -DUSE_HAL_DRIVER -DSTM32WLE5xx -c -I../Core/Inc -I"C:/Users/johannes.florineth/projects/Seeed-Lora-e5/Seeed-LoRa-E5_PingPong/Drivers/BSP/STM32WLxx_Nucleo" -I../SubGHz_Phy/App -I../SubGHz_Phy/Target -I../Drivers/STM32WLxx_HAL_Driver/Inc -I../Drivers/STM32WLxx_HAL_Driver/Inc/Legacy -I../Utilities/trace/adv_trace -I../Utilities/misc -I../Utilities/sequencer -I../Utilities/timer -I../Utilities/lpm/tiny_lpm -I../Middlewares/Third_Party/SubGHz_Phy -I../Middlewares/Third_Party/SubGHz_Phy/stm32_radio_driver -I../Drivers/CMSIS/Device/ST/STM32WLxx/Include -I../Drivers/CMSIS/Include -O0 -ffunction-sections -fdata-sections -Wall -fstack-usage -fcyclomatic-complexity -MMD -MP -MF"Drivers/STM32WLxx_HAL_Driver/Src/stm32wlxx_hal_dma_ex.d" -MT"Drivers/STM32WLxx_HAL_Driver/Src/stm32wlxx_hal_dma_ex.o" --specs=nano.specs -mfloat-abi=soft -mthumb -o "Drivers/STM32WLxx_HAL_Driver/Src/stm32wlxx_hal_dma_ex.o"
arm-none-eabi-gcc "../Drivers/STM32WLxx_HAL_Driver/Src/stm32wlxx_hal_exti.c" -mcpu=cortex-m4 -std=gnu11 -g3 -DDEBUG -DCORE_CM4 -DUSE_HAL_DRIVER -DSTM32WLE5xx -c -I../Core/Inc -I"C:/Users/johannes.florineth/projects/Seeed-Lora-e5/Seeed-LoRa-E5_PingPong/Drivers/BSP/STM32WLxx_Nucleo" -I../SubGHz_Phy/App -I../SubGHz_Phy/Target -I../Drivers/STM32WLxx_HAL_Driver/Inc -I../Drivers/STM32WLxx_HAL_Driver/Inc/Legacy -I../Utilities/trace/adv_trace -I../Utilities/misc -I../Utilities/sequencer -I../Utilities/timer -I../Utilities/lpm/tiny_lpm -I../Middlewares/Third_Party/SubGHz_Phy -I../Middlewares/Third_Party/SubGHz_Phy/stm32_radio_driver -I../Drivers/CMSIS/Device/ST/STM32WLxx/Include -I../Drivers/CMSIS/Include -O0 -ffunction-sections -fdata-sections -Wall -fstack-usage -fcyclomatic-complexity -MMD -MP -MF"Drivers/STM32WLxx_HAL_Driver/Src/stm32wlxx_hal_exti.d" -MT"Drivers/STM32WLxx_HAL_Driver/Src/stm32wlxx_hal_exti.o" --specs=nano.specs -mfloat-abi=soft -mthumb -o "Drivers/STM32WLxx_HAL_Driver/Src/stm32wlxx_hal_exti.o"
arm-none-eabi-gcc "../Drivers/STM32WLxx_HAL_Driver/Src/stm32wlxx_hal_flash.c" -mcpu=cortex-m4 -std=gnu11 -g3 -DDEBUG -DCORE_CM4 -DUSE_HAL_DRIVER -DSTM32WLE5xx -c -I../Core/Inc -I"C:/Users/johannes.florineth/projects/Seeed-Lora-e5/Seeed-LoRa-E5_PingPong/Drivers/BSP/STM32WLxx_Nucleo" -I../SubGHz_Phy/App -I../SubGHz_Phy/Target -I../Drivers/STM32WLxx_HAL_Driver/Inc -I../Drivers/STM32WLxx_HAL_Driver/Inc/Legacy -I../Utilities/trace/adv_trace -I../Utilities/misc -I../Utilities/sequencer -I../Utilities/timer -I../Utilities/lpm/tiny_lpm -I../Middlewares/Third_Party/SubGHz_Phy -I../Middlewares/Third_Party/SubGHz_Phy/stm32_radio_driver -I../Drivers/CMSIS/Device/ST/STM32WLxx/Include -I../Drivers/CMSIS/Include -O0 -ffunction-sections -fdata-sections -Wall -fstack-usage -fcyclomatic-complexity -MMD -MP -MF"Drivers/STM32WLxx_HAL_Driver/Src/stm32wlxx_hal_flash.d" -MT"Drivers/STM32WLxx_HAL_Driver/Src/stm32wlxx_hal_flash.o" --specs=nano.specs -mfloat-abi=soft -mthumb -o "Drivers/STM32WLxx_HAL_Driver/Src/stm32wlxx_hal_flash.o"
arm-none-eabi-gcc "../Drivers/STM32WLxx_HAL_Driver/Src/stm32wlxx_hal_flash_ex.c" -mcpu=cortex-m4 -std=gnu11 -g3 -DDEBUG -DCORE_CM4 -DUSE_HAL_DRIVER -DSTM32WLE5xx -c -I../Core/Inc -I"C:/Users/johannes.florineth/projects/Seeed-Lora-e5/Seeed-LoRa-E5_PingPong/Drivers/BSP/STM32WLxx_Nucleo" -I../SubGHz_Phy/App -I../SubGHz_Phy/Target -I../Drivers/STM32WLxx_HAL_Driver/Inc -I../Drivers/STM32WLxx_HAL_Driver/Inc/Legacy -I../Utilities/trace/adv_trace -I../Utilities/misc -I../Utilities/sequencer -I../Utilities/timer -I../Utilities/lpm/tiny_lpm -I../Middlewares/Third_Party/SubGHz_Phy -I../Middlewares/Third_Party/SubGHz_Phy/stm32_radio_driver -I../Drivers/CMSIS/Device/ST/STM32WLxx/Include -I../Drivers/CMSIS/Include -O0 -ffunction-sections -fdata-sections -Wall -fstack-usage -fcyclomatic-complexity -MMD -MP -MF"Drivers/STM32WLxx_HAL_Driver/Src/stm32wlxx_hal_flash_ex.d" -MT"Drivers/STM32WLxx_HAL_Driver/Src/stm32wlxx_hal_flash_ex.o" --specs=nano.specs -mfloat-abi=soft -mthumb -o "Drivers/STM32WLxx_HAL_Driver/Src/stm32wlxx_hal_flash_ex.o"
arm-none-eabi-gcc "../Drivers/STM32WLxx_HAL_Driver/Src/stm32wlxx_hal_gpio.c" -mcpu=cortex-m4 -std=gnu11 -g3 -DDEBUG -DCORE_CM4 -DUSE_HAL_DRIVER -DSTM32WLE5xx -c -I../Core/Inc -I"C:/Users/johannes.florineth/projects/Seeed-Lora-e5/Seeed-LoRa-E5_PingPong/Drivers/BSP/STM32WLxx_Nucleo" -I../SubGHz_Phy/App -I../SubGHz_Phy/Target -I../Drivers/STM32WLxx_HAL_Driver/Inc -I../Drivers/STM32WLxx_HAL_Driver/Inc/Legacy -I../Utilities/trace/adv_trace -I../Utilities/misc -I../Utilities/sequencer -I../Utilities/timer -I../Utilities/lpm/tiny_lpm -I../Middlewares/Third_Party/SubGHz_Phy -I../Middlewares/Third_Party/SubGHz_Phy/stm32_radio_driver -I../Drivers/CMSIS/Device/ST/STM32WLxx/Include -I../Drivers/CMSIS/Include -O0 -ffunction-sections -fdata-sections -Wall -fstack-usage -fcyclomatic-complexity -MMD -MP -MF"Drivers/STM32WLxx_HAL_Driver/Src/stm32wlxx_hal_gpio.d" -MT"Drivers/STM32WLxx_HAL_Driver/Src/stm32wlxx_hal_gpio.o" --specs=nano.specs -mfloat-abi=soft -mthumb -o "Drivers/STM32WLxx_HAL_Driver/Src/stm32wlxx_hal_gpio.o"
arm-none-eabi-gcc "../Drivers/STM32WLxx_HAL_Driver/Src/stm32wlxx_hal_pwr.c" -mcpu=cortex-m4 -std=gnu11 -g3 -DDEBUG -DCORE_CM4 -DUSE_HAL_DRIVER -DSTM32WLE5xx -c -I../Core/Inc -I"C:/Users/johannes.florineth/projects/Seeed-Lora-e5/Seeed-LoRa-E5_PingPong/Drivers/BSP/STM32WLxx_Nucleo" -I../SubGHz_Phy/App -I../SubGHz_Phy/Target -I../Drivers/STM32WLxx_HAL_Driver/Inc -I../Drivers/STM32WLxx_HAL_Driver/Inc/Legacy -I../Utilities/trace/adv_trace -I../Utilities/misc -I../Utilities/sequencer -I../Utilities/timer -I../Utilities/lpm/tiny_lpm -I../Middlewares/Third_Party/SubGHz_Phy -I../Middlewares/Third_Party/SubGHz_Phy/stm32_radio_driver -I../Drivers/CMSIS/Device/ST/STM32WLxx/Include -I../Drivers/CMSIS/Include -O0 -ffunction-sections -fdata-sections -Wall -fstack-usage -fcyclomatic-complexity -MMD -MP -MF"Drivers/STM32WLxx_HAL_Driver/Src/stm32wlxx_hal_pwr.d" -MT"Drivers/STM32WLxx_HAL_Driver/Src/stm32wlxx_hal_pwr.o" --specs=nano.specs -mfloat-abi=soft -mthumb -o "Drivers/STM32WLxx_HAL_Driver/Src/stm32wlxx_hal_pwr.o"
arm-none-eabi-gcc "../Drivers/STM32WLxx_HAL_Driver/Src/stm32wlxx_hal_pwr_ex.c" -mcpu=cortex-m4 -std=gnu11 -g3 -DDEBUG -DCORE_CM4 -DUSE_HAL_DRIVER -DSTM32WLE5xx -c -I../Core/Inc -I"C:/Users/johannes.florineth/projects/Seeed-Lora-e5/Seeed-LoRa-E5_PingPong/Drivers/BSP/STM32WLxx_Nucleo" -I../SubGHz_Phy/App -I../SubGHz_Phy/Target -I../Drivers/STM32WLxx_HAL_Driver/Inc -I../Drivers/STM32WLxx_HAL_Driver/Inc/Legacy -I../Utilities/trace/adv_trace -I../Utilities/misc -I../Utilities/sequencer -I../Utilities/timer -I../Utilities/lpm/tiny_lpm -I../Middlewares/Third_Party/SubGHz_Phy -I../Middlewares/Third_Party/SubGHz_Phy/stm32_radio_driver -I../Drivers/CMSIS/Device/ST/STM32WLxx/Include -I../Drivers/CMSIS/Include -O0 -ffunction-sections -fdata-sections -Wall -fstack-usage -fcyclomatic-complexity -MMD -MP -MF"Drivers/STM32WLxx_HAL_Driver/Src/stm32wlxx_hal_pwr_ex.d" -MT"Drivers/STM32WLxx_HAL_Driver/Src/stm32wlxx_hal_pwr_ex.o" --specs=nano.specs -mfloat-abi=soft -mthumb -o "Drivers/STM32WLxx_HAL_Driver/Src/stm32wlxx_hal_pwr_ex.o"
arm-none-eabi-gcc "../Drivers/STM32WLxx_HAL_Driver/Src/stm32wlxx_hal_rcc.c" -mcpu=cortex-m4 -std=gnu11 -g3 -DDEBUG -DCORE_CM4 -DUSE_HAL_DRIVER -DSTM32WLE5xx -c -I../Core/Inc -I"C:/Users/johannes.florineth/projects/Seeed-Lora-e5/Seeed-LoRa-E5_PingPong/Drivers/BSP/STM32WLxx_Nucleo" -I../SubGHz_Phy/App -I../SubGHz_Phy/Target -I../Drivers/STM32WLxx_HAL_Driver/Inc -I../Drivers/STM32WLxx_HAL_Driver/Inc/Legacy -I../Utilities/trace/adv_trace -I../Utilities/misc -I../Utilities/sequencer -I../Utilities/timer -I../Utilities/lpm/tiny_lpm -I../Middlewares/Third_Party/SubGHz_Phy -I../Middlewares/Third_Party/SubGHz_Phy/stm32_radio_driver -I../Drivers/CMSIS/Device/ST/STM32WLxx/Include -I../Drivers/CMSIS/Include -O0 -ffunction-sections -fdata-sections -Wall -fstack-usage -fcyclomatic-complexity -MMD -MP -MF"Drivers/STM32WLxx_HAL_Driver/Src/stm32wlxx_hal_rcc.d" -MT"Drivers/STM32WLxx_HAL_Driver/Src/stm32wlxx_hal_rcc.o" --specs=nano.specs -mfloat-abi=soft -mthumb -o "Drivers/STM32WLxx_HAL_Driver/Src/stm32wlxx_hal_rcc.o"
arm-none-eabi-gcc "../Drivers/STM32WLxx_HAL_Driver/Src/stm32wlxx_hal_rcc_ex.c" -mcpu=cortex-m4 -std=gnu11 -g3 -DDEBUG -DCORE_CM4 -DUSE_HAL_DRIVER -DSTM32WLE5xx -c -I../Core/Inc -I"C:/Users/johannes.florineth/projects/Seeed-Lora-e5/Seeed-LoRa-E5_PingPong/Drivers/BSP/STM32WLxx_Nucleo" -I../SubGHz_Phy/App -I../SubGHz_Phy/Target -I../Drivers/STM32WLxx_HAL_Driver/Inc -I../Drivers/STM32WLxx_HAL_Driver/Inc/Legacy -I../Utilities/trace/adv_trace -I../Utilities/misc -I../Utilities/sequencer -I../Utilities/timer -I../Utilities/lpm/tiny_lpm -I../Middlewares/Third_Party/SubGHz_Phy -I../Middlewares/Third_Party/SubGHz_Phy/stm32_radio_driver -I../Drivers/CMSIS/Device/ST/STM32WLxx/Include -I../Drivers/CMSIS/Include -O0 -ffunction-sections -fdata-sections -Wall -fstack-usage -fcyclomatic-complexity -MMD -MP -MF"Drivers/STM32WLxx_HAL_Driver/Src/stm32wlxx_hal_rcc_ex.d" -MT"Drivers/STM32WLxx_HAL_Driver/Src/stm32wlxx_hal_rcc_ex.o" --specs=nano.specs -mfloat-abi=soft -mthumb -o "Drivers/STM32WLxx_HAL_Driver/Src/stm32wlxx_hal_rcc_ex.o"
arm-none-eabi-gcc "../Drivers/STM32WLxx_HAL_Driver/Src/stm32wlxx_hal_rtc.c" -mcpu=cortex-m4 -std=gnu11 -g3 -DDEBUG -DCORE_CM4 -DUSE_HAL_DRIVER -DSTM32WLE5xx -c -I../Core/Inc -I"C:/Users/johannes.florineth/projects/Seeed-Lora-e5/Seeed-LoRa-E5_PingPong/Drivers/BSP/STM32WLxx_Nucleo" -I../SubGHz_Phy/App -I../SubGHz_Phy/Target -I../Drivers/STM32WLxx_HAL_Driver/Inc -I../Drivers/STM32WLxx_HAL_Driver/Inc/Legacy -I../Utilities/trace/adv_trace -I../Utilities/misc -I../Utilities/sequencer -I../Utilities/timer -I../Utilities/lpm/tiny_lpm -I../Middlewares/Third_Party/SubGHz_Phy -I../Middlewares/Third_Party/SubGHz_Phy/stm32_radio_driver -I../Drivers/CMSIS/Device/ST/STM32WLxx/Include -I../Drivers/CMSIS/Include -O0 -ffunction-sections -fdata-sections -Wall -fstack-usage -fcyclomatic-complexity -MMD -MP -MF"Drivers/STM32WLxx_HAL_Driver/Src/stm32wlxx_hal_rtc.d" -MT"Drivers/STM32WLxx_HAL_Driver/Src/stm32wlxx_hal_rtc.o" --specs=nano.specs -mfloat-abi=soft -mthumb -o "Drivers/STM32WLxx_HAL_Driver/Src/stm32wlxx_hal_rtc.o"
arm-none-eabi-gcc "../Drivers/STM32WLxx_HAL_Driver/Src/stm32wlxx_hal_rtc_ex.c" -mcpu=cortex-m4 -std=gnu11 -g3 -DDEBUG -DCORE_CM4 -DUSE_HAL_DRIVER -DSTM32WLE5xx -c -I../Core/Inc -I"C:/Users/johannes.florineth/projects/Seeed-Lora-e5/Seeed-LoRa-E5_PingPong/Drivers/BSP/STM32WLxx_Nucleo" -I../SubGHz_Phy/App -I../SubGHz_Phy/Target -I../Drivers/STM32WLxx_HAL_Driver/Inc -I../Drivers/STM32WLxx_HAL_Driver/Inc/Legacy -I../Utilities/trace/adv_trace -I../Utilities/misc -I../Utilities/sequencer -I../Utilities/timer -I../Utilities/lpm/tiny_lpm -I../Middlewares/Third_Party/SubGHz_Phy -I../Middlewares/Third_Party/SubGHz_Phy/stm32_radio_driver -I../Drivers/CMSIS/Device/ST/STM32WLxx/Include -I../Drivers/CMSIS/Include -O0 -ffunction-sections -fdata-sections -Wall -fstack-usage -fcyclomatic-complexity -MMD -MP -MF"Drivers/STM32WLxx_HAL_Driver/Src/stm32wlxx_hal_rtc_ex.d" -MT"Drivers/STM32WLxx_HAL_Driver/Src/stm32wlxx_hal_rtc_ex.o" --specs=nano.specs -mfloat-abi=soft -mthumb -o "Drivers/STM32WLxx_HAL_Driver/Src/stm32wlxx_hal_rtc_ex.o"
arm-none-eabi-gcc "../Drivers/STM32WLxx_HAL_Driver/Src/stm32wlxx_hal_subghz.c" -mcpu=cortex-m4 -std=gnu11 -g3 -DDEBUG -DCORE_CM4 -DUSE_HAL_DRIVER -DSTM32WLE5xx -c -I../Core/Inc -I"C:/Users/johannes.florineth/projects/Seeed-Lora-e5/Seeed-LoRa-E5_PingPong/Drivers/BSP/STM32WLxx_Nucleo" -I../SubGHz_Phy/App -I../SubGHz_Phy/Target -I../Drivers/STM32WLxx_HAL_Driver/Inc -I../Drivers/STM32WLxx_HAL_Driver/Inc/Legacy -I../Utilities/trace/adv_trace -I../Utilities/misc -I../Utilities/sequencer -I../Utilities/timer -I../Utilities/lpm/tiny_lpm -I../Middlewares/Third_Party/SubGHz_Phy -I../Middlewares/Third_Party/SubGHz_Phy/stm32_radio_driver -I../Drivers/CMSIS/Device/ST/STM32WLxx/Include -I../Drivers/CMSIS/Include -O0 -ffunction-sections -fdata-sections -Wall -fstack-usage -fcyclomatic-complexity -MMD -MP -MF"Drivers/STM32WLxx_HAL_Driver/Src/stm32wlxx_hal_subghz.d" -MT"Drivers/STM32WLxx_HAL_Driver/Src/stm32wlxx_hal_subghz.o" --specs=nano.specs -mfloat-abi=soft -mthumb -o "Drivers/STM32WLxx_HAL_Driver/Src/stm32wlxx_hal_subghz.o"
arm-none-eabi-gcc "../Drivers/STM32WLxx_HAL_Driver/Src/stm32wlxx_hal_tim.c" -mcpu=cortex-m4 -std=gnu11 -g3 -DDEBUG -DCORE_CM4 -DUSE_HAL_DRIVER -DSTM32WLE5xx -c -I../Core/Inc -I"C:/Users/johannes.florineth/projects/Seeed-Lora-e5/Seeed-LoRa-E5_PingPong/Drivers/BSP/STM32WLxx_Nucleo" -I../SubGHz_Phy/App -I../SubGHz_Phy/Target -I../Drivers/STM32WLxx_HAL_Driver/Inc -I../Drivers/STM32WLxx_HAL_Driver/Inc/Legacy -I../Utilities/trace/adv_trace -I../Utilities/misc -I../Utilities/sequencer -I../Utilities/timer -I../Utilities/lpm/tiny_lpm -I../Middlewares/Third_Party/SubGHz_Phy -I../Middlewares/Third_Party/SubGHz_Phy/stm32_radio_driver -I../Drivers/CMSIS/Device/ST/STM32WLxx/Include -I../Drivers/CMSIS/Include -O0 -ffunction-sections -fdata-sections -Wall -fstack-usage -fcyclomatic-complexity -MMD -MP -MF"Drivers/STM32WLxx_HAL_Driver/Src/stm32wlxx_hal_tim.d" -MT"Drivers/STM32WLxx_HAL_Driver/Src/stm32wlxx_hal_tim.o" --specs=nano.specs -mfloat-abi=soft -mthumb -o "Drivers/STM32WLxx_HAL_Driver/Src/stm32wlxx_hal_tim.o"
arm-none-eabi-gcc "../Drivers/STM32WLxx_HAL_Driver/Src/stm32wlxx_hal_tim_ex.c" -mcpu=cortex-m4 -std=gnu11 -g3 -DDEBUG -DCORE_CM4 -DUSE_HAL_DRIVER -DSTM32WLE5xx -c -I../Core/Inc -I"C:/Users/johannes.florineth/projects/Seeed-Lora-e5/Seeed-LoRa-E5_PingPong/Drivers/BSP/STM32WLxx_Nucleo" -I../SubGHz_Phy/App -I../SubGHz_Phy/Target -I../Drivers/STM32WLxx_HAL_Driver/Inc -I../Drivers/STM32WLxx_HAL_Driver/Inc/Legacy -I../Utilities/trace/adv_trace -I../Utilities/misc -I../Utilities/sequencer -I../Utilities/timer -I../Utilities/lpm/tiny_lpm -I../Middlewares/Third_Party/SubGHz_Phy -I../Middlewares/Third_Party/SubGHz_Phy/stm32_radio_driver -I../Drivers/CMSIS/Device/ST/STM32WLxx/Include -I../Drivers/CMSIS/Include -O0 -ffunction-sections -fdata-sections -Wall -fstack-usage -fcyclomatic-complexity -MMD -MP -MF"Drivers/STM32WLxx_HAL_Driver/Src/stm32wlxx_hal_tim_ex.d" -MT"Drivers/STM32WLxx_HAL_Driver/Src/stm32wlxx_hal_tim_ex.o" --specs=nano.specs -mfloat-abi=soft -mthumb -o "Drivers/STM32WLxx_HAL_Driver/Src/stm32wlxx_hal_tim_ex.o"
arm-none-eabi-gcc "../Drivers/STM32WLxx_HAL_Driver/Src/stm32wlxx_hal_uart.c" -mcpu=cortex-m4 -std=gnu11 -g3 -DDEBUG -DCORE_CM4 -DUSE_HAL_DRIVER -DSTM32WLE5xx -c -I../Core/Inc -I"C:/Users/johannes.florineth/projects/Seeed-Lora-e5/Seeed-LoRa-E5_PingPong/Drivers/BSP/STM32WLxx_Nucleo" -I../SubGHz_Phy/App -I../SubGHz_Phy/Target -I../Drivers/STM32WLxx_HAL_Driver/Inc -I../Drivers/STM32WLxx_HAL_Driver/Inc/Legacy -I../Utilities/trace/adv_trace -I../Utilities/misc -I../Utilities/sequencer -I../Utilities/timer -I../Utilities/lpm/tiny_lpm -I../Middlewares/Third_Party/SubGHz_Phy -I../Middlewares/Third_Party/SubGHz_Phy/stm32_radio_driver -I../Drivers/CMSIS/Device/ST/STM32WLxx/Include -I../Drivers/CMSIS/Include -O0 -ffunction-sections -fdata-sections -Wall -fstack-usage -fcyclomatic-complexity -MMD -MP -MF"Drivers/STM32WLxx_HAL_Driver/Src/stm32wlxx_hal_uart.d" -MT"Drivers/STM32WLxx_HAL_Driver/Src/stm32wlxx_hal_uart.o" --specs=nano.specs -mfloat-abi=soft -mthumb -o "Drivers/STM32WLxx_HAL_Driver/Src/stm32wlxx_hal_uart.o"
arm-none-eabi-gcc "../Drivers/STM32WLxx_HAL_Driver/Src/stm32wlxx_hal_uart_ex.c" -mcpu=cortex-m4 -std=gnu11 -g3 -DDEBUG -DCORE_CM4 -DUSE_HAL_DRIVER -DSTM32WLE5xx -c -I../Core/Inc -I"C:/Users/johannes.florineth/projects/Seeed-Lora-e5/Seeed-LoRa-E5_PingPong/Drivers/BSP/STM32WLxx_Nucleo" -I../SubGHz_Phy/App -I../SubGHz_Phy/Target -I../Drivers/STM32WLxx_HAL_Driver/Inc -I../Drivers/STM32WLxx_HAL_Driver/Inc/Legacy -I../Utilities/trace/adv_trace -I../Utilities/misc -I../Utilities/sequencer -I../Utilities/timer -I../Utilities/lpm/tiny_lpm -I../Middlewares/Third_Party/SubGHz_Phy -I../Middlewares/Third_Party/SubGHz_Phy/stm32_radio_driver -I../Drivers/CMSIS/Device/ST/STM32WLxx/Include -I../Drivers/CMSIS/Include -O0 -ffunction-sections -fdata-sections -Wall -fstack-usage -fcyclomatic-complexity -MMD -MP -MF"Drivers/STM32WLxx_HAL_Driver/Src/stm32wlxx_hal_uart_ex.d" -MT"Drivers/STM32WLxx_HAL_Driver/Src/stm32wlxx_hal_uart_ex.o" --specs=nano.specs -mfloat-abi=soft -mthumb -o "Drivers/STM32WLxx_HAL_Driver/Src/stm32wlxx_hal_uart_ex.o"
arm-none-eabi-gcc "../Drivers/STM32WLxx_HAL_Driver/Src/stm32wlxx_ll_adc.c" -mcpu=cortex-m4 -std=gnu11 -g3 -DDEBUG -DCORE_CM4 -DUSE_HAL_DRIVER -DSTM32WLE5xx -c -I../Core/Inc -I"C:/Users/johannes.florineth/projects/Seeed-Lora-e5/Seeed-LoRa-E5_PingPong/Drivers/BSP/STM32WLxx_Nucleo" -I../SubGHz_Phy/App -I../SubGHz_Phy/Target -I../Drivers/STM32WLxx_HAL_Driver/Inc -I../Drivers/STM32WLxx_HAL_Driver/Inc/Legacy -I../Utilities/trace/adv_trace -I../Utilities/misc -I../Utilities/sequencer -I../Utilities/timer -I../Utilities/lpm/tiny_lpm -I../Middlewares/Third_Party/SubGHz_Phy -I../Middlewares/Third_Party/SubGHz_Phy/stm32_radio_driver -I../Drivers/CMSIS/Device/ST/STM32WLxx/Include -I../Drivers/CMSIS/Include -O0 -ffunction-sections -fdata-sections -Wall -fstack-usage -fcyclomatic-complexity -MMD -MP -MF"Drivers/STM32WLxx_HAL_Driver/Src/stm32wlxx_ll_adc.d" -MT"Drivers/STM32WLxx_HAL_Driver/Src/stm32wlxx_ll_adc.o" --specs=nano.specs -mfloat-abi=soft -mthumb -o "Drivers/STM32WLxx_HAL_Driver/Src/stm32wlxx_ll_adc.o"
arm-none-eabi-gcc "../Drivers/BSP/STM32WLxx_Nucleo/stm32wlxx_nucleo_radio.c" -mcpu=cortex-m4 -std=gnu11 -g3 -DDEBUG -DCORE_CM4 -DUSE_HAL_DRIVER -DSTM32WLE5xx -c -I../Core/Inc -I"C:/Users/johannes.florineth/projects/Seeed-Lora-e5/Seeed-LoRa-E5_PingPong/Drivers/BSP/STM32WLxx_Nucleo" -I../SubGHz_Phy/App -I../SubGHz_Phy/Target -I../Drivers/STM32WLxx_HAL_Driver/Inc -I../Drivers/STM32WLxx_HAL_Driver/Inc/Legacy -I../Utilities/trace/adv_trace -I../Utilities/misc -I../Utilities/sequencer -I../Utilities/timer -I../Utilities/lpm/tiny_lpm -I../Middlewares/Third_Party/SubGHz_Phy -I../Middlewares/Third_Party/SubGHz_Phy/stm32_radio_driver -I../Drivers/CMSIS/Device/ST/STM32WLxx/Include -I../Drivers/CMSIS/Include -O0 -ffunction-sections -fdata-sections -Wall -fstack-usage -fcyclomatic-complexity -MMD -MP -MF"Drivers/BSP/STM32WLxx_Nucleo/stm32wlxx_nucleo_radio.d" -MT"Drivers/BSP/STM32WLxx_Nucleo/stm32wlxx_nucleo_radio.o" --specs=nano.specs -mfloat-abi=soft -mthumb -o "Drivers/BSP/STM32WLxx_Nucleo/stm32wlxx_nucleo_radio.o"
arm-none-eabi-gcc -mcpu=cortex-m4 -g3 -DDEBUG -c -x assembler-with-cpp -MMD -MP -MF"Core/Startup/startup_stm32wle5jcix.d" -MT"Core/Startup/startup_stm32wle5jcix.o" --specs=nano.specs -mfloat-abi=soft -mthumb -o "Core/Startup/startup_stm32wle5jcix.o" "../Core/Startup/startup_stm32wle5jcix.s"
arm-none-eabi-gcc "../Core/Src/adc.c" -mcpu=cortex-m4 -std=gnu11 -g3 -DDEBUG -DCORE_CM4 -DUSE_HAL_DRIVER -DSTM32WLE5xx -c -I../Core/Inc -I"C:/Users/johannes.florineth/projects/Seeed-Lora-e5/Seeed-LoRa-E5_PingPong/Drivers/BSP/STM32WLxx_Nucleo" -I../SubGHz_Phy/App -I../SubGHz_Phy/Target -I../Drivers/STM32WLxx_HAL_Driver/Inc -I../Drivers/STM32WLxx_HAL_Driver/Inc/Legacy -I../Utilities/trace/adv_trace -I../Utilities/misc -I../Utilities/sequencer -I../Utilities/timer -I../Utilities/lpm/tiny_lpm -I../Middlewares/Third_Party/SubGHz_Phy -I../Middlewares/Third_Party/SubGHz_Phy/stm32_radio_driver -I../Drivers/CMSIS/Device/ST/STM32WLxx/Include -I../Drivers/CMSIS/Include -O0 -ffunction-sections -fdata-sections -Wall -fstack-usage -fcyclomatic-complexity -MMD -MP -MF"Core/Src/adc.d" -MT"Core/Src/adc.o" --specs=nano.specs -mfloat-abi=soft -mthumb -o "Core/Src/adc.o"
arm-none-eabi-gcc "../Core/Src/dma.c" -mcpu=cortex-m4 -std=gnu11 -g3 -DDEBUG -DCORE_CM4 -DUSE_HAL_DRIVER -DSTM32WLE5xx -c -I../Core/Inc -I"C:/Users/johannes.florineth/projects/Seeed-Lora-e5/Seeed-LoRa-E5_PingPong/Drivers/BSP/STM32WLxx_Nucleo" -I../SubGHz_Phy/App -I../SubGHz_Phy/Target -I../Drivers/STM32WLxx_HAL_Driver/Inc -I../Drivers/STM32WLxx_HAL_Driver/Inc/Legacy -I../Utilities/trace/adv_trace -I../Utilities/misc -I../Utilities/sequencer -I../Utilities/timer -I../Utilities/lpm/tiny_lpm -I../Middlewares/Third_Party/SubGHz_Phy -I../Middlewares/Third_Party/SubGHz_Phy/stm32_radio_driver -I../Drivers/CMSIS/Device/ST/STM32WLxx/Include -I../Drivers/CMSIS/Include -O0 -ffunction-sections -fdata-sections -Wall -fstack-usage -fcyclomatic-complexity -MMD -MP -MF"Core/Src/dma.d" -MT"Core/Src/dma.o" --specs=nano.specs -mfloat-abi=soft -mthumb -o "Core/Src/dma.o"
arm-none-eabi-gcc "../Core/Src/gpio.c" -mcpu=cortex-m4 -std=gnu11 -g3 -DDEBUG -DCORE_CM4 -DUSE_HAL_DRIVER -DSTM32WLE5xx -c -I../Core/Inc -I"C:/Users/johannes.florineth/projects/Seeed-Lora-e5/Seeed-LoRa-E5_PingPong/Drivers/BSP/STM32WLxx_Nucleo" -I../SubGHz_Phy/App -I../SubGHz_Phy/Target -I../Drivers/STM32WLxx_HAL_Driver/Inc -I../Drivers/STM32WLxx_HAL_Driver/Inc/Legacy -I../Utilities/trace/adv_trace -I../Utilities/misc -I../Utilities/sequencer -I../Utilities/timer -I../Utilities/lpm/tiny_lpm -I../Middlewares/Third_Party/SubGHz_Phy -I../Middlewares/Third_Party/SubGHz_Phy/stm32_radio_driver -I../Drivers/CMSIS/Device/ST/STM32WLxx/Include -I../Drivers/CMSIS/Include -O0 -ffunction-sections -fdata-sections -Wall -fstack-usage -fcyclomatic-complexity -MMD -MP -MF"Core/Src/gpio.d" -MT"Core/Src/gpio.o" --specs=nano.specs -mfloat-abi=soft -mthumb -o "Core/Src/gpio.o"
arm-none-eabi-gcc "../Core/Src/main.c" -mcpu=cortex-m4 -std=gnu11 -g3 -DDEBUG -DCORE_CM4 -DUSE_HAL_DRIVER -DSTM32WLE5xx -c -I../Core/Inc -I"C:/Users/johannes.florineth/projects/Seeed-Lora-e5/Seeed-LoRa-E5_PingPong/Drivers/BSP/STM32WLxx_Nucleo" -I../SubGHz_Phy/App -I../SubGHz_Phy/Target -I../Drivers/STM32WLxx_HAL_Driver/Inc -I../Drivers/STM32WLxx_HAL_Driver/Inc/Legacy -I../Utilities/trace/adv_trace -I../Utilities/misc -I../Utilities/sequencer -I../Utilities/timer -I../Utilities/lpm/tiny_lpm -I../Middlewares/Third_Party/SubGHz_Phy -I../Middlewares/Third_Party/SubGHz_Phy/stm32_radio_driver -I../Drivers/CMSIS/Device/ST/STM32WLxx/Include -I../Drivers/CMSIS/Include -O0 -ffunction-sections -fdata-sections -Wall -fstack-usage -fcyclomatic-complexity -MMD -MP -MF"Core/Src/main.d" -MT"Core/Src/main.o" --specs=nano.specs -mfloat-abi=soft -mthumb -o "Core/Src/main.o"
arm-none-eabi-gcc "../Core/Src/rtc.c" -mcpu=cortex-m4 -std=gnu11 -g3 -DDEBUG -DCORE_CM4 -DUSE_HAL_DRIVER -DSTM32WLE5xx -c -I../Core/Inc -I"C:/Users/johannes.florineth/projects/Seeed-Lora-e5/Seeed-LoRa-E5_PingPong/Drivers/BSP/STM32WLxx_Nucleo" -I../SubGHz_Phy/App -I../SubGHz_Phy/Target -I../Drivers/STM32WLxx_HAL_Driver/Inc -I../Drivers/STM32WLxx_HAL_Driver/Inc/Legacy -I../Utilities/trace/adv_trace -I../Utilities/misc -I../Utilities/sequencer -I../Utilities/timer -I../Utilities/lpm/tiny_lpm -I../Middlewares/Third_Party/SubGHz_Phy -I../Middlewares/Third_Party/SubGHz_Phy/stm32_radio_driver -I../Drivers/CMSIS/Device/ST/STM32WLxx/Include -I../Drivers/CMSIS/Include -O0 -ffunction-sections -fdata-sections -Wall -fstack-usage -fcyclomatic-complexity -MMD -MP -MF"Core/Src/rtc.d" -MT"Core/Src/rtc.o" --specs=nano.specs -mfloat-abi=soft -mthumb -o "Core/Src/rtc.o"
arm-none-eabi-gcc "../Core/Src/stm32_lpm_if.c" -mcpu=cortex-m4 -std=gnu11 -g3 -DDEBUG -DCORE_CM4 -DUSE_HAL_DRIVER -DSTM32WLE5xx -c -I../Core/Inc -I"C:/Users/johannes.florineth/projects/Seeed-Lora-e5/Seeed-LoRa-E5_PingPong/Drivers/BSP/STM32WLxx_Nucleo" -I../SubGHz_Phy/App -I../SubGHz_Phy/Target -I../Drivers/STM32WLxx_HAL_Driver/Inc -I../Drivers/STM32WLxx_HAL_Driver/Inc/Legacy -I../Utilities/trace/adv_trace -I../Utilities/misc -I../Utilities/sequencer -I../Utilities/timer -I../Utilities/lpm/tiny_lpm -I../Middlewares/Third_Party/SubGHz_Phy -I../Middlewares/Third_Party/SubGHz_Phy/stm32_radio_driver -I../Drivers/CMSIS/Device/ST/STM32WLxx/Include -I../Drivers/CMSIS/Include -O0 -ffunction-sections -fdata-sections -Wall -fstack-usage -fcyclomatic-complexity -MMD -MP -MF"Core/Src/stm32_lpm_if.d" -MT"Core/Src/stm32_lpm_if.o" --specs=nano.specs -mfloat-abi=soft -mthumb -o "Core/Src/stm32_lpm_if.o"
arm-none-eabi-gcc "../Core/Src/stm32wlxx_hal_msp.c" -mcpu=cortex-m4 -std=gnu11 -g3 -DDEBUG -DCORE_CM4 -DUSE_HAL_DRIVER -DSTM32WLE5xx -c -I../Core/Inc -I"C:/Users/johannes.florineth/projects/Seeed-Lora-e5/Seeed-LoRa-E5_PingPong/Drivers/BSP/STM32WLxx_Nucleo" -I../SubGHz_Phy/App -I../SubGHz_Phy/Target -I../Drivers/STM32WLxx_HAL_Driver/Inc -I../Drivers/STM32WLxx_HAL_Driver/Inc/Legacy -I../Utilities/trace/adv_trace -I../Utilities/misc -I../Utilities/sequencer -I../Utilities/timer -I../Utilities/lpm/tiny_lpm -I../Middlewares/Third_Party/SubGHz_Phy -I../Middlewares/Third_Party/SubGHz_Phy/stm32_radio_driver -I../Drivers/CMSIS/Device/ST/STM32WLxx/Include -I../Drivers/CMSIS/Include -O0 -ffunction-sections -fdata-sections -Wall -fstack-usage -fcyclomatic-complexity -MMD -MP -MF"Core/Src/stm32wlxx_hal_msp.d" -MT"Core/Src/stm32wlxx_hal_msp.o" --specs=nano.specs -mfloat-abi=soft -mthumb -o "Core/Src/stm32wlxx_hal_msp.o"
arm-none-eabi-gcc "../Core/Src/stm32wlxx_it.c" -mcpu=cortex-m4 -std=gnu11 -g3 -DDEBUG -DCORE_CM4 -DUSE_HAL_DRIVER -DSTM32WLE5xx -c -I../Core/Inc -I"C:/Users/johannes.florineth/projects/Seeed-Lora-e5/Seeed-LoRa-E5_PingPong/Drivers/BSP/STM32WLxx_Nucleo" -I../SubGHz_Phy/App -I../SubGHz_Phy/Target -I../Drivers/STM32WLxx_HAL_Driver/Inc -I../Drivers/STM32WLxx_HAL_Driver/Inc/Legacy -I../Utilities/trace/adv_trace -I../Utilities/misc -I../Utilities/sequencer -I../Utilities/timer -I../Utilities/lpm/tiny_lpm -I../Middlewares/Third_Party/SubGHz_Phy -I../Middlewares/Third_Party/SubGHz_Phy/stm32_radio_driver -I../Drivers/CMSIS/Device/ST/STM32WLxx/Include -I../Drivers/CMSIS/Include -O0 -ffunction-sections -fdata-sections -Wall -fstack-usage -fcyclomatic-complexity -MMD -MP -MF"Core/Src/stm32wlxx_it.d" -MT"Core/Src/stm32wlxx_it.o" --specs=nano.specs -mfloat-abi=soft -mthumb -o "Core/Src/stm32wlxx_it.o"
arm-none-eabi-gcc "../Core/Src/subghz.c" -mcpu=cortex-m4 -std=gnu11 -g3 -DDEBUG -DCORE_CM4 -DUSE_HAL_DRIVER -DSTM32WLE5xx -c -I../Core/Inc -I"C:/Users/johannes.florineth/projects/Seeed-Lora-e5/Seeed-LoRa-E5_PingPong/Drivers/BSP/STM32WLxx_Nucleo" -I../SubGHz_Phy/App -I../SubGHz_Phy/Target -I../Drivers/STM32WLxx_HAL_Driver/Inc -I../Drivers/STM32WLxx_HAL_Driver/Inc/Legacy -I../Utilities/trace/adv_trace -I../Utilities/misc -I../Utilities/sequencer -I../Utilities/timer -I../Utilities/lpm/tiny_lpm -I../Middlewares/Third_Party/SubGHz_Phy -I../Middlewares/Third_Party/SubGHz_Phy/stm32_radio_driver -I../Drivers/CMSIS/Device/ST/STM32WLxx/Include -I../Drivers/CMSIS/Include -O0 -ffunction-sections -fdata-sections -Wall -fstack-usage -fcyclomatic-complexity -MMD -MP -MF"Core/Src/subghz.d" -MT"Core/Src/subghz.o" --specs=nano.specs -mfloat-abi=soft -mthumb -o "Core/Src/subghz.o"
arm-none-eabi-gcc "../Core/Src/sys_app.c" -mcpu=cortex-m4 -std=gnu11 -g3 -DDEBUG -DCORE_CM4 -DUSE_HAL_DRIVER -DSTM32WLE5xx -c -I../Core/Inc -I"C:/Users/johannes.florineth/projects/Seeed-Lora-e5/Seeed-LoRa-E5_PingPong/Drivers/BSP/STM32WLxx_Nucleo" -I../SubGHz_Phy/App -I../SubGHz_Phy/Target -I../Drivers/STM32WLxx_HAL_Driver/Inc -I../Drivers/STM32WLxx_HAL_Driver/Inc/Legacy -I../Utilities/trace/adv_trace -I../Utilities/misc -I../Utilities/sequencer -I../Utilities/timer -I../Utilities/lpm/tiny_lpm -I../Middlewares/Third_Party/SubGHz_Phy -I../Middlewares/Third_Party/SubGHz_Phy/stm32_radio_driver -I../Drivers/CMSIS/Device/ST/STM32WLxx/Include -I../Drivers/CMSIS/Include -O0 -ffunction-sections -fdata-sections -Wall -fstack-usage -fcyclomatic-complexity -MMD -MP -MF"Core/Src/sys_app.d" -MT"Core/Src/sys_app.o" --specs=nano.specs -mfloat-abi=soft -mthumb -o "Core/Src/sys_app.o"
arm-none-eabi-gcc "../Core/Src/sys_debug.c" -mcpu=cortex-m4 -std=gnu11 -g3 -DDEBUG -DCORE_CM4 -DUSE_HAL_DRIVER -DSTM32WLE5xx -c -I../Core/Inc -I"C:/Users/johannes.florineth/projects/Seeed-Lora-e5/Seeed-LoRa-E5_PingPong/Drivers/BSP/STM32WLxx_Nucleo" -I../SubGHz_Phy/App -I../SubGHz_Phy/Target -I../Drivers/STM32WLxx_HAL_Driver/Inc -I../Drivers/STM32WLxx_HAL_Driver/Inc/Legacy -I../Utilities/trace/adv_trace -I../Utilities/misc -I../Utilities/sequencer -I../Utilities/timer -I../Utilities/lpm/tiny_lpm -I../Middlewares/Third_Party/SubGHz_Phy -I../Middlewares/Third_Party/SubGHz_Phy/stm32_radio_driver -I../Drivers/CMSIS/Device/ST/STM32WLxx/Include -I../Drivers/CMSIS/Include -O0 -ffunction-sections -fdata-sections -Wall -fstack-usage -fcyclomatic-complexity -MMD -MP -MF"Core/Src/sys_debug.d" -MT"Core/Src/sys_debug.o" --specs=nano.specs -mfloat-abi=soft -mthumb -o "Core/Src/sys_debug.o"
arm-none-eabi-gcc "../Core/Src/syscalls.c" -mcpu=cortex-m4 -std=gnu11 -g3 -DDEBUG -DCORE_CM4 -DUSE_HAL_DRIVER -DSTM32WLE5xx -c -I../Core/Inc -I"C:/Users/johannes.florineth/projects/Seeed-Lora-e5/Seeed-LoRa-E5_PingPong/Drivers/BSP/STM32WLxx_Nucleo" -I../SubGHz_Phy/App -I../SubGHz_Phy/Target -I../Drivers/STM32WLxx_HAL_Driver/Inc -I../Drivers/STM32WLxx_HAL_Driver/Inc/Legacy -I../Utilities/trace/adv_trace -I../Utilities/misc -I../Utilities/sequencer -I../Utilities/timer -I../Utilities/lpm/tiny_lpm -I../Middlewares/Third_Party/SubGHz_Phy -I../Middlewares/Third_Party/SubGHz_Phy/stm32_radio_driver -I../Drivers/CMSIS/Device/ST/STM32WLxx/Include -I../Drivers/CMSIS/Include -O0 -ffunction-sections -fdata-sections -Wall -fstack-usage -fcyclomatic-complexity -MMD -MP -MF"Core/Src/syscalls.d" -MT"Core/Src/syscalls.o" --specs=nano.specs -mfloat-abi=soft -mthumb -o "Core/Src/syscalls.o"
arm-none-eabi-gcc "../Core/Src/sysmem.c" -mcpu=cortex-m4 -std=gnu11 -g3 -DDEBUG -DCORE_CM4 -DUSE_HAL_DRIVER -DSTM32WLE5xx -c -I../Core/Inc -I"C:/Users/johannes.florineth/projects/Seeed-Lora-e5/Seeed-LoRa-E5_PingPong/Drivers/BSP/STM32WLxx_Nucleo" -I../SubGHz_Phy/App -I../SubGHz_Phy/Target -I../Drivers/STM32WLxx_HAL_Driver/Inc -I../Drivers/STM32WLxx_HAL_Driver/Inc/Legacy -I../Utilities/trace/adv_trace -I../Utilities/misc -I../Utilities/sequencer -I../Utilities/timer -I../Utilities/lpm/tiny_lpm -I../Middlewares/Third_Party/SubGHz_Phy -I../Middlewares/Third_Party/SubGHz_Phy/stm32_radio_driver -I../Drivers/CMSIS/Device/ST/STM32WLxx/Include -I../Drivers/CMSIS/Include -O0 -ffunction-sections -fdata-sections -Wall -fstack-usage -fcyclomatic-complexity -MMD -MP -MF"Core/Src/sysmem.d" -MT"Core/Src/sysmem.o" --specs=nano.specs -mfloat-abi=soft -mthumb -o "Core/Src/sysmem.o"
arm-none-eabi-gcc "../Core/Src/system_stm32wlxx.c" -mcpu=cortex-m4 -std=gnu11 -g3 -DDEBUG -DCORE_CM4 -DUSE_HAL_DRIVER -DSTM32WLE5xx -c -I../Core/Inc -I"C:/Users/johannes.florineth/projects/Seeed-Lora-e5/Seeed-LoRa-E5_PingPong/Drivers/BSP/STM32WLxx_Nucleo" -I../SubGHz_Phy/App -I../SubGHz_Phy/Target -I../Drivers/STM32WLxx_HAL_Driver/Inc -I../Drivers/STM32WLxx_HAL_Driver/Inc/Legacy -I../Utilities/trace/adv_trace -I../Utilities/misc -I../Utilities/sequencer -I../Utilities/timer -I../Utilities/lpm/tiny_lpm -I../Middlewares/Third_Party/SubGHz_Phy -I../Middlewares/Third_Party/SubGHz_Phy/stm32_radio_driver -I../Drivers/CMSIS/Device/ST/STM32WLxx/Include -I../Drivers/CMSIS/Include -O0 -ffunction-sections -fdata-sections -Wall -fstack-usage -fcyclomatic-complexity -MMD -MP -MF"Core/Src/system_stm32wlxx.d" -MT"Core/Src/system_stm32wlxx.o" --specs=nano.specs -mfloat-abi=soft -mthumb -o "Core/Src/system_stm32wlxx.o"
arm-none-eabi-gcc "../Core/Src/timer_if.c" -mcpu=cortex-m4 -std=gnu11 -g3 -DDEBUG -DCORE_CM4 -DUSE_HAL_DRIVER -DSTM32WLE5xx -c -I../Core/Inc -I"C:/Users/johannes.florineth/projects/Seeed-Lora-e5/Seeed-LoRa-E5_PingPong/Drivers/BSP/STM32WLxx_Nucleo" -I../SubGHz_Phy/App -I../SubGHz_Phy/Target -I../Drivers/STM32WLxx_HAL_Driver/Inc -I../Drivers/STM32WLxx_HAL_Driver/Inc/Legacy -I../Utilities/trace/adv_trace -I../Utilities/misc -I../Utilities/sequencer -I../Utilities/timer -I../Utilities/lpm/tiny_lpm -I../Middlewares/Third_Party/SubGHz_Phy -I../Middlewares/Third_Party/SubGHz_Phy/stm32_radio_driver -I../Drivers/CMSIS/Device/ST/STM32WLxx/Include -I../Drivers/CMSIS/Include -O0 -ffunction-sections -fdata-sections -Wall -fstack-usage -fcyclomatic-complexity -MMD -MP -MF"Core/Src/timer_if.d" -MT"Core/Src/timer_if.o" --specs=nano.specs -mfloat-abi=soft -mthumb -o "Core/Src/timer_if.o"
arm-none-eabi-gcc "../Core/Src/usart.c" -mcpu=cortex-m4 -std=gnu11 -g3 -DDEBUG -DCORE_CM4 -DUSE_HAL_DRIVER -DSTM32WLE5xx -c -I../Core/Inc -I"C:/Users/johannes.florineth/projects/Seeed-Lora-e5/Seeed-LoRa-E5_PingPong/Drivers/BSP/STM32WLxx_Nucleo" -I../SubGHz_Phy/App -I../SubGHz_Phy/Target -I../Drivers/STM32WLxx_HAL_Driver/Inc -I../Drivers/STM32WLxx_HAL_Driver/Inc/Legacy -I../Utilities/trace/adv_trace -I../Utilities/misc -I../Utilities/sequencer -I../Utilities/timer -I../Utilities/lpm/tiny_lpm -I../Middlewares/Third_Party/SubGHz_Phy -I../Middlewares/Third_Party/SubGHz_Phy/stm32_radio_driver -I../Drivers/CMSIS/Device/ST/STM32WLxx/Include -I../Drivers/CMSIS/Include -O0 -ffunction-sections -fdata-sections -Wall -fstack-usage -fcyclomatic-complexity -MMD -MP -MF"Core/Src/usart.d" -MT"Core/Src/usart.o" --specs=nano.specs -mfloat-abi=soft -mthumb -o "Core/Src/usart.o"
arm-none-eabi-gcc "../Core/Src/usart_if.c" -mcpu=cortex-m4 -std=gnu11 -g3 -DDEBUG -DCORE_CM4 -DUSE_HAL_DRIVER -DSTM32WLE5xx -c -I../Core/Inc -I"C:/Users/johannes.florineth/projects/Seeed-Lora-e5/Seeed-LoRa-E5_PingPong/Drivers/BSP/STM32WLxx_Nucleo" -I../SubGHz_Phy/App -I../SubGHz_Phy/Target -I../Drivers/STM32WLxx_HAL_Driver/Inc -I../Drivers/STM32WLxx_HAL_Driver/Inc/Legacy -I../Utilities/trace/adv_trace -I../Utilities/misc -I../Utilities/sequencer -I../Utilities/timer -I../Utilities/lpm/tiny_lpm -I../Middlewares/Third_Party/SubGHz_Phy -I../Middlewares/Third_Party/SubGHz_Phy/stm32_radio_driver -I../Drivers/CMSIS/Device/ST/STM32WLxx/Include -I../Drivers/CMSIS/Include -O0 -ffunction-sections -fdata-sections -Wall -fstack-usage -fcyclomatic-complexity -MMD -MP -MF"Core/Src/usart_if.d" -MT"Core/Src/usart_if.o" --specs=nano.specs -mfloat-abi=soft -mthumb -o "Core/Src/usart_if.o"
arm-none-eabi-gcc -o "Seeed-LoRa-E5_PingPong.elf" @"objects.list"   -mcpu=cortex-m4 -T"C:\Users\johannes.florineth\projects\Seeed-Lora-e5\Seeed-LoRa-E5_PingPong\STM32WLE5JCIX_FLASH.ld" --specs=nosys.specs -Wl,-Map="Seeed-LoRa-E5_PingPong.map" -Wl,--gc-sections -static --specs=nano.specs -mfloat-abi=soft -mthumb -Wl,--start-group -lc -lm -Wl,--end-group
Finished building target: Seeed-LoRa-E5_PingPong.elf
 
arm-none-eabi-size   Seeed-LoRa-E5_PingPong.elf 
arm-none-eabi-objdump -h -S  Seeed-LoRa-E5_PingPong.elf  > "Seeed-LoRa-E5_PingPong.list"
arm-none-eabi-objcopy  -O ihex  Seeed-LoRa-E5_PingPong.elf  "Seeed-LoRa-E5_PingPong.hex"
   text	   data	    bss	    dec	    hex	filename
  49880	     36	   3436	  53352	   d068	Seeed-LoRa-E5_PingPong.elf
Finished building: default.size.stdout
 
Finished building: Seeed-LoRa-E5_PingPong.hex
 
Finished building: Seeed-LoRa-E5_PingPong.list
 
